[ +697 ms] Artifact Instance of 'MaterialFonts' is not required, skipping update.
[   +2 ms] Artifact Instance of 'GradleWrapper' is not required, skipping update.
[        ] Artifact Instance of 'AndroidGenSnapshotArtifacts' is not required, skipping update.
[        ] Artifact Instance of 'AndroidInternalBuildArtifacts' is not required, skipping update.
[        ] Artifact Instance of 'IOSEngineArtifacts' is not required, skipping update.
[        ] Artifact Instance of 'FlutterWebSdk' is not required, skipping update.
[   +1 ms] Artifact Instance of 'LegacyCanvasKitRemover' is not required, skipping update.
[        ] Artifact Instance of 'FlutterSdk' is not required, skipping update.
[        ] Artifact Instance of 'WindowsEngineArtifacts' is not required, skipping update.
[        ] Artifact Instance of 'MacOSEngineArtifacts' is not required, skipping update.
[        ] Artifact Instance of 'LinuxEngineArtifacts' is not required, skipping update.
[        ] Artifact Instance of 'LinuxFuchsiaSDKArtifacts' is not required, skipping update.
[        ] Artifact Instance of 'MacOSFuchsiaSDKArtifacts' is not required, skipping update.
[        ] Artifact Instance of 'FlutterRunnerSDKArtifacts' is not required, skipping update.
[        ] Artifact Instance of 'FlutterRunnerDebugSymbols' is not required, skipping update.
[        ] Artifact Instance of 'IosUsbArtifacts' is not required, skipping update.
[        ] Artifact Instance of 'IosUsbArtifacts' is not required, skipping update.
[        ] Artifact Instance of 'IosUsbArtifacts' is not required, skipping update.
[        ] Artifact Instance of 'IosUsbArtifacts' is not required, skipping update.
[        ] Artifact Instance of 'IosUsbArtifacts' is not required, skipping update.
[        ] Artifact Instance of 'IosUsbArtifacts' is not required, skipping update.
[        ] Artifact Instance of 'FontSubsetArtifacts' is not required, skipping update.
[        ] Artifact Instance of 'PubDependencies' is not required, skipping update.
[   +1 ms] executing: [D:\flutter\flutter_windows_3.38.0-stable\flutter/] git -c log.showSignature=false log HEAD -n 1 --pretty=format:%ad --date=iso
[ +118 ms] Exit code 0 from: git -c log.showSignature=false log HEAD -n 1 --pretty=format:%ad --date=iso
[        ] 2025-11-11 15:00:09 -0600
[  +19 ms] Artifact Instance of 'AndroidGenSnapshotArtifacts' is not required, skipping update.
[        ] Artifact Instance of 'AndroidInternalBuildArtifacts' is not required, skipping update.
[        ] Artifact Instance of 'IOSEngineArtifacts' is not required, skipping update.
[        ] Artifact Instance of 'FlutterWebSdk' is not required, skipping update.
[        ] Artifact Instance of 'FlutterEngineStamp' is not required, skipping update.
[        ] Artifact Instance of 'LegacyCanvasKitRemover' is not required, skipping update.
[   +3 ms] Artifact Instance of 'WindowsEngineArtifacts' is not required, skipping update.
[        ] Artifact Instance of 'MacOSEngineArtifacts' is not required, skipping update.
[        ] Artifact Instance of 'LinuxEngineArtifacts' is not required, skipping update.
[        ] Artifact Instance of 'LinuxFuchsiaSDKArtifacts' is not required, skipping update.
[        ] Artifact Instance of 'MacOSFuchsiaSDKArtifacts' is not required, skipping update.
[        ] Artifact Instance of 'FlutterRunnerSDKArtifacts' is not required, skipping update.
[        ] Artifact Instance of 'FlutterRunnerDebugSymbols' is not required, skipping update.
[  +96 ms] Artifact Instance of 'MaterialFonts' is not required, skipping update.
[        ] Artifact Instance of 'GradleWrapper' is not required, skipping update.
[   +3 ms] Artifact Instance of 'AndroidInternalBuildArtifacts' is not required, skipping update.
[        ] Artifact Instance of 'IOSEngineArtifacts' is not required, skipping update.
[        ] Artifact Instance of 'FlutterWebSdk' is not required, skipping update.
[        ] Artifact Instance of 'FlutterEngineStamp' is not required, skipping update.
[        ] Artifact Instance of 'LegacyCanvasKitRemover' is not required, skipping update.
[        ] Artifact Instance of 'FlutterSdk' is not required, skipping update.
[        ] Artifact Instance of 'WindowsEngineArtifacts' is not required, skipping update.
[        ] Artifact Instance of 'MacOSEngineArtifacts' is not required, skipping update.
[        ] Artifact Instance of 'LinuxEngineArtifacts' is not required, skipping update.
[        ] Artifact Instance of 'LinuxFuchsiaSDKArtifacts' is not required, skipping update.
[        ] Artifact Instance of 'MacOSFuchsiaSDKArtifacts' is not required, skipping update.
[        ] Artifact Instance of 'FlutterRunnerSDKArtifacts' is not required, skipping update.
[        ] Artifact Instance of 'FlutterRunnerDebugSymbols' is not required, skipping update.
[        ] Artifact Instance of 'IosUsbArtifacts' is not required, skipping update.
[        ] Artifact Instance of 'IosUsbArtifacts' is not required, skipping update.
[        ] Artifact Instance of 'IosUsbArtifacts' is not required, skipping update.
[        ] Artifact Instance of 'IosUsbArtifacts' is not required, skipping update.
[        ] Artifact Instance of 'IosUsbArtifacts' is not required, skipping update.
[        ] Artifact Instance of 'IosUsbArtifacts' is not required, skipping update.
[        ] Artifact Instance of 'FontSubsetArtifacts' is not required, skipping update.
[        ] Artifact Instance of 'PubDependencies' is not required, skipping update.
[ +122 ms] Skipping pub get: version match.
[ +400 ms] Found plugin path_provider at C:\Users\HH\AppData\Local\Pub\Cache\hosted\pub.dev\path_provider-2.1.5\
[   +6 ms] Found plugin path_provider_windows at C:\Users\HH\AppData\Local\Pub\Cache\hosted\pub.dev\path_provider_windows-2.3.0\
[  +12 ms] Found plugin path_provider_linux at C:\Users\HH\AppData\Local\Pub\Cache\hosted\pub.dev\path_provider_linux-2.2.1\
[   +5 ms] Found plugin path_provider_foundation at C:\Users\HH\AppData\Local\Pub\Cache\hosted\pub.dev\path_provider_foundation-2.5.1\
[   +5 ms] Found plugin path_provider_android at C:\Users\HH\AppData\Local\Pub\Cache\hosted\pub.dev\path_provider_android-2.2.22\
[  +25 ms] Found plugin firebase_storage at C:\Users\HH\AppData\Local\Pub\Cache\hosted\pub.dev\firebase_storage-13.0.6\
[   +4 ms] Found plugin firebase_storage_web at C:\Users\HH\AppData\Local\Pub\Cache\hosted\pub.dev\firebase_storage_web-3.11.2\
[  +12 ms] Found plugin firebase_core at C:\Users\HH\AppData\Local\Pub\Cache\hosted\pub.dev\firebase_core-4.4.0\
[   +3 ms] Found plugin firebase_core_web at C:\Users\HH\AppData\Local\Pub\Cache\hosted\pub.dev\firebase_core_web-3.4.0\
[  +11 ms] Found plugin firebase_auth at C:\Users\HH\AppData\Local\Pub\Cache\hosted\pub.dev\firebase_auth-6.1.4\
[   +3 ms] Found plugin firebase_auth_web at C:\Users\HH\AppData\Local\Pub\Cache\hosted\pub.dev\firebase_auth_web-6.1.2\
[   +6 ms] Found plugin file_picker at C:\Users\HH\AppData\Local\Pub\Cache\hosted\pub.dev\file_picker-10.3.10\
[   +9 ms] Found plugin flutter_plugin_android_lifecycle at C:\Users\HH\AppData\Local\Pub\Cache\hosted\pub.dev\flutter_plugin_android_lifecycle-2.0.33\
[  +12 ms] Found plugin cloud_firestore at C:\Users\HH\AppData\Local\Pub\Cache\hosted\pub.dev\cloud_firestore-6.1.2\
[   +5 ms] Found plugin cloud_firestore_web at C:\Users\HH\AppData\Local\Pub\Cache\hosted\pub.dev\cloud_firestore_web-5.1.2\
[  +15 ms] Found plugin sqflite at C:\Users\HH\AppData\Local\Pub\Cache\hosted\pub.dev\sqflite-2.4.2\
[  +11 ms] Found plugin sqflite_darwin at C:\Users\HH\AppData\Local\Pub\Cache\hosted\pub.dev\sqflite_darwin-2.4.2\
[   +2 ms] Found plugin sqflite_android at C:\Users\HH\AppData\Local\Pub\Cache\hosted\pub.dev\sqflite_android-2.4.2+2\
[ +174 ms] Found plugin path_provider at C:\Users\HH\AppData\Local\Pub\Cache\hosted\pub.dev\path_provider-2.1.5\
[   +1 ms] Found plugin path_provider_windows at C:\Users\HH\AppData\Local\Pub\Cache\hosted\pub.dev\path_provider_windows-2.3.0\
[   +5 ms] Found plugin path_provider_linux at C:\Users\HH\AppData\Local\Pub\Cache\hosted\pub.dev\path_provider_linux-2.2.1\
[   +3 ms] Found plugin path_provider_foundation at C:\Users\HH\AppData\Local\Pub\Cache\hosted\pub.dev\path_provider_foundation-2.5.1\
[   +2 ms] Found plugin path_provider_android at C:\Users\HH\AppData\Local\Pub\Cache\hosted\pub.dev\path_provider_android-2.2.22\
[  +11 ms] Found plugin firebase_storage at C:\Users\HH\AppData\Local\Pub\Cache\hosted\pub.dev\firebase_storage-13.0.6\
[   +1 ms] Found plugin firebase_storage_web at C:\Users\HH\AppData\Local\Pub\Cache\hosted\pub.dev\firebase_storage_web-3.11.2\
[   +4 ms] Found plugin firebase_core at C:\Users\HH\AppData\Local\Pub\Cache\hosted\pub.dev\firebase_core-4.4.0\
[   +2 ms] Found plugin firebase_core_web at C:\Users\HH\AppData\Local\Pub\Cache\hosted\pub.dev\firebase_core_web-3.4.0\
[   +4 ms] Found plugin firebase_auth at C:\Users\HH\AppData\Local\Pub\Cache\hosted\pub.dev\firebase_auth-6.1.4\
[   +1 ms] Found plugin firebase_auth_web at C:\Users\HH\AppData\Local\Pub\Cache\hosted\pub.dev\firebase_auth_web-6.1.2\
[   +3 ms] Found plugin file_picker at C:\Users\HH\AppData\Local\Pub\Cache\hosted\pub.dev\file_picker-10.3.10\
[   +3 ms] Found plugin flutter_plugin_android_lifecycle at C:\Users\HH\AppData\Local\Pub\Cache\hosted\pub.dev\flutter_plugin_android_lifecycle-2.0.33\
[   +4 ms] Found plugin cloud_firestore at C:\Users\HH\AppData\Local\Pub\Cache\hosted\pub.dev\cloud_firestore-6.1.2\
[   +2 ms] Found plugin cloud_firestore_web at C:\Users\HH\AppData\Local\Pub\Cache\hosted\pub.dev\cloud_firestore_web-5.1.2\
[   +6 ms] Found plugin sqflite at C:\Users\HH\AppData\Local\Pub\Cache\hosted\pub.dev\sqflite-2.4.2\
[   +6 ms] Found plugin sqflite_darwin at C:\Users\HH\AppData\Local\Pub\Cache\hosted\pub.dev\sqflite_darwin-2.4.2\
[   +1 ms] Found plugin sqflite_android at C:\Users\HH\AppData\Local\Pub\Cache\hosted\pub.dev\sqflite_android-2.4.2+2\
[  +18 ms] Skipping generating web_plugin_registrant.dart because it is up-to-date.
[ +107 ms] Found plugin path_provider at C:\Users\HH\AppData\Local\Pub\Cache\hosted\pub.dev\path_provider-2.1.5\
[   +1 ms] Found plugin path_provider_windows at C:\Users\HH\AppData\Local\Pub\Cache\hosted\pub.dev\path_provider_windows-2.3.0\
[   +4 ms] Found plugin path_provider_linux at C:\Users\HH\AppData\Local\Pub\Cache\hosted\pub.dev\path_provider_linux-2.2.1\
[   +3 ms] Found plugin path_provider_foundation at C:\Users\HH\AppData\Local\Pub\Cache\hosted\pub.dev\path_provider_foundation-2.5.1\
[   +2 ms] Found plugin path_provider_android at C:\Users\HH\AppData\Local\Pub\Cache\hosted\pub.dev\path_provider_android-2.2.22\
[  +10 ms] Found plugin firebase_storage at C:\Users\HH\AppData\Local\Pub\Cache\hosted\pub.dev\firebase_storage-13.0.6\
[   +1 ms] Found plugin firebase_storage_web at C:\Users\HH\AppData\Local\Pub\Cache\hosted\pub.dev\firebase_storage_web-3.11.2\
[   +3 ms] Found plugin firebase_core at C:\Users\HH\AppData\Local\Pub\Cache\hosted\pub.dev\firebase_core-4.4.0\
[   +1 ms] Found plugin firebase_core_web at C:\Users\HH\AppData\Local\Pub\Cache\hosted\pub.dev\firebase_core_web-3.4.0\
[   +3 ms] Found plugin firebase_auth at C:\Users\HH\AppData\Local\Pub\Cache\hosted\pub.dev\firebase_auth-6.1.4\
[   +1 ms] Found plugin firebase_auth_web at C:\Users\HH\AppData\Local\Pub\Cache\hosted\pub.dev\firebase_auth_web-6.1.2\
[   +3 ms] Found plugin file_picker at C:\Users\HH\AppData\Local\Pub\Cache\hosted\pub.dev\file_picker-10.3.10\
[   +3 ms] Found plugin flutter_plugin_android_lifecycle at C:\Users\HH\AppData\Local\Pub\Cache\hosted\pub.dev\flutter_plugin_android_lifecycle-2.0.33\
[   +3 ms] Found plugin cloud_firestore at C:\Users\HH\AppData\Local\Pub\Cache\hosted\pub.dev\cloud_firestore-6.1.2\
[   +1 ms] Found plugin cloud_firestore_web at C:\Users\HH\AppData\Local\Pub\Cache\hosted\pub.dev\cloud_firestore_web-5.1.2\
[   +6 ms] Found plugin sqflite at C:\Users\HH\AppData\Local\Pub\Cache\hosted\pub.dev\sqflite-2.4.2\
[   +6 ms] Found plugin sqflite_darwin at C:\Users\HH\AppData\Local\Pub\Cache\hosted\pub.dev\sqflite_darwin-2.4.2\
[   +1 ms] Found plugin sqflite_android at C:\Users\HH\AppData\Local\Pub\Cache\hosted\pub.dev\sqflite_android-2.4.2+2\
[  +16 ms] Generating D:\Project\smart-exit-app\android\app\src\main\java\io\flutter\plugins\GeneratedPluginRegistrant.java
[   +2 ms] Skipping generating GeneratedPluginRegistrant.java because it is up-to-date.
[   +5 ms] Skipping generating generated_plugin_registrant.h because it is up-to-date.
[   +2 ms] Skipping generating generated_plugin_registrant.cc because it is up-to-date.
[   +2 ms] Skipping generating generated_plugins.cmake because it is up-to-date.
[   +4 ms] Skipping generating generated_plugin_registrant.h because it is up-to-date.
[   +2 ms] Skipping generating generated_plugin_registrant.cc because it is up-to-date.
[   +2 ms] Skipping generating generated_plugins.cmake because it is up-to-date.
[   +3 ms] Skipping generating GeneratedPluginRegistrant.h because it is up-to-date.
[   +2 ms] Skipping generating GeneratedPluginRegistrant.m because it is up-to-date.
[   +2 ms] Skipping generating GeneratedPluginRegistrant.swift because it is up-to-date.
[ +173 ms] Top-level Gradle build file not found, skipping migration of task "clean".
[        ] Android Studio version could not be detected, skipping Gradle-Java version compatibility check.
[  +19 ms] CMake project not found, skipping support Android 15 16k page size migration.
[   +9 ms] Using gradle from D:\Project\smart-exit-app\android\gradlew.bat.
[  +17 ms] LocalFile: 'D:\Project\smart-exit-app\android\build.gradle.kts' doesn't provide an AGP version. Checking settings.
[   +2 ms] LocalFile: 'D:\Project\smart-exit-app\android\settings.gradle.kts' provides AGP version: 8.11.1
[   +7 ms] Running Gradle task 'assembleDebug'...
[   +2 ms] executing: [D:\Project\smart-exit-app\android/] D:\Project\smart-exit-app\android\gradlew.bat --full-stacktrace --info -Pverbose=true -Ptarget-platform=android-arm,android-arm64,android-x64 -Ptarget=lib\main.dart -Pbase-application-name=android.app.Application -Pdart-defines=RkxVVFRFUl9WRVJTSU9OPTMuMzguMA==,RkxVVFRFUl9DSEFOTkVMPXN0YWJsZQ==,RkxVVFRFUl9HSVRfVVJMPWh0dHBzOi8vZ2l0aHViLmNvbS9mbHV0dGVyL2ZsdXR0ZXIuZ2l0,RkxVVFRFUl9GUkFNRVdPUktfUkVWSVNJT049YTBlOWI5ZGJmNw==,RkxVVFRFUl9FTkdJTkVfUkVWSVNJT049Y2I0NjdlMzFhNQ==,RkxVVFRFUl9EQVJUX1ZFUlNJT049My4xMC4wIChidWlsZCAzLjEwLjAtMjkwLjQuYmV0YSk= -Pdart-obfuscation=false -Ptrack-widget-creation=true -Ptree-shake-icons=false assembleDebug
[+1695 ms] Initialized native services in: C:\Users\HH\.gradle\native
[   +1 ms] Initialized jansi services in: C:\Users\HH\.gradle\native
[ +144 ms] Welcome to Gradle 8.14!
[        ] Here are the highlights of this release:
[        ]  - Java 24 support
[        ]  - GraalVM Native Image toolchain selection
[        ]  - Enhancements to test reporting
[        ]  - Build Authoring improvements
[        ] For more details see https://docs.gradle.org/8.14/release-notes.html
[ +507 ms] Found daemon DaemonInfo{pid=5076, address=[b848ec6f-5ee4-4957-bda0-b78e1b209faa port:49787, addresses:[/127.0.0.1]], state=Idle, lastBusy=1769672764188, context=DefaultDaemonContext[uid=28c3afa4-36d7-42d5-97be-2948b785d70b,javaHome=C:\Program Files\Java\jdk-21,javaVersion=21,javaVendor=Oracle Corporation,daemonRegistryDir=C:\Users\HH\.gradle\daemon,pid=5076,idleTimeout=10800000,priority=NORMAL,applyInstrumentationAgent=true,nativeServicesMode=ENABLED,daemonOpts=-XX:MaxMetaspaceSize=4G,-XX:ReservedCodeCacheSize=512m,-XX:+HeapDumpOnOutOfMemoryError,-Xmx8G,-Dfile.encoding=UTF-8,-Duser.country=US,-Duser.language=en,-Duser.variant]} however its context does not match the desired criteria.
[        ] At least one daemon option is different.
[        ] Wanted: DaemonRequestContext{jvmCriteria=C:\Program Files\Java\jdk-21 (no JDK specified, using current Java home), daemonOpts=[-XX:MaxMetaspaceSize=512m, -XX:ReservedCodeCacheSize=256m, -XX:+HeapDumpOnOutOfMemoryError, -Xmx2G, -Dfile.encoding=UTF-8, -Duser.country=US, -Duser.language=en, -Duser.variant], applyInstrumentationAgent=true, nativeServicesMode=ENABLED, priority=NORMAL}
[        ] Actual: DefaultDaemonContext[uid=28c3afa4-36d7-42d5-97be-2948b785d70b,javaHome=C:\Program Files\Java\jdk-21,javaVersion=21,javaVendor=Oracle Corporation,daemonRegistryDir=C:\Users\HH\.gradle\daemon,pid=5076,idleTimeout=10800000,priority=NORMAL,applyInstrumentationAgent=true,nativeServicesMode=ENABLED,daemonOpts=-XX:MaxMetaspaceSize=4G,-XX:ReservedCodeCacheSize=512m,-XX:+HeapDumpOnOutOfMemoryError,-Xmx8G,-Dfile.encoding=UTF-8,-Duser.country=US,-Duser.language=en,-Duser.variant]
[        ]   Looking for a different daemon...
[ +200 ms] The client will now receive all logging from the daemon (pid: 12088). The daemon log file: C:\Users\HH\.gradle\daemon\8.14\daemon-12088.out.log
[        ] Starting 2nd build in daemon [uptime: 4 mins 58.42 secs, performance: 100%, GC rate: 0.00/s, heap usage: 0% of 2 GiB, non-heap usage: 24% of 512 MiB]
[        ] Using 8 worker leases.
[  +93 ms] Invalidating in-memory cache of D:\Project\smart-exit-app\android\.gradle\8.14\fileHashes\fileHashes.bin
[        ] Invalidating in-memory cache of D:\Project\smart-exit-app\android\.gradle\buildOutputCleanup\outputFiles.bin
[        ] Invalidating in-memory cache of D:\Project\smart-exit-app\android\.gradle\8.14\fileHashes\resourceHashesCache.bin
[        ] Now considering [D:\Project\smart-exit-app\android, D:\flutter\flutter_windows_3.38.0-stable\flutter\packages\flutter_tools\gradle] as hierarchies to watch
[        ] Watching the file system is configured to be enabled if available
[        ] File system watching is active
[        ] Starting Build
[  +89 ms] Now considering [D:\flutter\flutter_windows_3.38.0-stable\flutter\packages\flutter_tools\gradle, D:\Project\smart-exit-app\android] as hierarchies to watch
[ +403 ms] > Configure project :gradle
[        ] Evaluating project ':gradle' using build file 'D:\flutter\flutter_windows_3.38.0-stable\flutter\packages\flutter_tools\gradle\build.gradle.kts'.
[        ] Resolved plugin [id: 'org.gradle.java-gradle-plugin']
[        ] Resolved plugin [id: 'org.gradle.groovy']
[        ] Resolved plugin [id: 'org.gradle.kotlin.kotlin-dsl', version: '5.2.0']
[        ] Resolved plugin [id: 'org.jetbrains.kotlin.jvm', version: '1.9.20']
[        ] Using Kotlin Gradle Plugin gradle85 variant
[        ] kotlin scripting plugin: created the scripting discovery configuration: kotlinScriptDef
[        ] kotlin scripting plugin: created the scripting discovery configuration: testKotlinScriptDef
[        ] file or directory 'D:\flutter\flutter_windows_3.38.0-stable\flutter\packages\flutter_tools\gradle\src\main\java', not found
[        ] Resolved plugin [id: 'dev.flutter.flutter-plugin-loader', version: '1.0.0']
[        ] Resolved plugin [id: 'com.android.application', version: '8.11.1', apply: false]
[        ] Resolved plugin [id: 'org.jetbrains.kotlin.android', version: '2.2.20', apply: false]
[ +103 ms] Resolve mutations for :gradle:checkKotlinGradlePluginConfigurationErrors (Thread[#206,Execution worker,5,main]) started.
[   +1 ms] :gradle:checkKotlinGradlePluginConfigurationErrors (Thread[#206,Execution worker,5,main]) started.
[        ] > Task :gradle:checkKotlinGradlePluginConfigurationErrors SKIPPED
[        ] Skipping task ':gradle:checkKotlinGradlePluginConfigurationErrors' as task onlyIf 'errorDiagnostics are present' is false.
[        ] Resolve mutations for :gradle:compileKotlin (Thread[#206,Execution worker,5,main]) started.
[        ] :gradle:compileKotlin (Thread[#206,Execution worker,5,main]) started.
[  +90 ms] > Task :gradle:compileKotlin UP-TO-DATE
[        ] Caching disabled for task ':gradle:compileKotlin' because:
[        ]   Build cache is disabled
[        ] Skipping task ':gradle:compileKotlin' as it is up-to-date.
[   +1 ms] Resolve mutations for :gradle:compileJava (Thread[#206,Execution worker,5,main]) started.
[        ] :gradle:compileJava (Thread[#206,Execution worker,5,main]) started.
[        ] > Task :gradle:compileJava NO-SOURCE
[        ] Skipping task ':gradle:compileJava' as it has no source files and no previous output files.
[        ] Resolve mutations for :gradle:compileGroovy (Thread[#206,Execution worker,5,main]) started.
[        ] :gradle:compileGroovy (Thread[#206,Execution worker,5,main]) started.
[        ] > Task :gradle:compileGroovy NO-SOURCE
[        ] Skipping task ':gradle:compileGroovy' as it has no source files and no previous output files.
[        ] Resolve mutations for :gradle:pluginDescriptors (Thread[#206,Execution worker,5,main]) started.
[        ] :gradle:pluginDescriptors (Thread[#206,Execution worker,5,main]) started.
[        ] > Task :gradle:pluginDescriptors UP-TO-DATE
[        ] Caching disabled for task ':gradle:pluginDescriptors' because:
[        ]   Build cache is disabled
[        ]   Not worth caching
[        ] Skipping task ':gradle:pluginDescriptors' as it is up-to-date.
[        ] Resolve mutations for :gradle:processResources (Thread[#206,Execution worker,5,main]) started.
[        ] :gradle:processResources (Thread[#206,Execution worker,5,main]) started.
[  +84 ms] > Task :gradle:processResources UP-TO-DATE
[        ] Caching disabled for task ':gradle:processResources' because:
[        ]   Build cache is disabled
[        ]   Not worth caching
[        ] Skipping task ':gradle:processResources' as it is up-to-date.
[        ] Resolve mutations for :gradle:classes (Thread[#206,Execution worker,5,main]) started.
[        ] :gradle:classes (Thread[#206,Execution worker,5,main]) started.
[        ] > Task :gradle:classes UP-TO-DATE
[        ] Skipping task ':gradle:classes' as it has no actions.
[        ] Resolve mutations for :gradle:jar (Thread[#206,Execution worker,5,main]) started.
[        ] :gradle:jar (Thread[#206,Execution worker,5,main]) started.
[        ] > Task :gradle:jar UP-TO-DATE
[        ] Caching disabled for task ':gradle:jar' because:
[        ]   Build cache is disabled
[        ]   Not worth caching
[        ] Skipping task ':gradle:jar' as it is up-to-date.
[ +396 ms] Settings evaluated using settings file 'D:\Project\smart-exit-app\android\settings.gradle.kts'.
[ +108 ms] Projects loaded. Root project using build file 'D:\Project\smart-exit-app\android\build.gradle.kts'.
[        ] Included projects: [root project 'android', project ':app', project ':cloud_firestore', project ':file_picker', project ':firebase_auth', project ':firebase_core', project ':firebase_storage', project ':flutter_plugin_android_lifecycle', project ':path_provider_android', project ':sqflite_android']
[ +698 ms] > Configure project :app
[        ] Evaluating project ':app' using build file 'D:\Project\smart-exit-app\android\app\build.gradle.kts'.
[        ] Resolved plugin [id: 'com.android.application']
[        ] Resolved plugin [id: 'kotlin-android']
[        ] Resolved plugin [id: 'dev.flutter.flutter-gradle-plugin']
[        ] Resolved plugin [id: 'com.google.gms.google-services']
[        ] Using default execution profile
[        ] Build ac794b12-0a02-4b3e-90b0-0da567b2d5d7 is started
[        ] Using Kotlin Gradle Plugin gradle813 variant
[        ] C/C++: android.ndkVersion from module build.gradle is [28.2.13676358]
[        ] C/C++: android.ndkPath from module build.gradle is not set
[        ] C/C++: ndk.dir in local.properties is not set
[        ] C/C++: Not considering ANDROID_NDK_HOME because support was removed after deprecation period.
[        ] C/C++: sdkFolder is C:\Android\Sdk
[        ] C/C++: android.ndkVersion from module build.gradle is [28.2.13676358]
[        ] C/C++: android.ndkPath from module build.gradle is not set
[        ] C/C++: ndk.dir in local.properties is not set
[        ] C/C++: Not considering ANDROID_NDK_HOME because support was removed after deprecation period.
[        ] C/C++: sdkFolder is C:\Android\Sdk
[        ] C/C++: android.ndkVersion from module build.gradle is [28.2.13676358]
[        ] C/C++: android.ndkPath from module build.gradle is not set
[        ] C/C++: ndk.dir in local.properties is not set
[        ] C/C++: Not considering ANDROID_NDK_HOME because support was removed after deprecation period.
[        ] C/C++: sdkFolder is C:\Android\Sdk
[        ] C/C++: android.ndkVersion from module build.gradle is [28.2.13676358]
[        ] C/C++: android.ndkPath from module build.gradle is not set
[        ] C/C++: ndk.dir in local.properties is not set
[        ] C/C++: Not considering ANDROID_NDK_HOME because support was removed after deprecation period.
[        ] C/C++: sdkFolder is C:\Android\Sdk
[        ] C/C++: android.ndkVersion from module build.gradle is [28.2.13676358]
[        ] C/C++: android.ndkPath from module build.gradle is not set
[        ] C/C++: ndk.dir in local.properties is not set
[        ] C/C++: Not considering ANDROID_NDK_HOME because support was removed after deprecation period.
[        ] C/C++: sdkFolder is C:\Android\Sdk
[        ] C/C++: android.ndkVersion from module build.gradle is [28.2.13676358]
[        ] C/C++: android.ndkPath from module build.gradle is not set
[        ] C/C++: ndk.dir in local.properties is not set
[        ] C/C++: Not considering ANDROID_NDK_HOME because support was removed after deprecation period.
[        ] C/C++: sdkFolder is C:\Android\Sdk
[        ] C/C++: android.ndkVersion from module build.gradle is [28.2.13676358]
[        ] C/C++: android.ndkPath from module build.gradle is not set
[        ] C/C++: ndk.dir in local.properties is not set
[        ] C/C++: Not considering ANDROID_NDK_HOME because support was removed after deprecation period.
[        ] C/C++: sdkFolder is C:\Android\Sdk
[        ] C/C++: android.ndkVersion from module build.gradle is [28.2.13676358]
[        ] C/C++: android.ndkPath from module build.gradle is not set
[        ] C/C++: ndk.dir in local.properties is not set
[        ] C/C++: Not considering ANDROID_NDK_HOME because support was removed after deprecation period.
[        ] C/C++: sdkFolder is C:\Android\Sdk
[        ] C/C++: android.ndkVersion from module build.gradle is [28.2.13676358]
[        ] C/C++: android.ndkPath from module build.gradle is not set
[        ] C/C++: ndk.dir in local.properties is not set
[        ] C/C++: Not considering ANDROID_NDK_HOME because support was removed after deprecation period.
[        ] C/C++: sdkFolder is C:\Android\Sdk
[        ] C/C++: android.ndkVersion from module build.gradle is [28.2.13676358]
[        ] C/C++: android.ndkPath from module build.gradle is not set
[        ] C/C++: ndk.dir in local.properties is not set
[        ] C/C++: Not considering ANDROID_NDK_HOME because support was removed after deprecation period.
[        ] C/C++: sdkFolder is C:\Android\Sdk
[        ] C/C++: android.ndkVersion from module build.gradle is [28.2.13676358]
[        ] C/C++: android.ndkPath from module build.gradle is not set
[        ] C/C++: ndk.dir in local.properties is not set
[        ] C/C++: Not considering ANDROID_NDK_HOME because support was removed after deprecation period.
[        ] C/C++: sdkFolder is C:\Android\Sdk
[        ] C/C++: android.ndkVersion from module build.gradle is [28.2.13676358]
[        ] C/C++: android.ndkPath from module build.gradle is not set
[        ] C/C++: ndk.dir in local.properties is not set
[        ] C/C++: Not considering ANDROID_NDK_HOME because support was removed after deprecation period.
[        ] C/C++: sdkFolder is C:\Android\Sdk
[        ] C/C++: android.ndkVersion from module build.gradle is [28.2.13676358]
[        ] C/C++: android.ndkPath from module build.gradle is not set
[        ] C/C++: ndk.dir in local.properties is not set
[        ] C/C++: Not considering ANDROID_NDK_HOME because support was removed after deprecation period.
[        ] C/C++: sdkFolder is C:\Android\Sdk
[        ] C/C++: android.ndkVersion from module build.gradle is [28.2.13676358]
[        ] C/C++: android.ndkPath from module build.gradle is not set
[        ] C/C++: ndk.dir in local.properties is not set
[        ] C/C++: Not considering ANDROID_NDK_HOME because support was removed after deprecation period.
[        ] C/C++: sdkFolder is C:\Android\Sdk
[        ] C/C++: android.ndkVersion from module build.gradle is [28.2.13676358]
[        ] C/C++: android.ndkPath from module build.gradle is not set
[        ] C/C++: ndk.dir in local.properties is not set
[        ] C/C++: Not considering ANDROID_NDK_HOME because support was removed after deprecation period.
[        ] C/C++: sdkFolder is C:\Android\Sdk
[        ] C/C++: android.ndkVersion from module build.gradle is [28.2.13676358]
[        ] C/C++: android.ndkPath from module build.gradle is not set
[        ] C/C++: ndk.dir in local.properties is not set
[        ] C/C++: Not considering ANDROID_NDK_HOME because support was removed after deprecation period.
[  +65 ms] C/C++: sdkFolder is C:\Android\Sdk
[        ] C/C++: android.ndkVersion from module build.gradle is [28.2.13676358]
[        ] C/C++: android.ndkPath from module build.gradle is not set
[        ] C/C++: ndk.dir in local.properties is not set
[        ] C/C++: Not considering ANDROID_NDK_HOME because support was removed after deprecation period.
[        ] C/C++: sdkFolder is C:\Android\Sdk
[        ] C/C++: android.ndkVersion from module build.gradle is [28.2.13676358]
[        ] C/C++: android.ndkPath from module build.gradle is not set
[        ] C/C++: ndk.dir in local.properties is not set
[        ] C/C++: Not considering ANDROID_NDK_HOME because support was removed after deprecation period.
[        ] C/C++: sdkFolder is C:\Android\Sdk
[        ] C/C++: android.ndkVersion from module build.gradle is [28.2.13676358]
[        ] C/C++: android.ndkPath from module build.gradle is not set
[        ] C/C++: ndk.dir in local.properties is not set
[        ] C/C++: Not considering ANDROID_NDK_HOME because support was removed after deprecation period.
[        ] C/C++: sdkFolder is C:\Android\Sdk
[        ] > Configure project :
[        ] Evaluating root project 'android' using build file 'D:\Project\smart-exit-app\android\build.gradle.kts'.
[        ] Resolved plugin [id: 'com.google.gms.google-services', version: '4.4.4', apply: false]
[ +191 ms] > Configure project :cloud_firestore
[        ] Evaluating project ':cloud_firestore' using build file 'C:\Users\HH\AppData\Local\Pub\Cache\hosted\pub.dev\cloud_firestore-6.1.2\android\build.gradle'.
[        ] Using default execution profile
[ +502 ms] > Configure project :file_picker
[        ] Evaluating project ':file_picker' using build file 'C:\Users\HH\AppData\Local\Pub\Cache\hosted\pub.dev\file_picker-10.3.10\android\build.gradle'.
[        ] Using default execution profile
[        ] Using Kotlin Gradle Plugin gradle813 variant
[  +93 ms] > Configure project :firebase_auth
[   +1 ms] Evaluating project ':firebase_auth' using build file 'C:\Users\HH\AppData\Local\Pub\Cache\hosted\pub.dev\firebase_auth-6.1.4\android\build.gradle'.
[   +1 ms] Using default execution profile
[  +89 ms] > Configure project :firebase_core
[        ] Evaluating project ':firebase_core' using build file 'C:\Users\HH\AppData\Local\Pub\Cache\hosted\pub.dev\firebase_core-4.4.0\android\build.gradle'.
[        ] Using default execution profile
[ +404 ms] > Configure project :firebase_storage
[        ] Evaluating project ':firebase_storage' using build file 'C:\Users\HH\AppData\Local\Pub\Cache\hosted\pub.dev\firebase_storage-13.0.6\android\build.gradle'.
[        ] Using default execution profile
[        ] Using Kotlin Gradle Plugin gradle813 variant
[ +297 ms] > Configure project :flutter_plugin_android_lifecycle
[        ] Evaluating project ':flutter_plugin_android_lifecycle' using build file 'C:\Users\HH\AppData\Local\Pub\Cache\hosted\pub.dev\flutter_plugin_android_lifecycle-2.0.33\android\build.gradle'.
[        ] Using default execution profile
[ +108 ms] > Configure project :path_provider_android
[        ] Evaluating project ':path_provider_android' using build file 'C:\Users\HH\AppData\Local\Pub\Cache\hosted\pub.dev\path_provider_android-2.2.22\android\build.gradle'.
[        ] Using default execution profile
[  +93 ms] > Configure project :sqflite_android
[        ] Evaluating project ':sqflite_android' using build file 'C:\Users\HH\AppData\Local\Pub\Cache\hosted\pub.dev\sqflite_android-2.4.2+2\android\build.gradle'.
[        ] Using default execution profile
[        ] All projects evaluated.
[        ] Task name matched 'assembleDebug'
[        ] Selected primary task 'assembleDebug' from project :
[  +91 ms] Adding -Xuse-inline-scopes-numbers Kotlin compiler flag for task :app:compileDebugKotlin
[ +620 ms] Tasks to be executed: [task ':app:DebugMinSdkCheck', task ':app:preBuild', task ':app:preDebugBuild', task ':app:mergeDebugNativeDebugMetadata', task ':app:checkKotlinGradlePluginConfigurationErrors', task ':app:compileFlutterBuildDebug', task ':app:packJniLibsflutterBuildDebug', task ':cloud_firestore:preBuild', task ':cloud_firestore:preDebugBuild', task ':cloud_firestore:writeDebugAarMetadata', task ':file_picker:preBuild', task ':file_picker:preDebugBuild', task ':file_picker:writeDebugAarMetadata', task ':firebase_auth:preBuild', task ':firebase_auth:preDebugBuild', task ':firebase_auth:writeDebugAarMetadata', task ':firebase_core:preBuild', task ':firebase_core:preDebugBuild', task ':firebase_core:writeDebugAarMetadata', task ':firebase_storage:preBuild', task ':firebase_storage:preDebugBuild', task ':firebase_storage:writeDebugAarMetadata', task ':flutter_plugin_android_lifecycle:preBuild', task ':flutter_plugin_android_lifecycle:preDebugBuild', task ':flutter_plugin_android_lifecycle:writeDebugAarMetadata', task ':path_provider_android:preBuild', task ':path_provider_android:preDebugBuild', task ':path_provider_android:writeDebugAarMetadata', task ':sqflite_android:preBuild', task ':sqflite_android:preDebugBuild', task ':sqflite_android:writeDebugAarMetadata', task ':app:checkDebugAarMetadata', task ':app:cleanMergeDebugAssets', task ':app:mergeDebugShaders', task ':app:compileDebugShaders', task ':app:generateDebugAssets', task ':cloud_firestore:mergeDebugShaders', task ':cloud_firestore:compileDebugShaders', task ':cloud_firestore:generateDebugAssets', task ':cloud_firestore:mergeDebugAssets', task ':file_picker:mergeDebugShaders', task ':file_picker:compileDebugShaders', task ':file_picker:generateDebugAssets', task ':file_picker:mergeDebugAssets', task ':firebase_auth:mergeDebugShaders', task ':firebase_auth:compileDebugShaders', task ':firebase_auth:generateDebugAssets', task ':firebase_auth:mergeDebugAssets', task ':firebase_core:mergeDebugShaders', task ':firebase_core:compileDebugShaders', task ':firebase_core:generateDebugAssets', task ':firebase_core:mergeDebugAssets', task ':firebase_storage:mergeDebugShaders', task ':firebase_storage:compileDebugShaders', task ':firebase_storage:generateDebugAssets', task ':firebase_storage:mergeDebugAssets', task ':flutter_plugin_android_lifecycle:mergeDebugShaders', task ':flutter_plugin_android_lifecycle:compileDebugShaders', task ':flutter_plugin_android_lifecycle:generateDebugAssets', task ':flutter_plugin_android_lifecycle:mergeDebugAssets', task ':path_provider_android:mergeDebugShaders', task ':path_provider_android:compileDebugShaders', task ':path_provider_android:generateDebugAssets', task ':path_provider_android:mergeDebugAssets', task ':sqflite_android:mergeDebugShaders', task ':sqflite_android:compileDebugShaders', task ':sqflite_android:generateDebugAssets', task ':sqflite_android:mergeDebugAssets', task ':app:mergeDebugAssets', task ':app:copyFlutterAssetsDebug', task ':app:generateDebugResValues', task ':app:processDebugGoogleServices', task ':cloud_firestore:generateDebugResValues', task ':cloud_firestore:generateDebugResources', task ':cloud_firestore:packageDebugResources', task ':file_picker:generateDebugResValues', task ':file_picker:generateDebugResources', task ':file_picker:packageDebugResources', task ':firebase_auth:generateDebugResValues', task ':firebase_auth:generateDebugResources', task ':firebase_auth:packageDebugResources', task ':firebase_core:generateDebugResValues', task ':firebase_core:generateDebugResources', task ':firebase_core:packageDebugResources', task ':firebase_storage:generateDebugResValues', task ':firebase_storage:generateDebugResources', task ':firebase_storage:packageDebugResources', task ':flutter_plugin_android_lifecycle:generateDebugResValues', task ':flutter_plugin_android_lifecycle:generateDebugResources', task ':flutter_plugin_android_lifecycle:packageDebugResources', task ':path_provider_android:generateDebugResValues', task ':path_provider_android:generateDebugResources', task ':path_provider_android:packageDebugResources', task ':sqflite_android:generateDebugResValues', task ':sqflite_android:generateDebugResources', task ':sqflite_android:packageDebugResources', task ':app:mapDebugSourceSetPaths', task ':app:generateDebugResources', task ':app:mergeDebugResources', task ':app:packageDebugResources', task ':app:parseDebugLocalResources', task ':app:createDebugCompatibleScreenManifests', task ':app:extractDeepLinksDebug', task ':cloud_firestore:extractDeepLinksDebug', task ':cloud_firestore:processDebugManifest', task ':file_picker:extractDeepLinksDebug', task ':file_picker:processDebugManifest', task ':firebase_auth:extractDeepLinksDebug', task ':firebase_auth:processDebugManifest', task ':firebase_core:extractDeepLinksDebug', task ':firebase_core:processDebugManifest', task ':firebase_storage:extractDeepLinksDebug', task ':firebase_storage:processDebugManifest', task ':flutter_plugin_android_lifecycle:extractDeepLinksDebug', task ':flutter_plugin_android_lifecycle:processDebugManifest', task ':path_provider_android:extractDeepLinksDebug', task ':path_provider_android:processDebugManifest', task ':sqflite_android:extractDeepLinksDebug', task ':sqflite_android:processDebugManifest', task ':app:processDebugMainManifest', task ':app:outputDebugAppLinkSettings', task ':app:processDebugManifest', task ':app:processDebugManifestForPackage', task ':cloud_firestore:compileDebugLibraryResources', task ':cloud_firestore:parseDebugLocalResources', task ':cloud_firestore:generateDebugRFile', task ':file_picker:compileDebugLibraryResources', task ':file_picker:parseDebugLocalResources', task ':file_picker:generateDebugRFile', task ':firebase_auth:compileDebugLibraryResources', task ':firebase_auth:parseDebugLocalResources', task ':firebase_auth:generateDebugRFile', task ':firebase_core:compileDebugLibraryResources', task ':firebase_core:parseDebugLocalResources', task ':firebase_core:generateDebugRFile', task ':firebase_storage:compileDebugLibraryResources', task ':firebase_storage:parseDebugLocalResources', task ':firebase_storage:generateDebugRFile', task ':flutter_plugin_android_lifecycle:compileDebugLibraryResources', task ':flutter_plugin_android_lifecycle:parseDebugLocalResources', task ':flutter_plugin_android_lifecycle:generateDebugRFile', task ':path_provider_android:compileDebugLibraryResources', task ':path_provider_android:parseDebugLocalResources', task ':path_provider_android:generateDebugRFile', task ':sqflite_android:compileDebugLibraryResources', task ':sqflite_android:parseDebugLocalResources', task ':sqflite_android:generateDebugRFile', task ':app:processDebugResources', task ':cloud_firestore:generateDebugBuildConfig', task ':cloud_firestore:javaPreCompileDebug', task ':firebase_core:generateDebugBuildConfig', task ':firebase_core:javaPreCompileDebug', task ':firebase_core:compileDebugJavaWithJavac', task ':firebase_core:bundleLibCompileToJarDebug', task ':cloud_firestore:compileDebugJavaWithJavac', task ':cloud_firestore:bundleLibCompileToJarDebug', task ':file_picker:checkKotlinGradlePluginConfigurationErrors', task ':flutter_plugin_android_lifecycle:javaPreCompileDebug', task ':flutter_plugin_android_lifecycle:compileDebugJavaWithJavac', task ':flutter_plugin_android_lifecycle:bundleLibCompileToJarDebug', task ':file_picker:compileDebugKotlin', task ':file_picker:javaPreCompileDebug', task ':file_picker:compileDebugJavaWithJavac', task ':file_picker:bundleLibCompileToJarDebug', task ':firebase_auth:generateDebugBuildConfig', task ':firebase_auth:javaPreCompileDebug', task ':firebase_auth:compileDebugJavaWithJavac', task ':firebase_auth:bundleLibCompileToJarDebug', task ':firebase_storage:checkKotlinGradlePluginConfigurationErrors', task ':firebase_storage:generateDebugBuildConfig', task ':firebase_storage:compileDebugKotlin', task ':firebase_storage:javaPreCompileDebug', task ':firebase_storage:compileDebugJavaWithJavac', task ':firebase_storage:bundleLibCompileToJarDebug', task ':path_provider_android:javaPreCompileDebug', task ':path_provider_android:compileDebugJavaWithJavac', task ':path_provider_android:bundleLibCompileToJarDebug', task ':sqflite_android:javaPreCompileDebug', task ':sqflite_android:compileDebugJavaWithJavac', task ':sqflite_android:bundleLibCompileToJarDebug', task ':app:compileDebugKotlin', task ':app:javaPreCompileDebug', task ':app:compileDebugJavaWithJavac', task ':app:compressDebugAssets', task ':cloud_firestore:bundleLibRuntimeToJarDebug', task ':file_picker:bundleLibRuntimeToJarDebug', task ':firebase_auth:bundleLibRuntimeToJarDebug', task ':firebase_storage:bundleLibRuntimeToJarDebug', task ':firebase_core:bundleLibRuntimeToJarDebug', task ':flutter_plugin_android_lifecycle:bundleLibRuntimeToJarDebug', task ':path_provider_android:bundleLibRuntimeToJarDebug', task ':sqflite_android:bundleLibRuntimeToJarDebug', task ':app:desugarDebugFileDependencies', task ':app:dexBuilderDebug', task ':app:mergeDebugGlobalSynthetics', task ':app:processDebugJavaRes', task ':cloud_firestore:processDebugJavaRes', task ':file_picker:processDebugJavaRes', task ':firebase_auth:processDebugJavaRes', task ':firebase_core:processDebugJavaRes', task ':firebase_storage:processDebugJavaRes', task ':flutter_plugin_android_lifecycle:processDebugJavaRes', task ':path_provider_android:processDebugJavaRes', task ':sqflite_android:processDebugJavaRes', task ':app:mergeDebugJavaResource', task ':app:checkDebugDuplicateClasses', task ':app:mergeExtDexDebug', task ':cloud_firestore:bundleLibRuntimeToDirDebug', task ':file_picker:bundleLibRuntimeToDirDebug', task ':firebase_auth:bundleLibRuntimeToDirDebug', task ':firebase_storage:bundleLibRuntimeToDirDebug', task ':firebase_core:bundleLibRuntimeToDirDebug', task ':flutter_plugin_android_lifecycle:bundleLibRuntimeToDirDebug', task ':path_provider_android:bundleLibRuntimeToDirDebug', task ':sqflite_android:bundleLibRuntimeToDirDebug', task ':app:mergeLibDexDebug', task ':app:mergeProjectDexDebug', task ':app:configureCMakeDebug[arm64-v8a]', task ':app:buildCMakeDebug[arm64-v8a]', task ':app:configureCMakeDebug[armeabi-v7a]', task ':app:buildCMakeDebug[armeabi-v7a]', task ':app:configureCMakeDebug[x86_64]', task ':app:buildCMakeDebug[x86_64]', task ':app:mergeDebugJniLibFolders', task ':cloud_firestore:mergeDebugJniLibFolders', task ':cloud_firestore:mergeDebugNativeLibs', task ':cloud_firestore:copyDebugJniLibsProjectOnly', task ':file_picker:mergeDebugJniLibFolders', task ':file_picker:mergeDebugNativeLibs', task ':file_picker:copyDebugJniLibsProjectOnly', task ':firebase_auth:mergeDebugJniLibFolders', task ':firebase_auth:mergeDebugNativeLibs', task ':firebase_auth:copyDebugJniLibsProjectOnly', task ':firebase_core:mergeDebugJniLibFolders', task ':firebase_core:mergeDebugNativeLibs', task ':firebase_core:copyDebugJniLibsProjectOnly', task ':firebase_storage:mergeDebugJniLibFolders', task ':firebase_storage:mergeDebugNativeLibs', task ':firebase_storage:copyDebugJniLibsProjectOnly', task ':flutter_plugin_android_lifecycle:mergeDebugJniLibFolders', task ':flutter_plugin_android_lifecycle:mergeDebugNativeLibs', task ':flutter_plugin_android_lifecycle:copyDebugJniLibsProjectOnly', task ':path_provider_android:mergeDebugJniLibFolders', task ':path_provider_android:mergeDebugNativeLibs', task ':path_provider_android:copyDebugJniLibsProjectOnly', task ':sqflite_android:mergeDebugJniLibFolders', task ':sqflite_android:mergeDebugNativeLibs', task ':sqflite_android:copyDebugJniLibsProjectOnly', task ':app:mergeDebugNativeLibs', task ':app:stripDebugDebugSymbols', task ':app:validateSigningDebug', task ':app:writeDebugAppMetadata', task ':app:writeDebugSigningConfigVersions', task ':app:packageDebug', task ':app:createDebugApkListingFileRedirect', task ':app:assembleDebug', task ':cloud_firestore:stripDebugDebugSymbols', task ':cloud_firestore:copyDebugJniLibsProjectAndLocalJars', task ':cloud_firestore:extractDebugAnnotations', task ':cloud_firestore:extractDeepLinksForAarDebug', task ':cloud_firestore:mergeDebugGeneratedProguardFiles', task ':cloud_firestore:mergeDebugConsumerProguardFiles', task ':cloud_firestore:prepareDebugArtProfile', task ':cloud_firestore:prepareLintJarForPublish', task ':cloud_firestore:mergeDebugJavaResource', task ':cloud_firestore:syncDebugLibJars', task ':cloud_firestore:bundleDebugAar', task ':cloud_firestore:assembleDebug', task ':file_picker:stripDebugDebugSymbols', task ':file_picker:copyDebugJniLibsProjectAndLocalJars', task ':file_picker:extractDebugAnnotations', task ':file_picker:extractDeepLinksForAarDebug', task ':file_picker:mergeDebugGeneratedProguardFiles', task ':file_picker:mergeDebugConsumerProguardFiles', task ':file_picker:prepareDebugArtProfile', task ':file_picker:prepareLintJarForPublish', task ':file_picker:mergeDebugJavaResource', task ':file_picker:syncDebugLibJars', task ':file_picker:bundleDebugAar', task ':file_picker:assembleDebug', task ':firebase_auth:stripDebugDebugSymbols', task ':firebase_auth:copyDebugJniLibsProjectAndLocalJars', task ':firebase_auth:extractDebugAnnotations', task ':firebase_auth:extractDeepLinksForAarDebug', task ':firebase_auth:mergeDebugGeneratedProguardFiles', task ':firebase_auth:mergeDebugConsumerProguardFiles', task ':firebase_auth:prepareDebugArtProfile', task ':firebase_auth:prepareLintJarForPublish', task ':firebase_auth:mergeDebugJavaResource', task ':firebase_auth:syncDebugLibJars', task ':firebase_auth:bundleDebugAar', task ':firebase_auth:assembleDebug', task ':firebase_core:stripDebugDebugSymbols', task ':firebase_core:copyDebugJniLibsProjectAndLocalJars', task ':firebase_core:extractDebugAnnotations', task ':firebase_core:extractDeepLinksForAarDebug', task ':firebase_core:mergeDebugGeneratedProguardFiles', task ':firebase_core:mergeDebugConsumerProguardFiles', task ':firebase_core:prepareDebugArtProfile', task ':firebase_core:prepareLintJarForPublish', task ':firebase_core:mergeDebugJavaResource', task ':firebase_core:syncDebugLibJars', task ':firebase_core:bundleDebugAar', task ':firebase_core:assembleDebug', task ':firebase_storage:stripDebugDebugSymbols', task ':firebase_storage:copyDebugJniLibsProjectAndLocalJars', task ':firebase_storage:extractDebugAnnotations', task ':firebase_storage:extractDeepLinksForAarDebug', task ':firebase_storage:mergeDebugGeneratedProguardFiles', task ':firebase_storage:mergeDebugConsumerProguardFiles', task ':firebase_storage:prepareDebugArtProfile', task ':firebase_storage:prepareLintJarForPublish', task ':firebase_storage:mergeDebugJavaResource', task ':firebase_storage:syncDebugLibJars', task ':firebase_storage:bundleDebugAar', task ':firebase_storage:assembleDebug', task ':flutter_plugin_android_lifecycle:stripDebugDebugSymbols', task ':flutter_plugin_android_lifecycle:copyDebugJniLibsProjectAndLocalJars', task ':flutter_plugin_android_lifecycle:extractDebugAnnotations', task ':flutter_plugin_android_lifecycle:extractDeepLinksForAarDebug', task ':flutter_plugin_android_lifecycle:mergeDebugGeneratedProguardFiles', task ':flutter_plugin_android_lifecycle:mergeDebugConsumerProguardFiles', task ':flutter_plugin_android_lifecycle:prepareDebugArtProfile', task ':flutter_plugin_android_lifecycle:prepareLintJarForPublish', task ':flutter_plugin_android_lifecycle:mergeDebugJavaResource', task ':flutter_plugin_android_lifecycle:syncDebugLibJars', task ':flutter_plugin_android_lifecycle:bundleDebugAar', task ':flutter_plugin_android_lifecycle:assembleDebug', task ':path_provider_android:stripDebugDebugSymbols', task ':path_provider_android:copyDebugJniLibsProjectAndLocalJars', task ':path_provider_android:extractDebugAnnotations', task ':path_provider_android:extractDeepLinksForAarDebug', task ':path_provider_android:mergeDebugGeneratedProguardFiles', task ':path_provider_android:mergeDebugConsumerProguardFiles', task ':path_provider_android:prepareDebugArtProfile', task ':path_provider_android:prepareLintJarForPublish', task ':path_provider_android:mergeDebugJavaResource', task ':path_provider_android:syncDebugLibJars', task ':path_provider_android:bundleDebugAar', task ':path_provider_android:assembleDebug', task ':sqflite_android:stripDebugDebugSymbols', task ':sqflite_android:copyDebugJniLibsProjectAndLocalJars', task ':sqflite_android:extractDebugAnnotations', task ':sqflite_android:extractDeepLinksForAarDebug', task ':sqflite_android:mergeDebugGeneratedProguardFiles', task ':sqflite_android:mergeDebugConsumerProguardFiles', task ':sqflite_android:prepareDebugArtProfile', task ':sqflite_android:prepareLintJarForPublish', task ':sqflite_android:mergeDebugJavaResource', task ':sqflite_android:syncDebugLibJars', task ':sqflite_android:bundleDebugAar', task ':sqflite_android:assembleDebug']
[   +3 ms] Tasks that were excluded: []
[        ] work action Parameters of IdentityTransform (Thread[#210,Execution worker Thread 5,5,main]) started.
[        ] work action Parameters of DexingNoClasspathTransform (Thread[#210,Execution worker Thread 5,5,main]) started.
[        ] work action Parameters of DexingOutputSplitTransform (Thread[#210,Execution worker Thread 5,5,main]) started.
[        ] work action Parameters of ClassesDirToClassesTransform (Thread[#210,Execution worker Thread 5,5,main]) started.
[        ] work action Parameters of DexingOutputSplitTransform (Thread[#210,Execution worker Thread 5,5,main]) started.
[        ] Resolve mutations for :app:DebugMinSdkCheck (Thread[#210,Execution worker Thread 5,5,main]) started.
[        ] :app:DebugMinSdkCheck (Thread[#210,Execution worker Thread 5,5,main]) started.
[        ] Invalidating in-memory cache of D:\Project\smart-exit-app\android\.gradle\8.14\executionHistory\executionHistory.bin
[        ] > Task :app:DebugMinSdkCheck
[        ] Caching disabled for task ':app:DebugMinSdkCheck' because:
[        ]   Build cache is disabled
[  +10 ms] Task ':app:DebugMinSdkCheck' is not up-to-date because:
[        ]   Task has not declared any outputs despite executing actions.
[   +1 ms] Resolve mutations for :app:preBuild (Thread[#210,Execution worker Thread 5,5,main]) started.
[  +23 ms] :app:preBuild (Thread[#210,Execution worker Thread 5,5,main]) started.
[   +6 ms] > Task :app:preBuild UP-TO-DATE
[        ] Skipping task ':app:preBuild' as it has no actions.
[        ] Resolve mutations for :app:preDebugBuild (Thread[#210,Execution worker Thread 5,5,main]) started.
[        ] :app:preDebugBuild (Thread[#210,Execution worker Thread 5,5,main]) started.
[        ] > Task :app:preDebugBuild UP-TO-DATE
[        ] Skipping task ':app:preDebugBuild' as it has no actions.
[        ] Resolve mutations for :app:mergeDebugNativeDebugMetadata (Thread[#210,Execution worker Thread 5,5,main]) started.
[        ] :app:mergeDebugNativeDebugMetadata (Thread[#210,Execution worker Thread 5,5,main]) started.
[        ] > Task :app:mergeDebugNativeDebugMetadata NO-SOURCE
[        ] Skipping task ':app:mergeDebugNativeDebugMetadata' as it has no source files and no previous output files.
[        ] Resolve mutations for :app:checkKotlinGradlePluginConfigurationErrors (Thread[#210,Execution worker Thread 5,5,main]) started.
[        ] :app:checkKotlinGradlePluginConfigurationErrors (Thread[#210,Execution worker Thread 5,5,main]) started.
[        ] > Task :app:checkKotlinGradlePluginConfigurationErrors SKIPPED
[        ] Skipping task ':app:checkKotlinGradlePluginConfigurationErrors' as task onlyIf 'errorDiagnostics are present' is false.
[        ] Resolve mutations for :app:compileFlutterBuildDebug (Thread[#210,Execution worker Thread 5,5,main]) started.
[        ] :app:compileFlutterBuildDebug (Thread[#210,Execution worker Thread 5,5,main]) started.
[+1928 ms] > Task :app:compileFlutterBuildDebug
[        ] Caching disabled for task ':app:compileFlutterBuildDebug' because:
[        ]   Build cache is disabled
[        ]   Caching has not been enabled for the task
[        ] Task ':app:compileFlutterBuildDebug' is not up-to-date because:
[        ]   Value of input property 'fileSystemScheme' has changed for task ':app:compileFlutterBuildDebug'
[        ]   Value of input property 'targetPath' has changed for task ':app:compileFlutterBuildDebug'
[        ]   Value of input property 'targetPlatformValues' has changed for task ':app:compileFlutterBuildDebug'
[        ]   and more...
[        ] Starting process 'command 'D:\flutter\flutter_windows_3.38.0-stable\flutter\bin\flutter.bat''. Working directory: D:\Project\smart-exit-app Command: D:\flutter\flutter_windows_3.38.0-stable\flutter\bin\flutter.bat --verbose assemble --no-version-check --depfile D:\Project\smart-exit-app\build\app\intermediates\flutter\debug/flutter_build.d --output D:\Project\smart-exit-app\build\app\intermediates\flutter\debug -dTargetFile=lib\main.dart -dTargetPlatform=android -dBuildMode=debug -dTrackWidgetCreation=true --DartDefines=RkxVVFRFUl9WRVJTSU9OPTMuMzguMA==,RkxVVFRFUl9DSEFOTkVMPXN0YWJsZQ==,RkxVVFRFUl9HSVRfVVJMPWh0dHBzOi8vZ2l0aHViLmNvbS9mbHV0dGVyL2ZsdXR0ZXIuZ2l0,RkxVVFRFUl9GUkFNRVdPUktfUkVWSVNJT049YTBlOWI5ZGJmNw==,RkxVVFRFUl9FTkdJTkVfUkVWSVNJT049Y2I0NjdlMzFhNQ==,RkxVVFRFUl9EQVJUX1ZFUlNJT049My4xMC4wIChidWlsZCAzLjEwLjAtMjkwLjQuYmV0YSk= -dFlavor= -dAndroidArchs=android-arm android-arm64 android-x64 -dMinSdkVersion=24 debug_android_application
[        ] Successfully started process 'command 'D:\flutter\flutter_windows_3.38.0-stable\flutter\bin\flutter.bat''
[        ] [ +211 ms] Artifact Instance of 'MaterialFonts' is not required, skipping update.
[        ] [        ] Artifact Instance of 'GradleWrapper' is not required, skipping update.
[        ] [        ] Artifact Instance of 'AndroidGenSnapshotArtifacts' is not required, skipping update.
[        ] [        ] Artifact Instance of 'AndroidInternalBuildArtifacts' is not required, skipping update.
[        ] [        ] Artifact Instance of 'IOSEngineArtifacts' is not required, skipping update.
[        ] [        ] Artifact Instance of 'FlutterWebSdk' is not required, skipping update.
[        ] [   +1 ms] Artifact Instance of 'LegacyCanvasKitRemover' is not required, skipping update.
[        ] [        ] Artifact Instance of 'FlutterSdk' is not required, skipping update.
[        ] [        ] Artifact Instance of 'WindowsEngineArtifacts' is not required, skipping update.
[        ] [        ] Artifact Instance of 'MacOSEngineArtifacts' is not required, skipping update.
[        ] [        ] Artifact Instance of 'LinuxEngineArtifacts' is not required, skipping update.
[        ] [        ] Artifact Instance of 'LinuxFuchsiaSDKArtifacts' is not required, skipping update.
[        ] [        ] Artifact Instance of 'MacOSFuchsiaSDKArtifacts' is not required, skipping update.
[        ] [        ] Artifact Instance of 'FlutterRunnerSDKArtifacts' is not required, skipping update.
[        ] [        ] Artifact Instance of 'FlutterRunnerDebugSymbols' is not required, skipping update.
[        ] [        ] Artifact Instance of 'IosUsbArtifacts' is not required, skipping update.
[        ] [        ] Artifact Instance of 'IosUsbArtifacts' is not required, skipping update.
[        ] [        ] Artifact Instance of 'IosUsbArtifacts' is not required, skipping update.
[        ] [        ] Artifact Instance of 'IosUsbArtifacts' is not required, skipping update.
[        ] [        ] Artifact Instance of 'IosUsbArtifacts' is not required, skipping update.
[        ] [        ] Artifact Instance of 'IosUsbArtifacts' is not required, skipping update.
[        ] [        ] Artifact Instance of 'FontSubsetArtifacts' is not required, skipping update.
[        ] [        ] Artifact Instance of 'PubDependencies' is not required, skipping update.
[        ] [  +15 ms] Artifact Instance of 'AndroidGenSnapshotArtifacts' is not required, skipping update.
[        ] [        ] Artifact Instance of 'AndroidInternalBuildArtifacts' is not required, skipping update.
[        ] [        ] Artifact Instance of 'IOSEngineArtifacts' is not required, skipping update.
[        ] [        ] Artifact Instance of 'FlutterWebSdk' is not required, skipping update.
[        ] [        ] Artifact Instance of 'FlutterEngineStamp' is not required, skipping update.
[        ] [        ] Artifact Instance of 'LegacyCanvasKitRemover' is not required, skipping update.
[        ] [   +2 ms] Artifact Instance of 'WindowsEngineArtifacts' is not required, skipping update.
[        ] [        ] Artifact Instance of 'MacOSEngineArtifacts' is not required, skipping update.
[        ] [        ] Artifact Instance of 'LinuxEngineArtifacts' is not required, skipping update.
[        ] [        ] Artifact Instance of 'LinuxFuchsiaSDKArtifacts' is not required, skipping update.
[        ] [        ] Artifact Instance of 'MacOSFuchsiaSDKArtifacts' is not required, skipping update.
[        ] [        ] Artifact Instance of 'FlutterRunnerSDKArtifacts' is not required, skipping update.
[        ] [        ] Artifact Instance of 'FlutterRunnerDebugSymbols' is not required, skipping update.
[  +94 ms] [ +101 ms] Artifact Instance of 'MaterialFonts' is not required, skipping update.
[        ] [        ] Artifact Instance of 'GradleWrapper' is not required, skipping update.
[        ] [   +2 ms] Artifact Instance of 'AndroidInternalBuildArtifacts' is not required, skipping update.
[        ] [        ] Artifact Instance of 'IOSEngineArtifacts' is not required, skipping update.
[        ] [        ] Artifact Instance of 'FlutterWebSdk' is not required, skipping update.
[        ] [        ] Artifact Instance of 'FlutterEngineStamp' is not required, skipping update.
[        ] [        ] Artifact Instance of 'LegacyCanvasKitRemover' is not required, skipping update.
[        ] [        ] Artifact Instance of 'FlutterSdk' is not required, skipping update.
[        ] [        ] Artifact Instance of 'WindowsEngineArtifacts' is not required, skipping update.
[        ] [        ] Artifact Instance of 'MacOSEngineArtifacts' is not required, skipping update.
[        ] [        ] Artifact Instance of 'LinuxEngineArtifacts' is not required, skipping update.
[        ] [        ] Artifact Instance of 'LinuxFuchsiaSDKArtifacts' is not required, skipping update.
[        ] [        ] Artifact Instance of 'MacOSFuchsiaSDKArtifacts' is not required, skipping update.
[        ] [        ] Artifact Instance of 'FlutterRunnerSDKArtifacts' is not required, skipping update.
[        ] [        ] Artifact Instance of 'FlutterRunnerDebugSymbols' is not required, skipping update.
[        ] [        ] Artifact Instance of 'IosUsbArtifacts' is not required, skipping update.
[        ] [        ] Artifact Instance of 'IosUsbArtifacts' is not required, skipping update.
[        ] [        ] Artifact Instance of 'IosUsbArtifacts' is not required, skipping update.
[        ] [        ] Artifact Instance of 'IosUsbArtifacts' is not required, skipping update.
[        ] [        ] Artifact Instance of 'IosUsbArtifacts' is not required, skipping update.
[        ] [        ] Artifact Instance of 'IosUsbArtifacts' is not required, skipping update.
[        ] [        ] Artifact Instance of 'FontSubsetArtifacts' is not required, skipping update.
[        ] [        ] Artifact Instance of 'PubDependencies' is not required, skipping update.
[  +91 ms] [  +48 ms] Initializing file store
[        ] [  +42 ms] dart_build: Starting due to {}
[        ] [   +2 ms] Skipping target: gen_localizations
[        ] [   +3 ms] gen_dart_plugin_registrant: Starting due to {InvalidatedReasonKind.outputSetAddition: The following outputs were added to the output set: D:\Project\smart-exit-app\.dart_tool\flutter_build\dart_plugin_registrant.dart, InvalidatedReasonKind.inputChanged: The following inputs have updated contents: D:\Project\smart-exit-app\.dart_tool\package_config.json}
[ +389 ms] [ +327 ms] No packages with native assets. Skipping native assets compilation.
[        ] [   +5 ms] dart_build: Complete
[        ] [   +9 ms] install_code_assets: Starting due to {}
[        ] [   +7 ms] Writing native assets json to file:///D:/Project/smart-exit-app/.dart_tool/flutter_build/abbb7c5bde0ce431e09222c071db9082/native_assets.json.
[        ] [  +18 ms] Writing D:\Project\smart-exit-app\.dart_tool\flutter_build\abbb7c5bde0ce431e09222c071db9082\native_assets.json done.
[        ] [   +4 ms] install_code_assets: Complete
[ +105 ms] [  +80 ms] Found plugin path_provider at C:\Users\HH\AppData\Local\Pub\Cache\hosted\pub.dev\path_provider-2.1.5\
[        ] [  +68 ms] Found plugin path_provider_windows at C:\Users\HH\AppData\Local\Pub\Cache\hosted\pub.dev\path_provider_windows-2.3.0\
[  +94 ms] [  +16 ms] Found plugin path_provider_linux at C:\Users\HH\AppData\Local\Pub\Cache\hosted\pub.dev\path_provider_linux-2.2.1\
[        ] [   +5 ms] Found plugin path_provider_foundation at C:\Users\HH\AppData\Local\Pub\Cache\hosted\pub.dev\path_provider_foundation-2.5.1\
[        ] [   +5 ms] Found plugin path_provider_android at C:\Users\HH\AppData\Local\Pub\Cache\hosted\pub.dev\path_provider_android-2.2.22\
[        ] [  +24 ms] Found plugin firebase_storage at C:\Users\HH\AppData\Local\Pub\Cache\hosted\pub.dev\firebase_storage-13.0.6\
[        ] [   +2 ms] Found plugin firebase_storage_web at C:\Users\HH\AppData\Local\Pub\Cache\hosted\pub.dev\firebase_storage_web-3.11.2\
[        ] [   +6 ms] Found plugin firebase_core at C:\Users\HH\AppData\Local\Pub\Cache\hosted\pub.dev\firebase_core-4.4.0\
[        ] [   +2 ms] Found plugin firebase_core_web at C:\Users\HH\AppData\Local\Pub\Cache\hosted\pub.dev\firebase_core_web-3.4.0\
[        ] [   +5 ms] Found plugin firebase_auth at C:\Users\HH\AppData\Local\Pub\Cache\hosted\pub.dev\firebase_auth-6.1.4\
[        ] [   +2 ms] Found plugin firebase_auth_web at C:\Users\HH\AppData\Local\Pub\Cache\hosted\pub.dev\firebase_auth_web-6.1.2\
[        ] [   +4 ms] Found plugin file_picker at C:\Users\HH\AppData\Local\Pub\Cache\hosted\pub.dev\file_picker-10.3.10\
[        ] [  +14 ms] Found plugin flutter_plugin_android_lifecycle at C:\Users\HH\AppData\Local\Pub\Cache\hosted\pub.dev\flutter_plugin_android_lifecycle-2.0.33\
[ +105 ms] [   +9 ms] Found plugin cloud_firestore at C:\Users\HH\AppData\Local\Pub\Cache\hosted\pub.dev\cloud_firestore-6.1.2\
[        ] [   +3 ms] Found plugin cloud_firestore_web at C:\Users\HH\AppData\Local\Pub\Cache\hosted\pub.dev\cloud_firestore_web-5.1.2\
[        ] [  +17 ms] Found plugin sqflite at C:\Users\HH\AppData\Local\Pub\Cache\hosted\pub.dev\sqflite-2.4.2\
[        ] [  +15 ms] Found plugin sqflite_darwin at C:\Users\HH\AppData\Local\Pub\Cache\hosted\pub.dev\sqflite_darwin-2.4.2\
[        ] [   +4 ms] Found plugin sqflite_android at C:\Users\HH\AppData\Local\Pub\Cache\hosted\pub.dev\sqflite_android-2.4.2+2\
[  +92 ms] [  +65 ms] Skipping generating dart_plugin_registrant.dart because it is up-to-date.
[        ] [        ] gen_dart_plugin_registrant: Complete
[        ] [   +5 ms] kernel_snapshot_program: Starting due to {}
[   +1 ms] [  +20 ms] D:\flutter\flutter_windows_3.38.0-stable\flutter\bin\cache\dart-sdk\bin\dartaotruntime.exe D:\flutter\flutter_windows_3.38.0-stable\flutter\bin\cache\dart-sdk\bin\snapshots\frontend_server_aot.dart.snapshot --sdk-root D:\flutter\flutter_windows_3.38.0-stable\flutter\bin\cache\artifacts\engine\common\flutter_patched_sdk/ --target=flutter --no-print-incremental-dependencies -DFLUTTER_VERSION=3.38.0 -DFLUTTER_CHANNEL=stable -DFLUTTER_GIT_URL=https://github.com/flutter/flutter.git -DFLUTTER_FRAMEWORK_REVISION=a0e9b9dbf7 -DFLUTTER_ENGINE_REVISION=cb467e31a5 -DFLUTTER_DART_VERSION=3.10.0 (build 3.10.0-290.4.beta) -DFLUTTER_APP_FLAVOR= -Ddart.vm.profile=false -Ddart.vm.product=false --enable-asserts --track-widget-creation --no-link-platform --packages D:\Project\smart-exit-app\.dart_tool\package_config.json --output-dill D:\Project\smart-exit-app\.dart_tool\flutter_build\abbb7c5bde0ce431e09222c071db9082\app.dill --depfile D:\Project\smart-exit-app\.dart_tool\flutter_build\abbb7c5bde0ce431e09222c071db9082\kernel_snapshot_program.d --incremental --initialize-from-dill D:\Project\smart-exit-app\.dart_tool\flutter_build\abbb7c5bde0ce431e09222c071db9082\app.dill --source file:///D:/Project/smart-exit-app/.dart_tool/flutter_build/dart_plugin_registrant.dart --source package:flutter/src/dart_plugin_registrant.dart -Dflutter.dart_plugin_registrant=file:///D:/Project/smart-exit-app/.dart_tool/flutter_build/dart_plugin_registrant.dart --verbosity=error package:smart_exit_app/main.dart
[+21698 ms] [+21751 ms] kernel_snapshot_program: Complete
[+3704 ms] [+3631 ms] debug_android_application: Starting due to {}
[ +497 ms] [ +548 ms] Manifest contained wildcard assets. Inserting missing file into build graph to force rerun. for more information see #56466.
[        ] [  +19 ms] shaderc command: [D:\flutter\flutter_windows_3.38.0-stable\flutter\bin\cache\artifacts\engine\windows-x64\impellerc.exe, --sksl, --runtime-stage-gles, --runtime-stage-gles3, --runtime-stage-vulkan, --iplr, --sl=D:\Project\smart-exit-app\build\app\intermediates\flutter\debug\flutter_assets\shaders/ink_sparkle.frag, --spirv=D:\Project\smart-exit-app\build\app\intermediates\flutter\debug\flutter_assets\shaders/ink_sparkle.frag.spirv, --input=D:\flutter\flutter_windows_3.38.0-stable\flutter\packages\flutter\lib\src\material\shaders\ink_sparkle.frag, --input-type=frag, --include=D:\flutter\flutter_windows_3.38.0-stable\flutter\packages\flutter\lib\src\material\shaders, --include=D:\flutter\flutter_windows_3.38.0-stable\flutter\bin\cache\artifacts\engine\windows-x64\shader_lib]
[   +1 ms] [   +2 ms] shaderc command: [D:\flutter\flutter_windows_3.38.0-stable\flutter\bin\cache\artifacts\engine\windows-x64\impellerc.exe, --sksl, --runtime-stage-gles, --runtime-stage-gles3, --runtime-stage-vulkan, --iplr, --sl=D:\Project\smart-exit-app\build\app\intermediates\flutter\debug\flutter_assets\shaders/stretch_effect.frag, --spirv=D:\Project\smart-exit-app\build\app\intermediates\flutter\debug\flutter_assets\shaders/stretch_effect.frag.spirv, --input=D:\flutter\flutter_windows_3.38.0-stable\flutter\packages\flutter\lib\src\material\shaders\stretch_effect.frag, --input-type=frag, --include=D:\flutter\flutter_windows_3.38.0-stable\flutter\packages\flutter\lib\src\material\shaders, --include=D:\flutter\flutter_windows_3.38.0-stable\flutter\bin\cache\artifacts\engine\windows-x64\shader_lib]
[+2100 ms] [+2030 ms] debug_android_application: Complete
[+1295 ms] [+1378 ms] Persisting file store
[ +107 ms] [  +21 ms] Done persisting file store
[        ] [  +51 ms] build succeeded.
[        ] [  +21 ms] "flutter assemble" took 30,423ms.
[  +93 ms] [  +68 ms] Running 1 shutdown hook
[        ] [        ] Shutdown hooks complete
[ +295 ms] [ +255 ms] exiting with code 0
[ +203 ms] Resolve mutations for :app:packJniLibsflutterBuildDebug (Thread[#209,Execution worker Thread 4,5,main]) started.
[        ] :app:packJniLibsflutterBuildDebug (Thread[#209,Execution worker Thread 4,5,main]) started.
[ +296 ms] > Task :app:packJniLibsflutterBuildDebug
[        ] Caching disabled for task ':app:packJniLibsflutterBuildDebug' because:
[        ]   Build cache is disabled
[        ]   Not worth caching
[        ] Task ':app:packJniLibsflutterBuildDebug' is not up-to-date because:
[        ]   Input property 'rootSpec$1$3.caseSensitive' has been added for task ':app:packJniLibsflutterBuildDebug'
[        ]   Input property 'rootSpec$1$3.destPath' has been added for task ':app:packJniLibsflutterBuildDebug'
[        ]   Input property 'rootSpec$1$3.dirPermissions' has been added for task ':app:packJniLibsflutterBuildDebug'
[        ]   and more...
[        ] file or directory 'D:\Project\smart-exit-app\build\app\intermediates\flutter\debug\armeabi-v7a', not found
[        ] file or directory 'D:\Project\smart-exit-app\build\native_assets\android\jniLibs\lib\armeabi-v7a', not found
[        ] file or directory 'D:\Project\smart-exit-app\build\app\intermediates\flutter\debug\arm64-v8a', not found
[        ] file or directory 'D:\Project\smart-exit-app\build\native_assets\android\jniLibs\lib\arm64-v8a', not found
[        ] file or directory 'D:\Project\smart-exit-app\build\app\intermediates\flutter\debug\x86_64', not found
[        ] file or directory 'D:\Project\smart-exit-app\build\native_assets\android\jniLibs\lib\x86_64', not found
[        ] Resolve mutations for :cloud_firestore:preBuild (Thread[#209,Execution worker Thread 4,5,main]) started.
[        ] :cloud_firestore:preBuild (Thread[#209,Execution worker Thread 4,5,main]) started.
[        ] > Task :cloud_firestore:preBuild UP-TO-DATE
[        ] Skipping task ':cloud_firestore:preBuild' as it has no actions.
[        ] Resolve mutations for :cloud_firestore:preDebugBuild (Thread[#209,Execution worker Thread 4,5,main]) started.
[        ] :cloud_firestore:preDebugBuild (Thread[#209,Execution worker Thread 4,5,main]) started.
[        ] > Task :cloud_firestore:preDebugBuild UP-TO-DATE
[        ] Skipping task ':cloud_firestore:preDebugBuild' as it has no actions.
[        ] Resolve mutations for :cloud_firestore:writeDebugAarMetadata (Thread[#209,Execution worker Thread 4,5,main]) started.
[        ] :cloud_firestore:writeDebugAarMetadata (Thread[#209,Execution worker Thread 4,5,main]) started.
[  +22 ms] > Task :cloud_firestore:writeDebugAarMetadata UP-TO-DATE
[        ] Caching disabled for task ':cloud_firestore:writeDebugAarMetadata' because:
[        ]   Build cache is disabled
[        ]   Caching has been disabled for the task
[        ] Skipping task ':cloud_firestore:writeDebugAarMetadata' as it is up-to-date.
[        ] work action resolve aar-metadata.properties (project :cloud_firestore) (Thread[#209,Execution worker Thread 4,5,main]) started.
[        ] Resolve mutations for :file_picker:preBuild (Thread[#209,Execution worker Thread 4,5,main]) started.
[        ] :file_picker:preBuild (Thread[#208,Execution worker Thread 3,5,main]) started.
[        ] > Task :file_picker:preBuild UP-TO-DATE
[        ] Skipping task ':file_picker:preBuild' as it has no actions.
[        ] Resolve mutations for :file_picker:preDebugBuild (Thread[#208,Execution worker Thread 3,5,main]) started.
[        ] :file_picker:preDebugBuild (Thread[#208,Execution worker Thread 3,5,main]) started.
[        ] > Task :file_picker:preDebugBuild UP-TO-DATE
[        ] Skipping task ':file_picker:preDebugBuild' as it has no actions.
[        ] Resolve mutations for :file_picker:writeDebugAarMetadata (Thread[#208,Execution worker Thread 3,5,main]) started.
[        ] :file_picker:writeDebugAarMetadata (Thread[#208,Execution worker Thread 3,5,main]) started.
[        ] > Task :file_picker:writeDebugAarMetadata UP-TO-DATE
[        ] Caching disabled for task ':file_picker:writeDebugAarMetadata' because:
[        ]   Build cache is disabled
[        ]   Caching has been disabled for the task
[        ] Skipping task ':file_picker:writeDebugAarMetadata' as it is up-to-date.
[        ] work action resolve aar-metadata.properties (project :file_picker) (Thread[#208,Execution worker Thread 3,5,main]) started.
[        ] Resolve mutations for :firebase_auth:preBuild (Thread[#208,Execution worker Thread 3,5,main]) started.
[   +1 ms] :firebase_auth:preBuild (Thread[#208,Execution worker Thread 3,5,main]) started.
[        ] > Task :firebase_auth:preBuild UP-TO-DATE
[        ] Skipping task ':firebase_auth:preBuild' as it has no actions.
[        ] Resolve mutations for :firebase_auth:preDebugBuild (Thread[#208,Execution worker Thread 3,5,main]) started.
[        ] :firebase_auth:preDebugBuild (Thread[#208,Execution worker Thread 3,5,main]) started.
[        ] > Task :firebase_auth:preDebugBuild UP-TO-DATE
[        ] Skipping task ':firebase_auth:preDebugBuild' as it has no actions.
[        ] Resolve mutations for :firebase_auth:writeDebugAarMetadata (Thread[#208,Execution worker Thread 3,5,main]) started.
[        ] :firebase_auth:writeDebugAarMetadata (Thread[#208,Execution worker Thread 3,5,main]) started.
[        ] > Task :firebase_auth:writeDebugAarMetadata UP-TO-DATE
[        ] Caching disabled for task ':firebase_auth:writeDebugAarMetadata' because:
[        ]   Build cache is disabled
[        ]   Caching has been disabled for the task
[        ] Skipping task ':firebase_auth:writeDebugAarMetadata' as it is up-to-date.
[        ] work action resolve aar-metadata.properties (project :firebase_auth) (Thread[#208,Execution worker Thread 3,5,main]) started.
[        ] Resolve mutations for :firebase_core:preBuild (Thread[#212,Execution worker Thread 7,5,main]) started.
[        ] :firebase_core:preBuild (Thread[#210,Execution worker Thread 5,5,main]) started.
[        ] > Task :firebase_core:preBuild UP-TO-DATE
[        ] Skipping task ':firebase_core:preBuild' as it has no actions.
[        ] Resolve mutations for :firebase_core:preDebugBuild (Thread[#210,Execution worker Thread 5,5,main]) started.
[        ] :firebase_core:preDebugBuild (Thread[#210,Execution worker Thread 5,5,main]) started.
[        ] > Task :firebase_core:preDebugBuild UP-TO-DATE
[        ] Skipping task ':firebase_core:preDebugBuild' as it has no actions.
[        ] Resolve mutations for :firebase_core:writeDebugAarMetadata (Thread[#210,Execution worker Thread 5,5,main]) started.
[        ] :firebase_core:writeDebugAarMetadata (Thread[#210,Execution worker Thread 5,5,main]) started.
[        ] > Task :firebase_core:writeDebugAarMetadata UP-TO-DATE
[        ] Caching disabled for task ':firebase_core:writeDebugAarMetadata' because:
[        ]   Build cache is disabled
[        ]   Caching has been disabled for the task
[        ] Skipping task ':firebase_core:writeDebugAarMetadata' as it is up-to-date.
[   +1 ms] work action resolve aar-metadata.properties (project :firebase_core) (Thread[#210,Execution worker Thread 5,5,main]) started.
[        ] Resolve mutations for :firebase_storage:preBuild (Thread[#210,Execution worker Thread 5,5,main]) started.
[        ] :firebase_storage:preBuild (Thread[#210,Execution worker Thread 5,5,main]) started.
[        ] > Task :firebase_storage:preBuild UP-TO-DATE
[        ] Skipping task ':firebase_storage:preBuild' as it has no actions.
[        ] Resolve mutations for :firebase_storage:preDebugBuild (Thread[#210,Execution worker Thread 5,5,main]) started.
[        ] :firebase_storage:preDebugBuild (Thread[#210,Execution worker Thread 5,5,main]) started.
[        ] > Task :firebase_storage:preDebugBuild UP-TO-DATE
[        ] Skipping task ':firebase_storage:preDebugBuild' as it has no actions.
[        ] Resolve mutations for :firebase_storage:writeDebugAarMetadata (Thread[#210,Execution worker Thread 5,5,main]) started.
[        ] :firebase_storage:writeDebugAarMetadata (Thread[#210,Execution worker Thread 5,5,main]) started.
[        ] > Task :firebase_storage:writeDebugAarMetadata UP-TO-DATE
[        ] Caching disabled for task ':firebase_storage:writeDebugAarMetadata' because:
[        ]   Build cache is disabled
[        ]   Caching has been disabled for the task
[        ] Skipping task ':firebase_storage:writeDebugAarMetadata' as it is up-to-date.
[        ] work action resolve aar-metadata.properties (project :firebase_storage) (Thread[#210,Execution worker Thread 5,5,main]) started.
[        ] Resolve mutations for :flutter_plugin_android_lifecycle:preBuild (Thread[#210,Execution worker Thread 5,5,main]) started.
[        ] :flutter_plugin_android_lifecycle:preBuild (Thread[#210,Execution worker Thread 5,5,main]) started.
[        ] > Task :flutter_plugin_android_lifecycle:preBuild UP-TO-DATE
[        ] Skipping task ':flutter_plugin_android_lifecycle:preBuild' as it has no actions.
[        ] Resolve mutations for :flutter_plugin_android_lifecycle:preDebugBuild (Thread[#210,Execution worker Thread 5,5,main]) started.
[        ] :flutter_plugin_android_lifecycle:preDebugBuild (Thread[#210,Execution worker Thread 5,5,main]) started.
[        ] > Task :flutter_plugin_android_lifecycle:preDebugBuild UP-TO-DATE
[        ] Skipping task ':flutter_plugin_android_lifecycle:preDebugBuild' as it has no actions.
[        ] Resolve mutations for :flutter_plugin_android_lifecycle:writeDebugAarMetadata (Thread[#210,Execution worker Thread 5,5,main]) started.
[        ] :flutter_plugin_android_lifecycle:writeDebugAarMetadata (Thread[#210,Execution worker Thread 5,5,main]) started.
[        ] > Task :flutter_plugin_android_lifecycle:writeDebugAarMetadata UP-TO-DATE
[        ] Caching disabled for task ':flutter_plugin_android_lifecycle:writeDebugAarMetadata' because:
[        ]   Build cache is disabled
[        ]   Caching has been disabled for the task
[        ] Skipping task ':flutter_plugin_android_lifecycle:writeDebugAarMetadata' as it is up-to-date.
[        ] work action resolve aar-metadata.properties (project :flutter_plugin_android_lifecycle) (Thread[#210,Execution worker Thread 5,5,main]) started.
[        ] Resolve mutations for :path_provider_android:preBuild (Thread[#210,Execution worker Thread 5,5,main]) started.
[        ] :path_provider_android:preBuild (Thread[#210,Execution worker Thread 5,5,main]) started.
[        ] > Task :path_provider_android:preBuild UP-TO-DATE
[        ] Skipping task ':path_provider_android:preBuild' as it has no actions.
[        ] Resolve mutations for :path_provider_android:preDebugBuild (Thread[#210,Execution worker Thread 5,5,main]) started.
[        ] :path_provider_android:preDebugBuild (Thread[#207,Execution worker Thread 2,5,main]) started.
[        ] > Task :path_provider_android:preDebugBuild UP-TO-DATE
[        ] Skipping task ':path_provider_android:preDebugBuild' as it has no actions.
[        ] Resolve mutations for :path_provider_android:writeDebugAarMetadata (Thread[#207,Execution worker Thread 2,5,main]) started.
[        ] :path_provider_android:writeDebugAarMetadata (Thread[#207,Execution worker Thread 2,5,main]) started.
[        ] > Task :path_provider_android:writeDebugAarMetadata UP-TO-DATE
[        ] Caching disabled for task ':path_provider_android:writeDebugAarMetadata' because:
[        ]   Build cache is disabled
[        ]   Caching has been disabled for the task
[        ] Skipping task ':path_provider_android:writeDebugAarMetadata' as it is up-to-date.
[        ] work action resolve aar-metadata.properties (project :path_provider_android) (Thread[#207,Execution worker Thread 2,5,main]) started.
[        ] Resolve mutations for :sqflite_android:preBuild (Thread[#207,Execution worker Thread 2,5,main]) started.
[        ] :sqflite_android:preBuild (Thread[#207,Execution worker Thread 2,5,main]) started.
[        ] > Task :sqflite_android:preBuild UP-TO-DATE
[        ] Skipping task ':sqflite_android:preBuild' as it has no actions.
[        ] Resolve mutations for :sqflite_android:preDebugBuild (Thread[#207,Execution worker Thread 2,5,main]) started.
[        ] :sqflite_android:preDebugBuild (Thread[#207,Execution worker Thread 2,5,main]) started.
[        ] > Task :sqflite_android:preDebugBuild UP-TO-DATE
[        ] Skipping task ':sqflite_android:preDebugBuild' as it has no actions.
[        ] Resolve mutations for :sqflite_android:writeDebugAarMetadata (Thread[#207,Execution worker Thread 2,5,main]) started.
[        ] :sqflite_android:writeDebugAarMetadata (Thread[#207,Execution worker Thread 2,5,main]) started.
[        ] > Task :sqflite_android:writeDebugAarMetadata UP-TO-DATE
[        ] Caching disabled for task ':sqflite_android:writeDebugAarMetadata' because:
[        ]   Build cache is disabled
[        ]   Caching has been disabled for the task
[        ] Skipping task ':sqflite_android:writeDebugAarMetadata' as it is up-to-date.
[        ] work action resolve aar-metadata.properties (project :sqflite_android) (Thread[#207,Execution worker Thread 2,5,main]) started.
[        ] Resolve mutations for :app:checkDebugAarMetadata (Thread[#207,Execution worker Thread 2,5,main]) started.
[        ] :app:checkDebugAarMetadata (Thread[#207,Execution worker Thread 2,5,main]) started.
[+3338 ms] > Task :app:checkDebugAarMetadata
[        ] Resource missing. [HTTP GET: https://dl.google.com/dl/android/maven2/io/flutter/armeabi_v7a_debug/1.0.0-cb467e31a54207dc987aca5bb0941c4d2e3fd9ed/armeabi_v7a_debug-1.0.0-cb467e31a54207dc987aca5bb0941c4d2e3fd9ed.pom]
[  +93 ms] Resource missing. [HTTP GET: https://dl.google.com/dl/android/maven2/io/flutter/x86_64_debug/1.0.0-cb467e31a54207dc987aca5bb0941c4d2e3fd9ed/x86_64_debug-1.0.0-cb467e31a54207dc987aca5bb0941c4d2e3fd9ed.pom]
[ +704 ms] Resource missing. [HTTP GET: https://repo.maven.apache.org/maven2/io/flutter/x86_64_debug/1.0.0-cb467e31a54207dc987aca5bb0941c4d2e3fd9ed/x86_64_debug-1.0.0-cb467e31a54207dc987aca5bb0941c4d2e3fd9ed.pom]
[ +109 ms] Resource missing. [HTTP GET: https://repo.maven.apache.org/maven2/io/flutter/armeabi_v7a_debug/1.0.0-cb467e31a54207dc987aca5bb0941c4d2e3fd9ed/armeabi_v7a_debug-1.0.0-cb467e31a54207dc987aca5bb0941c4d2e3fd9ed.pom]
[ +795 ms] Downloading https://storage.googleapis.com/download.flutter.io/io/flutter/x86_64_debug/1.0.0-cb467e31a54207dc987aca5bb0941c4d2e3fd9ed/x86_64_debug-1.0.0-cb467e31a54207dc987aca5bb0941c4d2e3fd9ed.pom to C:\Users\HH\.gradle\.tmp\gradle_download4839105093235245248bin
[ +203 ms] Downloading https://storage.googleapis.com/download.flutter.io/io/flutter/armeabi_v7a_debug/1.0.0-cb467e31a54207dc987aca5bb0941c4d2e3fd9ed/armeabi_v7a_debug-1.0.0-cb467e31a54207dc987aca5bb0941c4d2e3fd9ed.pom to C:\Users\HH\.gradle\.tmp\gradle_download9703530242096737220bin
[ +294 ms] Caching disabled for task ':app:checkDebugAarMetadata' because:
[        ]   Build cache is disabled
[        ]   Caching has been disabled for the task
[        ] Skipping task ':app:checkDebugAarMetadata' as it is up-to-date.
[        ] > Task :app:checkDebugAarMetadata UP-TO-DATE
[        ] Resolve mutations for :app:cleanMergeDebugAssets (Thread[#207,Execution worker Thread 2,5,main]) started.
[        ] :app:cleanMergeDebugAssets (Thread[#207,Execution worker Thread 2,5,main]) started.
[        ] > Task :app:cleanMergeDebugAssets
[        ] Caching disabled for task ':app:cleanMergeDebugAssets' because:
[        ]   Build cache is disabled
[        ] Task ':app:cleanMergeDebugAssets' is not up-to-date because:
[        ]   Task has not declared any outputs despite executing actions.
[        ] Resolve mutations for :app:mergeDebugShaders (Thread[#207,Execution worker Thread 2,5,main]) started.
[        ] :app:mergeDebugShaders (Thread[#207,Execution worker Thread 2,5,main]) started.
[        ] > Task :app:mergeDebugShaders UP-TO-DATE
[        ] Caching disabled for task ':app:mergeDebugShaders' because:
[        ]   Build cache is disabled
[        ]   Simple merging task
[        ] Skipping task ':app:mergeDebugShaders' as it is up-to-date.
[        ] Resolve mutations for :app:compileDebugShaders (Thread[#207,Execution worker Thread 2,5,main]) started.
[        ] :app:compileDebugShaders (Thread[#207,Execution worker Thread 2,5,main]) started.
[        ] > Task :app:compileDebugShaders NO-SOURCE
[        ] Skipping task ':app:compileDebugShaders' as it has no source files and no previous output files.
[        ] Resolve mutations for :app:generateDebugAssets (Thread[#207,Execution worker Thread 2,5,main]) started.
[        ] :app:generateDebugAssets (Thread[#207,Execution worker Thread 2,5,main]) started.
[        ] > Task :app:generateDebugAssets UP-TO-DATE
[        ] Skipping task ':app:generateDebugAssets' as it has no actions.
[        ] Resolve mutations for :cloud_firestore:mergeDebugShaders (Thread[#207,Execution worker Thread 2,5,main]) started.
[        ] :cloud_firestore:mergeDebugShaders (Thread[#207,Execution worker Thread 2,5,main]) started.
[        ] > Task :cloud_firestore:mergeDebugShaders UP-TO-DATE
[        ] Caching disabled for task ':cloud_firestore:mergeDebugShaders' because:
[        ]   Build cache is disabled
[        ]   Simple merging task
[        ] Skipping task ':cloud_firestore:mergeDebugShaders' as it is up-to-date.
[        ] Resolve mutations for :cloud_firestore:compileDebugShaders (Thread[#207,Execution worker Thread 2,5,main]) started.
[        ] :cloud_firestore:compileDebugShaders (Thread[#207,Execution worker Thread 2,5,main]) started.
[        ] > Task :cloud_firestore:compileDebugShaders NO-SOURCE
[        ] Skipping task ':cloud_firestore:compileDebugShaders' as it has no source files and no previous output files.
[        ] Resolve mutations for :cloud_firestore:generateDebugAssets (Thread[#207,Execution worker Thread 2,5,main]) started.
[        ] :cloud_firestore:generateDebugAssets (Thread[#207,Execution worker Thread 2,5,main]) started.
[        ] > Task :cloud_firestore:generateDebugAssets UP-TO-DATE
[        ] Skipping task ':cloud_firestore:generateDebugAssets' as it has no actions.
[        ] Resolve mutations for :cloud_firestore:mergeDebugAssets (Thread[#207,Execution worker Thread 2,5,main]) started.
[        ] :cloud_firestore:mergeDebugAssets (Thread[#207,Execution worker Thread 2,5,main]) started.
[        ] > Task :cloud_firestore:mergeDebugAssets UP-TO-DATE
[        ] Caching disabled for task ':cloud_firestore:mergeDebugAssets' because:
[        ]   Build cache is disabled
[        ]   Simple merging task
[        ] Skipping task ':cloud_firestore:mergeDebugAssets' as it is up-to-date.
[        ] work action resolve mergeDebugAssets (project :cloud_firestore) (Thread[#207,Execution worker Thread 2,5,main]) started.
[        ] Resolve mutations for :file_picker:mergeDebugShaders (Thread[#207,Execution worker Thread 2,5,main]) started.
[        ] :file_picker:mergeDebugShaders (Thread[#207,Execution worker Thread 2,5,main]) started.
[        ] > Task :file_picker:mergeDebugShaders UP-TO-DATE
[        ] Caching disabled for task ':file_picker:mergeDebugShaders' because:
[        ]   Build cache is disabled
[        ]   Simple merging task
[        ] Skipping task ':file_picker:mergeDebugShaders' as it is up-to-date.
[        ] Resolve mutations for :file_picker:compileDebugShaders (Thread[#207,Execution worker Thread 2,5,main]) started.
[        ] :file_picker:compileDebugShaders (Thread[#207,Execution worker Thread 2,5,main]) started.
[        ] > Task :file_picker:compileDebugShaders NO-SOURCE
[        ] Skipping task ':file_picker:compileDebugShaders' as it has no source files and no previous output files.
[        ] Resolve mutations for :file_picker:generateDebugAssets (Thread[#207,Execution worker Thread 2,5,main]) started.
[        ] :file_picker:generateDebugAssets (Thread[#207,Execution worker Thread 2,5,main]) started.
[        ] > Task :file_picker:generateDebugAssets UP-TO-DATE
[        ] Skipping task ':file_picker:generateDebugAssets' as it has no actions.
[        ] Resolve mutations for :file_picker:mergeDebugAssets (Thread[#207,Execution worker Thread 2,5,main]) started.
[        ] :file_picker:mergeDebugAssets (Thread[#207,Execution worker Thread 2,5,main]) started.
[        ] > Task :file_picker:mergeDebugAssets UP-TO-DATE
[        ] Caching disabled for task ':file_picker:mergeDebugAssets' because:
[        ]   Build cache is disabled
[        ]   Simple merging task
[        ] Skipping task ':file_picker:mergeDebugAssets' as it is up-to-date.
[        ] work action resolve mergeDebugAssets (project :file_picker) (Thread[#207,Execution worker Thread 2,5,main]) started.
[        ] Resolve mutations for :firebase_auth:mergeDebugShaders (Thread[#207,Execution worker Thread 2,5,main]) started.
[        ] :firebase_auth:mergeDebugShaders (Thread[#207,Execution worker Thread 2,5,main]) started.
[        ] > Task :firebase_auth:mergeDebugShaders UP-TO-DATE
[        ] Caching disabled for task ':firebase_auth:mergeDebugShaders' because:
[        ]   Build cache is disabled
[        ]   Simple merging task
[        ] Skipping task ':firebase_auth:mergeDebugShaders' as it is up-to-date.
[        ] Resolve mutations for :firebase_auth:compileDebugShaders (Thread[#207,Execution worker Thread 2,5,main]) started.
[        ] :firebase_auth:compileDebugShaders (Thread[#207,Execution worker Thread 2,5,main]) started.
[        ] > Task :firebase_auth:compileDebugShaders NO-SOURCE
[   +1 ms] Skipping task ':firebase_auth:compileDebugShaders' as it has no source files and no previous output files.
[        ] Resolve mutations for :firebase_auth:generateDebugAssets (Thread[#207,Execution worker Thread 2,5,main]) started.
[        ] :firebase_auth:generateDebugAssets (Thread[#207,Execution worker Thread 2,5,main]) started.
[        ] > Task :firebase_auth:generateDebugAssets UP-TO-DATE
[        ] Skipping task ':firebase_auth:generateDebugAssets' as it has no actions.
[        ] Resolve mutations for :firebase_auth:mergeDebugAssets (Thread[#207,Execution worker Thread 2,5,main]) started.
[        ] :firebase_auth:mergeDebugAssets (Thread[#207,Execution worker Thread 2,5,main]) started.
[        ] > Task :firebase_auth:mergeDebugAssets UP-TO-DATE
[        ] Caching disabled for task ':firebase_auth:mergeDebugAssets' because:
[        ]   Build cache is disabled
[        ]   Simple merging task
[        ] Skipping task ':firebase_auth:mergeDebugAssets' as it is up-to-date.
[        ] work action resolve mergeDebugAssets (project :firebase_auth) (Thread[#207,Execution worker Thread 2,5,main]) started.
[        ] Resolve mutations for :firebase_core:mergeDebugShaders (Thread[#207,Execution worker Thread 2,5,main]) started.
[        ] :firebase_core:mergeDebugShaders (Thread[#207,Execution worker Thread 2,5,main]) started.
[        ] > Task :firebase_core:mergeDebugShaders UP-TO-DATE
[        ] Caching disabled for task ':firebase_core:mergeDebugShaders' because:
[        ]   Build cache is disabled
[        ]   Simple merging task
[        ] Skipping task ':firebase_core:mergeDebugShaders' as it is up-to-date.
[        ] Resolve mutations for :firebase_core:compileDebugShaders (Thread[#207,Execution worker Thread 2,5,main]) started.
[        ] :firebase_core:compileDebugShaders (Thread[#207,Execution worker Thread 2,5,main]) started.
[        ] > Task :firebase_core:compileDebugShaders NO-SOURCE
[        ] Skipping task ':firebase_core:compileDebugShaders' as it has no source files and no previous output files.
[        ] Resolve mutations for :firebase_core:generateDebugAssets (Thread[#207,Execution worker Thread 2,5,main]) started.
[        ] :firebase_core:generateDebugAssets (Thread[#207,Execution worker Thread 2,5,main]) started.
[        ] > Task :firebase_core:generateDebugAssets UP-TO-DATE
[        ] Skipping task ':firebase_core:generateDebugAssets' as it has no actions.
[        ] Resolve mutations for :firebase_core:mergeDebugAssets (Thread[#207,Execution worker Thread 2,5,main]) started.
[        ] :firebase_core:mergeDebugAssets (Thread[#207,Execution worker Thread 2,5,main]) started.
[        ] > Task :firebase_core:mergeDebugAssets UP-TO-DATE
[        ] Caching disabled for task ':firebase_core:mergeDebugAssets' because:
[        ]   Build cache is disabled
[        ]   Simple merging task
[        ] Skipping task ':firebase_core:mergeDebugAssets' as it is up-to-date.
[        ] work action resolve mergeDebugAssets (project :firebase_core) (Thread[#207,Execution worker Thread 2,5,main]) started.
[        ] Resolve mutations for :firebase_storage:mergeDebugShaders (Thread[#207,Execution worker Thread 2,5,main]) started.
[        ] :firebase_storage:mergeDebugShaders (Thread[#207,Execution worker Thread 2,5,main]) started.
[        ] > Task :firebase_storage:mergeDebugShaders UP-TO-DATE
[        ] Caching disabled for task ':firebase_storage:mergeDebugShaders' because:
[        ]   Build cache is disabled
[        ]   Simple merging task
[        ] Skipping task ':firebase_storage:mergeDebugShaders' as it is up-to-date.
[        ] Resolve mutations for :firebase_storage:compileDebugShaders (Thread[#207,Execution worker Thread 2,5,main]) started.
[        ] :firebase_storage:compileDebugShaders (Thread[#207,Execution worker Thread 2,5,main]) started.
[        ] > Task :firebase_storage:compileDebugShaders NO-SOURCE
[        ] Skipping task ':firebase_storage:compileDebugShaders' as it has no source files and no previous output files.
[        ] Resolve mutations for :firebase_storage:generateDebugAssets (Thread[#207,Execution worker Thread 2,5,main]) started.
[        ] :firebase_storage:generateDebugAssets (Thread[#207,Execution worker Thread 2,5,main]) started.
[        ] > Task :firebase_storage:generateDebugAssets UP-TO-DATE
[        ] Skipping task ':firebase_storage:generateDebugAssets' as it has no actions.
[        ] Resolve mutations for :firebase_storage:mergeDebugAssets (Thread[#207,Execution worker Thread 2,5,main]) started.
[        ] :firebase_storage:mergeDebugAssets (Thread[#207,Execution worker Thread 2,5,main]) started.
[        ] > Task :firebase_storage:mergeDebugAssets UP-TO-DATE
[        ] Caching disabled for task ':firebase_storage:mergeDebugAssets' because:
[        ]   Build cache is disabled
[        ]   Simple merging task
[        ] Skipping task ':firebase_storage:mergeDebugAssets' as it is up-to-date.
[        ] work action resolve mergeDebugAssets (project :firebase_storage) (Thread[#207,Execution worker Thread 2,5,main]) started.
[        ] Resolve mutations for :flutter_plugin_android_lifecycle:mergeDebugShaders (Thread[#207,Execution worker Thread 2,5,main]) started.
[        ] :flutter_plugin_android_lifecycle:mergeDebugShaders (Thread[#207,Execution worker Thread 2,5,main]) started.
[        ] > Task :flutter_plugin_android_lifecycle:mergeDebugShaders UP-TO-DATE
[        ] Caching disabled for task ':flutter_plugin_android_lifecycle:mergeDebugShaders' because:
[        ]   Build cache is disabled
[        ]   Simple merging task
[        ] Skipping task ':flutter_plugin_android_lifecycle:mergeDebugShaders' as it is up-to-date.
[        ] Resolve mutations for :flutter_plugin_android_lifecycle:compileDebugShaders (Thread[#207,Execution worker Thread 2,5,main]) started.
[        ] :flutter_plugin_android_lifecycle:compileDebugShaders (Thread[#207,Execution worker Thread 2,5,main]) started.
[        ] > Task :flutter_plugin_android_lifecycle:compileDebugShaders NO-SOURCE
[        ] Skipping task ':flutter_plugin_android_lifecycle:compileDebugShaders' as it has no source files and no previous output files.
[        ] Resolve mutations for :flutter_plugin_android_lifecycle:generateDebugAssets (Thread[#207,Execution worker Thread 2,5,main]) started.
[        ] :flutter_plugin_android_lifecycle:generateDebugAssets (Thread[#207,Execution worker Thread 2,5,main]) started.
[        ] > Task :flutter_plugin_android_lifecycle:generateDebugAssets UP-TO-DATE
[        ] Skipping task ':flutter_plugin_android_lifecycle:generateDebugAssets' as it has no actions.
[        ] Resolve mutations for :flutter_plugin_android_lifecycle:mergeDebugAssets (Thread[#207,Execution worker Thread 2,5,main]) started.
[        ] :flutter_plugin_android_lifecycle:mergeDebugAssets (Thread[#207,Execution worker Thread 2,5,main]) started.
[  +49 ms] > Task :flutter_plugin_android_lifecycle:mergeDebugAssets UP-TO-DATE
[        ] Caching disabled for task ':flutter_plugin_android_lifecycle:mergeDebugAssets' because:
[        ]   Build cache is disabled
[        ]   Simple merging task
[        ] Skipping task ':flutter_plugin_android_lifecycle:mergeDebugAssets' as it is up-to-date.
[        ] work action resolve mergeDebugAssets (project :flutter_plugin_android_lifecycle) (Thread[#207,Execution worker Thread 2,5,main]) started.
[        ] Resolve mutations for :path_provider_android:mergeDebugShaders (Thread[#207,Execution worker Thread 2,5,main]) started.
[        ] :path_provider_android:mergeDebugShaders (Thread[#207,Execution worker Thread 2,5,main]) started.
[        ] > Task :path_provider_android:mergeDebugShaders UP-TO-DATE
[        ] Caching disabled for task ':path_provider_android:mergeDebugShaders' because:
[        ]   Build cache is disabled
[        ]   Simple merging task
[        ] Skipping task ':path_provider_android:mergeDebugShaders' as it is up-to-date.
[        ] Resolve mutations for :path_provider_android:compileDebugShaders (Thread[#207,Execution worker Thread 2,5,main]) started.
[        ] :path_provider_android:compileDebugShaders (Thread[#207,Execution worker Thread 2,5,main]) started.
[        ] > Task :path_provider_android:compileDebugShaders NO-SOURCE
[        ] Skipping task ':path_provider_android:compileDebugShaders' as it has no source files and no previous output files.
[        ] Resolve mutations for :path_provider_android:generateDebugAssets (Thread[#207,Execution worker Thread 2,5,main]) started.
[        ] :path_provider_android:generateDebugAssets (Thread[#207,Execution worker Thread 2,5,main]) started.
[        ] > Task :path_provider_android:generateDebugAssets UP-TO-DATE
[        ] Skipping task ':path_provider_android:generateDebugAssets' as it has no actions.
[        ] Resolve mutations for :path_provider_android:mergeDebugAssets (Thread[#207,Execution worker Thread 2,5,main]) started.
[        ] :path_provider_android:mergeDebugAssets (Thread[#207,Execution worker Thread 2,5,main]) started.
[        ] > Task :path_provider_android:mergeDebugAssets UP-TO-DATE
[        ] Caching disabled for task ':path_provider_android:mergeDebugAssets' because:
[        ]   Build cache is disabled
[        ]   Simple merging task
[        ] Skipping task ':path_provider_android:mergeDebugAssets' as it is up-to-date.
[        ] work action resolve mergeDebugAssets (project :path_provider_android) (Thread[#207,Execution worker Thread 2,5,main]) started.
[        ] Resolve mutations for :sqflite_android:mergeDebugShaders (Thread[#207,Execution worker Thread 2,5,main]) started.
[        ] :sqflite_android:mergeDebugShaders (Thread[#207,Execution worker Thread 2,5,main]) started.
[        ] > Task :sqflite_android:mergeDebugShaders UP-TO-DATE
[        ] Caching disabled for task ':sqflite_android:mergeDebugShaders' because:
[        ]   Build cache is disabled
[        ]   Simple merging task
[        ] Skipping task ':sqflite_android:mergeDebugShaders' as it is up-to-date.
[        ] Resolve mutations for :sqflite_android:compileDebugShaders (Thread[#207,Execution worker Thread 2,5,main]) started.
[        ] :sqflite_android:compileDebugShaders (Thread[#207,Execution worker Thread 2,5,main]) started.
[        ] > Task :sqflite_android:compileDebugShaders NO-SOURCE
[        ] Skipping task ':sqflite_android:compileDebugShaders' as it has no source files and no previous output files.
[        ] Resolve mutations for :sqflite_android:generateDebugAssets (Thread[#207,Execution worker Thread 2,5,main]) started.
[        ] :sqflite_android:generateDebugAssets (Thread[#207,Execution worker Thread 2,5,main]) started.
[        ] > Task :sqflite_android:generateDebugAssets UP-TO-DATE
[        ] Skipping task ':sqflite_android:generateDebugAssets' as it has no actions.
[        ] Resolve mutations for :sqflite_android:mergeDebugAssets (Thread[#207,Execution worker Thread 2,5,main]) started.
[        ] :sqflite_android:mergeDebugAssets (Thread[#207,Execution worker Thread 2,5,main]) started.
[        ] > Task :sqflite_android:mergeDebugAssets UP-TO-DATE
[        ] Caching disabled for task ':sqflite_android:mergeDebugAssets' because:
[        ]   Build cache is disabled
[        ]   Simple merging task
[        ] Skipping task ':sqflite_android:mergeDebugAssets' as it is up-to-date.
[        ] work action resolve mergeDebugAssets (project :sqflite_android) (Thread[#207,Execution worker Thread 2,5,main]) started.
[        ] Resolve mutations for :app:mergeDebugAssets (Thread[#207,Execution worker Thread 2,5,main]) started.
[        ] :app:mergeDebugAssets (Thread[#207,Execution worker Thread 2,5,main]) started.
[        ] > Task :app:mergeDebugAssets
[        ] Caching disabled for task ':app:mergeDebugAssets' because:
[        ]   Build cache is disabled
[        ]   Simple merging task
[        ] Task ':app:mergeDebugAssets' is not up-to-date because:
[        ]   Output property 'outputDir' file D:\Project\smart-exit-app\build\app\intermediates\assets\debug\mergeDebugAssets has been removed.
[        ] The input changes require a full rebuild for incremental task ':app:mergeDebugAssets'.
[        ] Resolve mutations for :app:copyFlutterAssetsDebug (Thread[#207,Execution worker Thread 2,5,main]) started.
[        ] :app:copyFlutterAssetsDebug (Thread[#207,Execution worker Thread 2,5,main]) started.
[ +681 ms] > Task :app:copyFlutterAssetsDebug
[        ] Caching disabled for task ':app:copyFlutterAssetsDebug' because:
[        ]   Build cache is disabled
[        ]   Not worth caching
[        ] Task ':app:copyFlutterAssetsDebug' is not up-to-date because:
[        ]   Output property 'destinationDir' file D:\Project\smart-exit-app\build\app\intermediates\assets\debug\mergeDebugAssets\flutter_assets has been removed.
[        ]   Output property 'destinationDir' file D:\Project\smart-exit-app\build\app\intermediates\assets\debug\mergeDebugAssets\flutter_assets\AssetManifest.bin has been removed.
[        ]   Output property 'destinationDir' file D:\Project\smart-exit-app\build\app\intermediates\assets\debug\mergeDebugAssets\flutter_assets\FontManifest.json has been removed.
[        ]   and more...
[        ] Resolve mutations for :app:generateDebugResValues (Thread[#207,Execution worker Thread 2,5,main]) started.
[        ] :app:generateDebugResValues (Thread[#207,Execution worker Thread 2,5,main]) started.
[        ] > Task :app:generateDebugResValues UP-TO-DATE
[        ] Caching disabled for task ':app:generateDebugResValues' because:
[        ]   Build cache is disabled
[        ] Skipping task ':app:generateDebugResValues' as it is up-to-date.
[        ] Resolve mutations for :app:processDebugGoogleServices (Thread[#207,Execution worker Thread 2,5,main]) started.
[        ] :app:processDebugGoogleServices (Thread[#207,Execution worker Thread 2,5,main]) started.
[        ] > Task :app:processDebugGoogleServices UP-TO-DATE
[        ] Caching disabled for task ':app:processDebugGoogleServices' because:
[        ]   Build cache is disabled
[        ] Skipping task ':app:processDebugGoogleServices' as it is up-to-date.
[        ] Resolve mutations for :cloud_firestore:generateDebugResValues (Thread[#207,Execution worker Thread 2,5,main]) started.
[        ] :cloud_firestore:generateDebugResValues (Thread[#207,Execution worker Thread 2,5,main]) started.
[        ] > Task :cloud_firestore:generateDebugResValues UP-TO-DATE
[        ] Caching disabled for task ':cloud_firestore:generateDebugResValues' because:
[        ]   Build cache is disabled
[        ] Skipping task ':cloud_firestore:generateDebugResValues' as it is up-to-date.
[        ] Resolve mutations for :cloud_firestore:generateDebugResources (Thread[#207,Execution worker Thread 2,5,main]) started.
[        ] :cloud_firestore:generateDebugResources (Thread[#207,Execution worker Thread 2,5,main]) started.
[        ] > Task :cloud_firestore:generateDebugResources UP-TO-DATE
[        ] Caching disabled for task ':cloud_firestore:generateDebugResources' because:
[        ]   Build cache is disabled
[        ] Skipping task ':cloud_firestore:generateDebugResources' as it is up-to-date.
[        ] Resolve mutations for :cloud_firestore:packageDebugResources (Thread[#207,Execution worker Thread 2,5,main]) started.
[        ] :cloud_firestore:packageDebugResources (Thread[#207,Execution worker Thread 2,5,main]) started.
[  +97 ms] > Task :cloud_firestore:packageDebugResources UP-TO-DATE
[        ] Caching disabled for task ':cloud_firestore:packageDebugResources' because:
[        ]   Build cache is disabled
[        ] Skipping task ':cloud_firestore:packageDebugResources' as it is up-to-date.
[        ] work action resolve packageDebugResources (project :cloud_firestore) (Thread[#207,Execution worker Thread 2,5,main]) started.
[        ] Resolve mutations for :file_picker:generateDebugResValues (Thread[#207,Execution worker Thread 2,5,main]) started.
[        ] :file_picker:generateDebugResValues (Thread[#207,Execution worker Thread 2,5,main]) started.
[        ] > Task :file_picker:generateDebugResValues UP-TO-DATE
[        ] Caching disabled for task ':file_picker:generateDebugResValues' because:
[        ]   Build cache is disabled
[        ] Skipping task ':file_picker:generateDebugResValues' as it is up-to-date.
[        ] Resolve mutations for :file_picker:generateDebugResources (Thread[#207,Execution worker Thread 2,5,main]) started.
[        ] :file_picker:generateDebugResources (Thread[#207,Execution worker Thread 2,5,main]) started.
[        ] > Task :file_picker:generateDebugResources UP-TO-DATE
[        ] Caching disabled for task ':file_picker:generateDebugResources' because:
[        ]   Build cache is disabled
[        ] Skipping task ':file_picker:generateDebugResources' as it is up-to-date.
[        ] Resolve mutations for :file_picker:packageDebugResources (Thread[#207,Execution worker Thread 2,5,main]) started.
[        ] :file_picker:packageDebugResources (Thread[#207,Execution worker Thread 2,5,main]) started.
[        ] > Task :file_picker:packageDebugResources UP-TO-DATE
[        ] Caching disabled for task ':file_picker:packageDebugResources' because:
[   +2 ms]   Build cache is disabled
[        ] Skipping task ':file_picker:packageDebugResources' as it is up-to-date.
[        ] work action resolve packageDebugResources (project :file_picker) (Thread[#207,Execution worker Thread 2,5,main]) started.
[        ] Resolve mutations for :firebase_auth:generateDebugResValues (Thread[#205,included builds,5,main]) started.
[        ] :firebase_auth:generateDebugResValues (Thread[#205,included builds,5,main]) started.
[        ] > Task :firebase_auth:generateDebugResValues UP-TO-DATE
[        ] Caching disabled for task ':firebase_auth:generateDebugResValues' because:
[        ]   Build cache is disabled
[        ] Skipping task ':firebase_auth:generateDebugResValues' as it is up-to-date.
[        ] Resolve mutations for :firebase_auth:generateDebugResources (Thread[#205,included builds,5,main]) started.
[        ] :firebase_auth:generateDebugResources (Thread[#205,included builds,5,main]) started.
[        ] > Task :firebase_auth:generateDebugResources UP-TO-DATE
[        ] Caching disabled for task ':firebase_auth:generateDebugResources' because:
[        ]   Build cache is disabled
[        ] Skipping task ':firebase_auth:generateDebugResources' as it is up-to-date.
[        ] Resolve mutations for :firebase_auth:packageDebugResources (Thread[#205,included builds,5,main]) started.
[        ] :firebase_auth:packageDebugResources (Thread[#205,included builds,5,main]) started.
[        ] > Task :firebase_auth:packageDebugResources UP-TO-DATE
[        ] Caching disabled for task ':firebase_auth:packageDebugResources' because:
[        ]   Build cache is disabled
[        ] Skipping task ':firebase_auth:packageDebugResources' as it is up-to-date.
[        ] work action resolve packageDebugResources (project :firebase_auth) (Thread[#205,included builds,5,main]) started.
[        ] Resolve mutations for :firebase_core:generateDebugResValues (Thread[#205,included builds,5,main]) started.
[        ] :firebase_core:generateDebugResValues (Thread[#205,included builds,5,main]) started.
[        ] > Task :firebase_core:generateDebugResValues UP-TO-DATE
[        ] Caching disabled for task ':firebase_core:generateDebugResValues' because:
[        ]   Build cache is disabled
[        ] Skipping task ':firebase_core:generateDebugResValues' as it is up-to-date.
[        ] Resolve mutations for :firebase_core:generateDebugResources (Thread[#205,included builds,5,main]) started.
[        ] :firebase_core:generateDebugResources (Thread[#205,included builds,5,main]) started.
[        ] > Task :firebase_core:generateDebugResources UP-TO-DATE
[        ] Caching disabled for task ':firebase_core:generateDebugResources' because:
[        ]   Build cache is disabled
[        ] Skipping task ':firebase_core:generateDebugResources' as it is up-to-date.
[        ] Resolve mutations for :firebase_core:packageDebugResources (Thread[#205,included builds,5,main]) started.
[        ] :firebase_core:packageDebugResources (Thread[#205,included builds,5,main]) started.
[        ] > Task :firebase_core:packageDebugResources UP-TO-DATE
[        ] Caching disabled for task ':firebase_core:packageDebugResources' because:
[        ]   Build cache is disabled
[        ] Skipping task ':firebase_core:packageDebugResources' as it is up-to-date.
[        ] work action resolve packageDebugResources (project :firebase_core) (Thread[#205,included builds,5,main]) started.
[        ] Resolve mutations for :firebase_storage:generateDebugResValues (Thread[#205,included builds,5,main]) started.
[   +1 ms] :firebase_storage:generateDebugResValues (Thread[#205,included builds,5,main]) started.
[   +1 ms] > Task :firebase_storage:generateDebugResValues UP-TO-DATE
[        ] Caching disabled for task ':firebase_storage:generateDebugResValues' because:
[        ]   Build cache is disabled
[        ] Skipping task ':firebase_storage:generateDebugResValues' as it is up-to-date.
[        ] Resolve mutations for :firebase_storage:generateDebugResources (Thread[#207,Execution worker Thread 2,5,main]) started.
[        ] :firebase_storage:generateDebugResources (Thread[#207,Execution worker Thread 2,5,main]) started.
[        ] > Task :firebase_storage:generateDebugResources UP-TO-DATE
[        ] Caching disabled for task ':firebase_storage:generateDebugResources' because:
[        ]   Build cache is disabled
[        ] Skipping task ':firebase_storage:generateDebugResources' as it is up-to-date.
[        ] Resolve mutations for :firebase_storage:packageDebugResources (Thread[#207,Execution worker Thread 2,5,main]) started.
[        ] :firebase_storage:packageDebugResources (Thread[#207,Execution worker Thread 2,5,main]) started.
[        ] > Task :firebase_storage:packageDebugResources UP-TO-DATE
[        ] Caching disabled for task ':firebase_storage:packageDebugResources' because:
[        ]   Build cache is disabled
[        ] Skipping task ':firebase_storage:packageDebugResources' as it is up-to-date.
[        ] work action resolve packageDebugResources (project :firebase_storage) (Thread[#207,Execution worker Thread 2,5,main]) started.
[        ] Resolve mutations for :flutter_plugin_android_lifecycle:generateDebugResValues (Thread[#207,Execution worker Thread 2,5,main]) started.
[        ] :flutter_plugin_android_lifecycle:generateDebugResValues (Thread[#207,Execution worker Thread 2,5,main]) started.
[        ] > Task :flutter_plugin_android_lifecycle:generateDebugResValues UP-TO-DATE
[        ] Caching disabled for task ':flutter_plugin_android_lifecycle:generateDebugResValues' because:
[        ]   Build cache is disabled
[        ] Skipping task ':flutter_plugin_android_lifecycle:generateDebugResValues' as it is up-to-date.
[        ] Resolve mutations for :flutter_plugin_android_lifecycle:generateDebugResources (Thread[#207,Execution worker Thread 2,5,main]) started.
[        ] :flutter_plugin_android_lifecycle:generateDebugResources (Thread[#207,Execution worker Thread 2,5,main]) started.
[        ] > Task :flutter_plugin_android_lifecycle:generateDebugResources UP-TO-DATE
[        ] Caching disabled for task ':flutter_plugin_android_lifecycle:generateDebugResources' because:
[        ]   Build cache is disabled
[        ] Skipping task ':flutter_plugin_android_lifecycle:generateDebugResources' as it is up-to-date.
[        ] Resolve mutations for :flutter_plugin_android_lifecycle:packageDebugResources (Thread[#207,Execution worker Thread 2,5,main]) started.
[        ] :flutter_plugin_android_lifecycle:packageDebugResources (Thread[#207,Execution worker Thread 2,5,main]) started.
[  +52 ms] > Task :flutter_plugin_android_lifecycle:packageDebugResources UP-TO-DATE
[        ] Caching disabled for task ':flutter_plugin_android_lifecycle:packageDebugResources' because:
[        ]   Build cache is disabled
[        ] Skipping task ':flutter_plugin_android_lifecycle:packageDebugResources' as it is up-to-date.
[        ] work action resolve packageDebugResources (project :flutter_plugin_android_lifecycle) (Thread[#207,Execution worker Thread 2,5,main]) started.
[        ] Resolve mutations for :path_provider_android:generateDebugResValues (Thread[#207,Execution worker Thread 2,5,main]) started.
[        ] :path_provider_android:generateDebugResValues (Thread[#207,Execution worker Thread 2,5,main]) started.
[        ] > Task :path_provider_android:generateDebugResValues UP-TO-DATE
[        ] Caching disabled for task ':path_provider_android:generateDebugResValues' because:
[        ]   Build cache is disabled
[        ] Skipping task ':path_provider_android:generateDebugResValues' as it is up-to-date.
[        ] Resolve mutations for :path_provider_android:generateDebugResources (Thread[#207,Execution worker Thread 2,5,main]) started.
[        ] :path_provider_android:generateDebugResources (Thread[#207,Execution worker Thread 2,5,main]) started.
[        ] > Task :path_provider_android:generateDebugResources UP-TO-DATE
[        ] Caching disabled for task ':path_provider_android:generateDebugResources' because:
[        ]   Build cache is disabled
[        ] Skipping task ':path_provider_android:generateDebugResources' as it is up-to-date.
[        ] Resolve mutations for :path_provider_android:packageDebugResources (Thread[#207,Execution worker Thread 2,5,main]) started.
[        ] :path_provider_android:packageDebugResources (Thread[#207,Execution worker Thread 2,5,main]) started.
[        ] > Task :path_provider_android:packageDebugResources UP-TO-DATE
[        ] Caching disabled for task ':path_provider_android:packageDebugResources' because:
[        ]   Build cache is disabled
[        ] Skipping task ':path_provider_android:packageDebugResources' as it is up-to-date.
[        ] work action resolve packageDebugResources (project :path_provider_android) (Thread[#207,Execution worker Thread 2,5,main]) started.
[        ] Resolve mutations for :sqflite_android:generateDebugResValues (Thread[#207,Execution worker Thread 2,5,main]) started.
[        ] :sqflite_android:generateDebugResValues (Thread[#207,Execution worker Thread 2,5,main]) started.
[        ] > Task :sqflite_android:generateDebugResValues UP-TO-DATE
[        ] Caching disabled for task ':sqflite_android:generateDebugResValues' because:
[        ]   Build cache is disabled
[        ] Skipping task ':sqflite_android:generateDebugResValues' as it is up-to-date.
[        ] Resolve mutations for :sqflite_android:generateDebugResources (Thread[#207,Execution worker Thread 2,5,main]) started.
[        ] :sqflite_android:generateDebugResources (Thread[#207,Execution worker Thread 2,5,main]) started.
[        ] > Task :sqflite_android:generateDebugResources UP-TO-DATE
[        ] Caching disabled for task ':sqflite_android:generateDebugResources' because:
[        ]   Build cache is disabled
[        ] Skipping task ':sqflite_android:generateDebugResources' as it is up-to-date.
[        ] Resolve mutations for :sqflite_android:packageDebugResources (Thread[#207,Execution worker Thread 2,5,main]) started.
[        ] :sqflite_android:packageDebugResources (Thread[#207,Execution worker Thread 2,5,main]) started.
[        ] > Task :sqflite_android:packageDebugResources UP-TO-DATE
[        ] Caching disabled for task ':sqflite_android:packageDebugResources' because:
[        ]   Build cache is disabled
[        ] Skipping task ':sqflite_android:packageDebugResources' as it is up-to-date.
[        ] work action resolve packageDebugResources (project :sqflite_android) (Thread[#207,Execution worker Thread 2,5,main]) started.
[        ] Resolve mutations for :app:mapDebugSourceSetPaths (Thread[#207,Execution worker Thread 2,5,main]) started.
[        ] :app:mapDebugSourceSetPaths (Thread[#207,Execution worker Thread 2,5,main]) started.
[  +95 ms] > Task :app:mapDebugSourceSetPaths UP-TO-DATE
[        ] Caching disabled for task ':app:mapDebugSourceSetPaths' because:
[        ]   Build cache is disabled
[        ]   Caching has been disabled for the task
[        ] Skipping task ':app:mapDebugSourceSetPaths' as it is up-to-date.
[        ] Resolve mutations for :app:generateDebugResources (Thread[#207,Execution worker Thread 2,5,main]) started.
[        ] :app:generateDebugResources (Thread[#207,Execution worker Thread 2,5,main]) started.
[        ] > Task :app:generateDebugResources UP-TO-DATE
[        ] Caching disabled for task ':app:generateDebugResources' because:
[        ]   Build cache is disabled
[        ] Skipping task ':app:generateDebugResources' as it is up-to-date.
[        ] Resolve mutations for :app:mergeDebugResources (Thread[#207,Execution worker Thread 2,5,main]) started.
[        ] :app:mergeDebugResources (Thread[#207,Execution worker Thread 2,5,main]) started.
[        ] > Task :app:mergeDebugResources UP-TO-DATE
[        ] Caching disabled for task ':app:mergeDebugResources' because:
[        ]   Build cache is disabled
[        ] Skipping task ':app:mergeDebugResources' as it is up-to-date.
[        ] Resolve mutations for :app:packageDebugResources (Thread[#207,Execution worker Thread 2,5,main]) started.
[        ] :app:packageDebugResources (Thread[#207,Execution worker Thread 2,5,main]) started.
[        ] > Task :app:packageDebugResources UP-TO-DATE
[        ] Caching disabled for task ':app:packageDebugResources' because:
[        ]   Build cache is disabled
[        ] Skipping task ':app:packageDebugResources' as it is up-to-date.
[        ] Resolve mutations for :app:parseDebugLocalResources (Thread[#207,Execution worker Thread 2,5,main]) started.
[        ] :app:parseDebugLocalResources (Thread[#207,Execution worker Thread 2,5,main]) started.
[        ] > Task :app:parseDebugLocalResources UP-TO-DATE
[        ] Caching disabled for task ':app:parseDebugLocalResources' because:
[        ]   Build cache is disabled
[        ] Skipping task ':app:parseDebugLocalResources' as it is up-to-date.
[        ] Resolve mutations for :app:createDebugCompatibleScreenManifests (Thread[#207,Execution worker Thread 2,5,main]) started.
[        ] :app:createDebugCompatibleScreenManifests (Thread[#207,Execution worker Thread 2,5,main]) started.
[        ] > Task :app:createDebugCompatibleScreenManifests UP-TO-DATE
[        ] Caching disabled for task ':app:createDebugCompatibleScreenManifests' because:
[        ]   Build cache is disabled
[        ]   Caching has been disabled for the task
[        ] Skipping task ':app:createDebugCompatibleScreenManifests' as it is up-to-date.
[        ] Resolve mutations for :app:extractDeepLinksDebug (Thread[#207,Execution worker Thread 2,5,main]) started.
[        ] :app:extractDeepLinksDebug (Thread[#207,Execution worker Thread 2,5,main]) started.
[  +81 ms] > Task :app:extractDeepLinksDebug UP-TO-DATE
[        ] Caching disabled for task ':app:extractDeepLinksDebug' because:
[        ]   Build cache is disabled
[        ] Skipping task ':app:extractDeepLinksDebug' as it is up-to-date.
[        ] Resolve mutations for :cloud_firestore:extractDeepLinksDebug (Thread[#207,Execution worker Thread 2,5,main]) started.
[        ] :cloud_firestore:extractDeepLinksDebug (Thread[#207,Execution worker Thread 2,5,main]) started.
[        ] > Task :cloud_firestore:extractDeepLinksDebug UP-TO-DATE
[   +1 ms] Caching disabled for task ':cloud_firestore:extractDeepLinksDebug' because:
[        ]   Build cache is disabled
[        ] Skipping task ':cloud_firestore:extractDeepLinksDebug' as it is up-to-date.
[        ] work action resolve navigation.json (project :cloud_firestore) (Thread[#207,Execution worker Thread 2,5,main]) started.
[        ] Resolve mutations for :cloud_firestore:processDebugManifest (Thread[#207,Execution worker Thread 2,5,main]) started.
[        ] :cloud_firestore:processDebugManifest (Thread[#207,Execution worker Thread 2,5,main]) started.
[        ] > Task :cloud_firestore:processDebugManifest UP-TO-DATE
[   +2 ms] Caching disabled for task ':cloud_firestore:processDebugManifest' because:
[        ]   Build cache is disabled
[        ] Skipping task ':cloud_firestore:processDebugManifest' as it is up-to-date.
[        ] work action resolve AndroidManifest.xml (project :cloud_firestore) (Thread[#207,Execution worker Thread 2,5,main]) started.
[        ] Resolve mutations for :file_picker:extractDeepLinksDebug (Thread[#207,Execution worker Thread 2,5,main]) started.
[        ] :file_picker:extractDeepLinksDebug (Thread[#207,Execution worker Thread 2,5,main]) started.
[        ] > Task :file_picker:extractDeepLinksDebug UP-TO-DATE
[        ] Caching disabled for task ':file_picker:extractDeepLinksDebug' because:
[   +1 ms]   Build cache is disabled
[        ] Skipping task ':file_picker:extractDeepLinksDebug' as it is up-to-date.
[   +1 ms] work action resolve navigation.json (project :file_picker) (Thread[#207,Execution worker Thread 2,5,main]) started.
[        ] Resolve mutations for :file_picker:processDebugManifest (Thread[#207,Execution worker Thread 2,5,main]) started.
[        ] :file_picker:processDebugManifest (Thread[#207,Execution worker Thread 2,5,main]) started.
[        ] > Task :file_picker:processDebugManifest UP-TO-DATE
[        ] Caching disabled for task ':file_picker:processDebugManifest' because:
[        ]   Build cache is disabled
[        ] Skipping task ':file_picker:processDebugManifest' as it is up-to-date.
[        ] work action resolve AndroidManifest.xml (project :file_picker) (Thread[#207,Execution worker Thread 2,5,main]) started.
[        ] Resolve mutations for :firebase_auth:extractDeepLinksDebug (Thread[#207,Execution worker Thread 2,5,main]) started.
[        ] :firebase_auth:extractDeepLinksDebug (Thread[#207,Execution worker Thread 2,5,main]) started.
[        ] > Task :firebase_auth:extractDeepLinksDebug UP-TO-DATE
[        ] Caching disabled for task ':firebase_auth:extractDeepLinksDebug' because:
[        ]   Build cache is disabled
[        ] Skipping task ':firebase_auth:extractDeepLinksDebug' as it is up-to-date.
[        ] work action resolve navigation.json (project :firebase_auth) (Thread[#207,Execution worker Thread 2,5,main]) started.
[        ] Resolve mutations for :firebase_auth:processDebugManifest (Thread[#207,Execution worker Thread 2,5,main]) started.
[        ] :firebase_auth:processDebugManifest (Thread[#207,Execution worker Thread 2,5,main]) started.
[        ] > Task :firebase_auth:processDebugManifest UP-TO-DATE
[        ] Caching disabled for task ':firebase_auth:processDebugManifest' because:
[        ]   Build cache is disabled
[        ] Skipping task ':firebase_auth:processDebugManifest' as it is up-to-date.
[        ] work action resolve AndroidManifest.xml (project :firebase_auth) (Thread[#207,Execution worker Thread 2,5,main]) started.
[        ] Resolve mutations for :firebase_core:extractDeepLinksDebug (Thread[#207,Execution worker Thread 2,5,main]) started.
[        ] :firebase_core:extractDeepLinksDebug (Thread[#207,Execution worker Thread 2,5,main]) started.
[        ] > Task :firebase_core:extractDeepLinksDebug UP-TO-DATE
[        ] Caching disabled for task ':firebase_core:extractDeepLinksDebug' because:
[        ]   Build cache is disabled
[        ] Skipping task ':firebase_core:extractDeepLinksDebug' as it is up-to-date.
[        ] work action resolve navigation.json (project :firebase_core) (Thread[#207,Execution worker Thread 2,5,main]) started.
[        ] Resolve mutations for :firebase_core:processDebugManifest (Thread[#207,Execution worker Thread 2,5,main]) started.
[        ] :firebase_core:processDebugManifest (Thread[#207,Execution worker Thread 2,5,main]) started.
[        ] > Task :firebase_core:processDebugManifest UP-TO-DATE
[        ] Caching disabled for task ':firebase_core:processDebugManifest' because:
[        ]   Build cache is disabled
[        ] Skipping task ':firebase_core:processDebugManifest' as it is up-to-date.
[        ] work action resolve AndroidManifest.xml (project :firebase_core) (Thread[#207,Execution worker Thread 2,5,main]) started.
[        ] Resolve mutations for :firebase_storage:extractDeepLinksDebug (Thread[#207,Execution worker Thread 2,5,main]) started.
[        ] :firebase_storage:extractDeepLinksDebug (Thread[#207,Execution worker Thread 2,5,main]) started.
[        ] > Task :firebase_storage:extractDeepLinksDebug UP-TO-DATE
[        ] Caching disabled for task ':firebase_storage:extractDeepLinksDebug' because:
[        ]   Build cache is disabled
[        ] Skipping task ':firebase_storage:extractDeepLinksDebug' as it is up-to-date.
[        ] work action resolve navigation.json (project :firebase_storage) (Thread[#207,Execution worker Thread 2,5,main]) started.
[        ] Resolve mutations for :firebase_storage:processDebugManifest (Thread[#211,Execution worker Thread 6,5,main]) started.
[   +1 ms] :firebase_storage:processDebugManifest (Thread[#211,Execution worker Thread 6,5,main]) started.
[        ] > Task :firebase_storage:processDebugManifest UP-TO-DATE
[        ] Caching disabled for task ':firebase_storage:processDebugManifest' because:
[        ]   Build cache is disabled
[   +1 ms] Skipping task ':firebase_storage:processDebugManifest' as it is up-to-date.
[        ] work action resolve AndroidManifest.xml (project :firebase_storage) (Thread[#211,Execution worker Thread 6,5,main]) started.
[   +1 ms] Resolve mutations for :flutter_plugin_android_lifecycle:extractDeepLinksDebug (Thread[#212,Execution worker Thread 7,5,main]) started.
[        ] :flutter_plugin_android_lifecycle:extractDeepLinksDebug (Thread[#212,Execution worker Thread 7,5,main]) started.
[        ] > Task :flutter_plugin_android_lifecycle:extractDeepLinksDebug UP-TO-DATE
[        ] Caching disabled for task ':flutter_plugin_android_lifecycle:extractDeepLinksDebug' because:
[        ]   Build cache is disabled
[        ] Skipping task ':flutter_plugin_android_lifecycle:extractDeepLinksDebug' as it is up-to-date.
[        ] work action resolve navigation.json (project :flutter_plugin_android_lifecycle) (Thread[#212,Execution worker Thread 7,5,main]) started.
[        ] Resolve mutations for :flutter_plugin_android_lifecycle:processDebugManifest (Thread[#212,Execution worker Thread 7,5,main]) started.
[        ] :flutter_plugin_android_lifecycle:processDebugManifest (Thread[#212,Execution worker Thread 7,5,main]) started.
[   +1 ms] > Task :flutter_plugin_android_lifecycle:processDebugManifest UP-TO-DATE
[        ] Caching disabled for task ':flutter_plugin_android_lifecycle:processDebugManifest' because:
[        ]   Build cache is disabled
[        ] Skipping task ':flutter_plugin_android_lifecycle:processDebugManifest' as it is up-to-date.
[        ] work action resolve AndroidManifest.xml (project :flutter_plugin_android_lifecycle) (Thread[#212,Execution worker Thread 7,5,main]) started.
[        ] Resolve mutations for :path_provider_android:extractDeepLinksDebug (Thread[#212,Execution worker Thread 7,5,main]) started.
[        ] :path_provider_android:extractDeepLinksDebug (Thread[#212,Execution worker Thread 7,5,main]) started.
[        ] > Task :path_provider_android:extractDeepLinksDebug UP-TO-DATE
[        ] Caching disabled for task ':path_provider_android:extractDeepLinksDebug' because:
[        ]   Build cache is disabled
[        ] Skipping task ':path_provider_android:extractDeepLinksDebug' as it is up-to-date.
[        ] work action resolve navigation.json (project :path_provider_android) (Thread[#212,Execution worker Thread 7,5,main]) started.
[        ] Resolve mutations for :path_provider_android:processDebugManifest (Thread[#212,Execution worker Thread 7,5,main]) started.
[        ] :path_provider_android:processDebugManifest (Thread[#212,Execution worker Thread 7,5,main]) started.
[        ] > Task :path_provider_android:processDebugManifest UP-TO-DATE
[        ] Caching disabled for task ':path_provider_android:processDebugManifest' because:
[        ]   Build cache is disabled
[        ] Skipping task ':path_provider_android:processDebugManifest' as it is up-to-date.
[        ] work action resolve AndroidManifest.xml (project :path_provider_android) (Thread[#212,Execution worker Thread 7,5,main]) started.
[        ] Resolve mutations for :sqflite_android:extractDeepLinksDebug (Thread[#212,Execution worker Thread 7,5,main]) started.
[        ] :sqflite_android:extractDeepLinksDebug (Thread[#212,Execution worker Thread 7,5,main]) started.
[        ] > Task :sqflite_android:extractDeepLinksDebug UP-TO-DATE
[        ] Caching disabled for task ':sqflite_android:extractDeepLinksDebug' because:
[        ]   Build cache is disabled
[        ] Skipping task ':sqflite_android:extractDeepLinksDebug' as it is up-to-date.
[        ] work action resolve navigation.json (project :sqflite_android) (Thread[#212,Execution worker Thread 7,5,main]) started.
[        ] Resolve mutations for :sqflite_android:processDebugManifest (Thread[#212,Execution worker Thread 7,5,main]) started.
[        ] :sqflite_android:processDebugManifest (Thread[#212,Execution worker Thread 7,5,main]) started.
[        ] > Task :sqflite_android:processDebugManifest UP-TO-DATE
[        ] Caching disabled for task ':sqflite_android:processDebugManifest' because:
[        ]   Build cache is disabled
[        ] Skipping task ':sqflite_android:processDebugManifest' as it is up-to-date.
[        ] work action resolve AndroidManifest.xml (project :sqflite_android) (Thread[#212,Execution worker Thread 7,5,main]) started.
[        ] Resolve mutations for :app:processDebugMainManifest (Thread[#212,Execution worker Thread 7,5,main]) started.
[        ] :app:processDebugMainManifest (Thread[#212,Execution worker Thread 7,5,main]) started.
[        ] > Task :app:processDebugMainManifest UP-TO-DATE
[        ] Caching disabled for task ':app:processDebugMainManifest' because:
[        ]   Build cache is disabled
[        ] Skipping task ':app:processDebugMainManifest' as it is up-to-date.
[        ] Resolve mutations for :app:outputDebugAppLinkSettings (Thread[#212,Execution worker Thread 7,5,main]) started.
[  +54 ms] :app:outputDebugAppLinkSettings (Thread[#212,Execution worker Thread 7,5,main]) started.
[        ] > Task :app:outputDebugAppLinkSettings UP-TO-DATE
[        ] Caching disabled for task ':app:outputDebugAppLinkSettings' because:
[        ]   Build cache is disabled
[        ]   Caching has not been enabled for the task
[        ] Skipping task ':app:outputDebugAppLinkSettings' as it is up-to-date.
[   +1 ms] Resolve mutations for :app:processDebugManifest (Thread[#212,Execution worker Thread 7,5,main]) started.
[        ] :app:processDebugManifest (Thread[#211,Execution worker Thread 6,5,main]) started.
[        ] > Task :app:processDebugManifest UP-TO-DATE
[        ] Caching disabled for task ':app:processDebugManifest' because:
[        ]   Build cache is disabled
[        ] Skipping task ':app:processDebugManifest' as it is up-to-date.
[        ] Resolve mutations for :app:processDebugManifestForPackage (Thread[#211,Execution worker Thread 6,5,main]) started.
[        ] :app:processDebugManifestForPackage (Thread[#211,Execution worker Thread 6,5,main]) started.
[        ] > Task :app:processDebugManifestForPackage UP-TO-DATE
[        ] Custom actions are attached to task ':app:processDebugManifestForPackage'.
[        ] Caching disabled for task ':app:processDebugManifestForPackage' because:
[        ]   Build cache is disabled
[        ] Skipping task ':app:processDebugManifestForPackage' as it is up-to-date.
[        ] Resolve mutations for :cloud_firestore:compileDebugLibraryResources (Thread[#211,Execution worker Thread 6,5,main]) started.
[        ] :cloud_firestore:compileDebugLibraryResources (Thread[#211,Execution worker Thread 6,5,main]) started.
[        ] > Task :cloud_firestore:compileDebugLibraryResources UP-TO-DATE
[        ] Caching disabled for task ':cloud_firestore:compileDebugLibraryResources' because:
[        ]   Build cache is disabled
[        ] Skipping task ':cloud_firestore:compileDebugLibraryResources' as it is up-to-date.
[        ] work action resolve out (project :cloud_firestore) (Thread[#211,Execution worker Thread 6,5,main]) started.
[        ] Resolve mutations for :cloud_firestore:parseDebugLocalResources (Thread[#211,Execution worker Thread 6,5,main]) started.
[        ] :cloud_firestore:parseDebugLocalResources (Thread[#211,Execution worker Thread 6,5,main]) started.
[        ] > Task :cloud_firestore:parseDebugLocalResources UP-TO-DATE
[        ] Caching disabled for task ':cloud_firestore:parseDebugLocalResources' because:
[        ]   Build cache is disabled
[        ] Skipping task ':cloud_firestore:parseDebugLocalResources' as it is up-to-date.
[        ] Resolve mutations for :cloud_firestore:generateDebugRFile (Thread[#211,Execution worker Thread 6,5,main]) started.
[        ] :cloud_firestore:generateDebugRFile (Thread[#211,Execution worker Thread 6,5,main]) started.
[        ] > Task :cloud_firestore:generateDebugRFile UP-TO-DATE
[        ] Caching disabled for task ':cloud_firestore:generateDebugRFile' because:
[        ]   Build cache is disabled
[        ] Skipping task ':cloud_firestore:generateDebugRFile' as it is up-to-date.
[        ] work action resolve package-aware-r.txt (project :cloud_firestore) (Thread[#211,Execution worker Thread 6,5,main]) started.
[        ] Resolve mutations for :file_picker:compileDebugLibraryResources (Thread[#211,Execution worker Thread 6,5,main]) started.
[        ] :file_picker:compileDebugLibraryResources (Thread[#211,Execution worker Thread 6,5,main]) started.
[        ] > Task :file_picker:compileDebugLibraryResources UP-TO-DATE
[        ] Caching disabled for task ':file_picker:compileDebugLibraryResources' because:
[        ]   Build cache is disabled
[        ] Skipping task ':file_picker:compileDebugLibraryResources' as it is up-to-date.
[        ] work action resolve out (project :file_picker) (Thread[#211,Execution worker Thread 6,5,main]) started.
[        ] Resolve mutations for :file_picker:parseDebugLocalResources (Thread[#210,Execution worker Thread 5,5,main]) started.
[        ] :file_picker:parseDebugLocalResources (Thread[#210,Execution worker Thread 5,5,main]) started.
[        ] > Task :file_picker:parseDebugLocalResources UP-TO-DATE
[        ] Caching disabled for task ':file_picker:parseDebugLocalResources' because:
[        ]   Build cache is disabled
[        ] Skipping task ':file_picker:parseDebugLocalResources' as it is up-to-date.
[        ] Resolve mutations for :file_picker:generateDebugRFile (Thread[#210,Execution worker Thread 5,5,main]) started.
[        ] :file_picker:generateDebugRFile (Thread[#210,Execution worker Thread 5,5,main]) started.
[        ] > Task :file_picker:generateDebugRFile UP-TO-DATE
[        ] Caching disabled for task ':file_picker:generateDebugRFile' because:
[        ]   Build cache is disabled
[        ] Skipping task ':file_picker:generateDebugRFile' as it is up-to-date.
[        ] work action resolve package-aware-r.txt (project :file_picker) (Thread[#210,Execution worker Thread 5,5,main]) started.
[        ] Resolve mutations for :firebase_auth:compileDebugLibraryResources (Thread[#210,Execution worker Thread 5,5,main]) started.
[        ] :firebase_auth:compileDebugLibraryResources (Thread[#210,Execution worker Thread 5,5,main]) started.
[        ] > Task :firebase_auth:compileDebugLibraryResources UP-TO-DATE
[        ] Caching disabled for task ':firebase_auth:compileDebugLibraryResources' because:
[        ]   Build cache is disabled
[        ] Skipping task ':firebase_auth:compileDebugLibraryResources' as it is up-to-date.
[        ] work action resolve out (project :firebase_auth) (Thread[#210,Execution worker Thread 5,5,main]) started.
[        ] Resolve mutations for :firebase_auth:parseDebugLocalResources (Thread[#210,Execution worker Thread 5,5,main]) started.
[        ] :firebase_auth:parseDebugLocalResources (Thread[#210,Execution worker Thread 5,5,main]) started.
[        ] > Task :firebase_auth:parseDebugLocalResources UP-TO-DATE
[        ] Caching disabled for task ':firebase_auth:parseDebugLocalResources' because:
[        ]   Build cache is disabled
[        ] Skipping task ':firebase_auth:parseDebugLocalResources' as it is up-to-date.
[        ] Resolve mutations for :firebase_auth:generateDebugRFile (Thread[#210,Execution worker Thread 5,5,main]) started.
[        ] :firebase_auth:generateDebugRFile (Thread[#210,Execution worker Thread 5,5,main]) started.
[        ] > Task :firebase_auth:generateDebugRFile UP-TO-DATE
[        ] Caching disabled for task ':firebase_auth:generateDebugRFile' because:
[        ]   Build cache is disabled
[        ] Skipping task ':firebase_auth:generateDebugRFile' as it is up-to-date.
[        ] work action resolve package-aware-r.txt (project :firebase_auth) (Thread[#210,Execution worker Thread 5,5,main]) started.
[        ] Resolve mutations for :firebase_core:compileDebugLibraryResources (Thread[#205,included builds,5,main]) started.
[        ] :firebase_core:compileDebugLibraryResources (Thread[#205,included builds,5,main]) started.
[        ] > Task :firebase_core:compileDebugLibraryResources UP-TO-DATE
[        ] Caching disabled for task ':firebase_core:compileDebugLibraryResources' because:
[        ]   Build cache is disabled
[        ] Skipping task ':firebase_core:compileDebugLibraryResources' as it is up-to-date.
[        ] work action resolve out (project :firebase_core) (Thread[#205,included builds,5,main]) started.
[        ] Resolve mutations for :firebase_core:parseDebugLocalResources (Thread[#205,included builds,5,main]) started.
[        ] :firebase_core:parseDebugLocalResources (Thread[#205,included builds,5,main]) started.
[  +61 ms] > Task :firebase_core:parseDebugLocalResources UP-TO-DATE
[        ] Caching disabled for task ':firebase_core:parseDebugLocalResources' because:
[        ]   Build cache is disabled
[        ] Skipping task ':firebase_core:parseDebugLocalResources' as it is up-to-date.
[        ] Resolve mutations for :firebase_core:generateDebugRFile (Thread[#205,included builds,5,main]) started.
[        ] :firebase_core:generateDebugRFile (Thread[#205,included builds,5,main]) started.
[        ] > Task :firebase_core:generateDebugRFile UP-TO-DATE
[        ] Caching disabled for task ':firebase_core:generateDebugRFile' because:
[        ]   Build cache is disabled
[        ] Skipping task ':firebase_core:generateDebugRFile' as it is up-to-date.
[        ] work action resolve package-aware-r.txt (project :firebase_core) (Thread[#211,Execution worker Thread 6,5,main]) started.
[        ] Resolve mutations for :firebase_storage:compileDebugLibraryResources (Thread[#211,Execution worker Thread 6,5,main]) started.
[        ] :firebase_storage:compileDebugLibraryResources (Thread[#211,Execution worker Thread 6,5,main]) started.
[        ] > Task :firebase_storage:compileDebugLibraryResources UP-TO-DATE
[        ] Caching disabled for task ':firebase_storage:compileDebugLibraryResources' because:
[        ]   Build cache is disabled
[        ] Skipping task ':firebase_storage:compileDebugLibraryResources' as it is up-to-date.
[        ] work action resolve out (project :firebase_storage) (Thread[#211,Execution worker Thread 6,5,main]) started.
[        ] Resolve mutations for :firebase_storage:parseDebugLocalResources (Thread[#211,Execution worker Thread 6,5,main]) started.
[        ] :firebase_storage:parseDebugLocalResources (Thread[#211,Execution worker Thread 6,5,main]) started.
[        ] > Task :firebase_storage:parseDebugLocalResources UP-TO-DATE
[        ] Caching disabled for task ':firebase_storage:parseDebugLocalResources' because:
[        ]   Build cache is disabled
[        ] Skipping task ':firebase_storage:parseDebugLocalResources' as it is up-to-date.
[        ] Resolve mutations for :firebase_storage:generateDebugRFile (Thread[#211,Execution worker Thread 6,5,main]) started.
[        ] :firebase_storage:generateDebugRFile (Thread[#211,Execution worker Thread 6,5,main]) started.
[   +1 ms] > Task :firebase_storage:generateDebugRFile UP-TO-DATE
[        ] Caching disabled for task ':firebase_storage:generateDebugRFile' because:
[        ]   Build cache is disabled
[        ] Skipping task ':firebase_storage:generateDebugRFile' as it is up-to-date.
[        ] work action resolve package-aware-r.txt (project :firebase_storage) (Thread[#210,Execution worker Thread 5,5,main]) started.
[        ] Resolve mutations for :flutter_plugin_android_lifecycle:compileDebugLibraryResources (Thread[#210,Execution worker Thread 5,5,main]) started.
[        ] :flutter_plugin_android_lifecycle:compileDebugLibraryResources (Thread[#210,Execution worker Thread 5,5,main]) started.
[        ] > Task :flutter_plugin_android_lifecycle:compileDebugLibraryResources UP-TO-DATE
[        ] Caching disabled for task ':flutter_plugin_android_lifecycle:compileDebugLibraryResources' because:
[        ]   Build cache is disabled
[        ] Skipping task ':flutter_plugin_android_lifecycle:compileDebugLibraryResources' as it is up-to-date.
[        ] work action resolve out (project :flutter_plugin_android_lifecycle) (Thread[#210,Execution worker Thread 5,5,main]) started.
[        ] Resolve mutations for :flutter_plugin_android_lifecycle:parseDebugLocalResources (Thread[#210,Execution worker Thread 5,5,main]) started.
[        ] :flutter_plugin_android_lifecycle:parseDebugLocalResources (Thread[#210,Execution worker Thread 5,5,main]) started.
[        ] > Task :flutter_plugin_android_lifecycle:parseDebugLocalResources UP-TO-DATE
[        ] Caching disabled for task ':flutter_plugin_android_lifecycle:parseDebugLocalResources' because:
[        ]   Build cache is disabled
[        ] Skipping task ':flutter_plugin_android_lifecycle:parseDebugLocalResources' as it is up-to-date.
[        ] Resolve mutations for :flutter_plugin_android_lifecycle:generateDebugRFile (Thread[#210,Execution worker Thread 5,5,main]) started.
[        ] :flutter_plugin_android_lifecycle:generateDebugRFile (Thread[#210,Execution worker Thread 5,5,main]) started.
[        ] > Task :flutter_plugin_android_lifecycle:generateDebugRFile UP-TO-DATE
[        ] Caching disabled for task ':flutter_plugin_android_lifecycle:generateDebugRFile' because:
[        ]   Build cache is disabled
[        ] Skipping task ':flutter_plugin_android_lifecycle:generateDebugRFile' as it is up-to-date.
[        ] work action resolve package-aware-r.txt (project :flutter_plugin_android_lifecycle) (Thread[#210,Execution worker Thread 5,5,main]) started.
[        ] Resolve mutations for :path_provider_android:compileDebugLibraryResources (Thread[#210,Execution worker Thread 5,5,main]) started.
[        ] :path_provider_android:compileDebugLibraryResources (Thread[#210,Execution worker Thread 5,5,main]) started.
[        ] > Task :path_provider_android:compileDebugLibraryResources UP-TO-DATE
[        ] Caching disabled for task ':path_provider_android:compileDebugLibraryResources' because:
[        ]   Build cache is disabled
[        ] Skipping task ':path_provider_android:compileDebugLibraryResources' as it is up-to-date.
[        ] work action resolve out (project :path_provider_android) (Thread[#210,Execution worker Thread 5,5,main]) started.
[        ] Resolve mutations for :path_provider_android:parseDebugLocalResources (Thread[#210,Execution worker Thread 5,5,main]) started.
[        ] :path_provider_android:parseDebugLocalResources (Thread[#210,Execution worker Thread 5,5,main]) started.
[        ] > Task :path_provider_android:parseDebugLocalResources UP-TO-DATE
[        ] Caching disabled for task ':path_provider_android:parseDebugLocalResources' because:
[        ]   Build cache is disabled
[        ] Skipping task ':path_provider_android:parseDebugLocalResources' as it is up-to-date.
[        ] Resolve mutations for :path_provider_android:generateDebugRFile (Thread[#210,Execution worker Thread 5,5,main]) started.
[        ] :path_provider_android:generateDebugRFile (Thread[#210,Execution worker Thread 5,5,main]) started.
[        ] > Task :path_provider_android:generateDebugRFile UP-TO-DATE
[        ] Caching disabled for task ':path_provider_android:generateDebugRFile' because:
[        ]   Build cache is disabled
[        ] Skipping task ':path_provider_android:generateDebugRFile' as it is up-to-date.
[        ] work action resolve package-aware-r.txt (project :path_provider_android) (Thread[#210,Execution worker Thread 5,5,main]) started.
[        ] Resolve mutations for :sqflite_android:compileDebugLibraryResources (Thread[#210,Execution worker Thread 5,5,main]) started.
[        ] :sqflite_android:compileDebugLibraryResources (Thread[#210,Execution worker Thread 5,5,main]) started.
[        ] > Task :sqflite_android:compileDebugLibraryResources UP-TO-DATE
[        ] Caching disabled for task ':sqflite_android:compileDebugLibraryResources' because:
[        ]   Build cache is disabled
[        ] Skipping task ':sqflite_android:compileDebugLibraryResources' as it is up-to-date.
[        ] work action resolve out (project :sqflite_android) (Thread[#210,Execution worker Thread 5,5,main]) started.
[        ] Resolve mutations for :sqflite_android:parseDebugLocalResources (Thread[#210,Execution worker Thread 5,5,main]) started.
[        ] :sqflite_android:parseDebugLocalResources (Thread[#210,Execution worker Thread 5,5,main]) started.
[        ] > Task :sqflite_android:parseDebugLocalResources UP-TO-DATE
[        ] Caching disabled for task ':sqflite_android:parseDebugLocalResources' because:
[        ]   Build cache is disabled
[        ] Skipping task ':sqflite_android:parseDebugLocalResources' as it is up-to-date.
[        ] Resolve mutations for :sqflite_android:generateDebugRFile (Thread[#210,Execution worker Thread 5,5,main]) started.
[        ] :sqflite_android:generateDebugRFile (Thread[#210,Execution worker Thread 5,5,main]) started.
[        ] > Task :sqflite_android:generateDebugRFile UP-TO-DATE
[        ] Caching disabled for task ':sqflite_android:generateDebugRFile' because:
[        ]   Build cache is disabled
[        ] Skipping task ':sqflite_android:generateDebugRFile' as it is up-to-date.
[        ] work action resolve package-aware-r.txt (project :sqflite_android) (Thread[#210,Execution worker Thread 5,5,main]) started.
[        ] Resolve mutations for :app:processDebugResources (Thread[#210,Execution worker Thread 5,5,main]) started.
[        ] :app:processDebugResources (Thread[#210,Execution worker Thread 5,5,main]) started.
[ +165 ms] > Task :app:processDebugResources UP-TO-DATE
[        ] Registered task dependencies: app:debugCompileClasspath
[        ] Skipping misunderstood TO dep string: project :cloud_firestore
[        ] Skipping misunderstood TO dep string: project :firebase_core
[        ] Skipping misunderstood TO dep string: project :file_picker
[        ] Skipping misunderstood TO dep string: project :firebase_auth
[        ] Skipping misunderstood TO dep string: project :firebase_core
[        ] Skipping misunderstood TO dep string: project :firebase_core
[        ] Skipping misunderstood TO dep string: project :firebase_storage
[        ] Skipping misunderstood TO dep string: project :firebase_core
[        ] Skipping misunderstood TO dep string: project :flutter_plugin_android_lifecycle
[        ] Skipping misunderstood TO dep string: project :path_provider_android
[        ] Skipping misunderstood TO dep string: project :sqflite_android
[        ] Skipping misunderstood TO dep string: com.google.firebase:firebase-auth
[        ] Skipping misunderstood TO dep string: com.google.firebase:firebase-firestore
[        ] Skipping misunderstood TO dep string: com.google.firebase:firebase-storage
[        ] Starting dependency analysis
[        ] Caching disabled for task ':app:processDebugResources' because:
[        ]   Build cache is disabled
[        ] Skipping task ':app:processDebugResources' as it is up-to-date.
[        ] Resolve mutations for :cloud_firestore:generateDebugBuildConfig (Thread[#207,Execution worker Thread 2,5,main]) started.
[        ] :cloud_firestore:generateDebugBuildConfig (Thread[#207,Execution worker Thread 2,5,main]) started.
[        ] > Task :cloud_firestore:generateDebugBuildConfig UP-TO-DATE
[        ] Caching disabled for task ':cloud_firestore:generateDebugBuildConfig' because:
[        ]   Build cache is disabled
[        ] Skipping task ':cloud_firestore:generateDebugBuildConfig' as it is up-to-date.
[        ] Resolve mutations for :cloud_firestore:javaPreCompileDebug (Thread[#207,Execution worker Thread 2,5,main]) started.
[        ] :cloud_firestore:javaPreCompileDebug (Thread[#207,Execution worker Thread 2,5,main]) started.
[        ] > Task :cloud_firestore:javaPreCompileDebug UP-TO-DATE
[        ] Caching disabled for task ':cloud_firestore:javaPreCompileDebug' because:
[        ]   Build cache is disabled
[        ] Skipping task ':cloud_firestore:javaPreCompileDebug' as it is up-to-date.
[        ] Resolve mutations for :firebase_core:generateDebugBuildConfig (Thread[#207,Execution worker Thread 2,5,main]) started.
[        ] :firebase_core:generateDebugBuildConfig (Thread[#207,Execution worker Thread 2,5,main]) started.
[        ] > Task :firebase_core:generateDebugBuildConfig UP-TO-DATE
[        ] Caching disabled for task ':firebase_core:generateDebugBuildConfig' because:
[        ]   Build cache is disabled
[        ] Skipping task ':firebase_core:generateDebugBuildConfig' as it is up-to-date.
[        ] Resolve mutations for :firebase_core:javaPreCompileDebug (Thread[#207,Execution worker Thread 2,5,main]) started.
[        ] :firebase_core:javaPreCompileDebug (Thread[#207,Execution worker Thread 2,5,main]) started.
[        ] > Task :firebase_core:javaPreCompileDebug UP-TO-DATE
[        ] Caching disabled for task ':firebase_core:javaPreCompileDebug' because:
[        ]   Build cache is disabled
[        ] Skipping task ':firebase_core:javaPreCompileDebug' as it is up-to-date.
[        ] Resolve mutations for :firebase_core:compileDebugJavaWithJavac (Thread[#207,Execution worker Thread 2,5,main]) started.
[        ] :firebase_core:compileDebugJavaWithJavac (Thread[#207,Execution worker Thread 2,5,main]) started.
[        ] > Task :firebase_core:compileDebugJavaWithJavac UP-TO-DATE
[        ] Custom actions are attached to task ':firebase_core:compileDebugJavaWithJavac'.
[        ] Caching disabled for task ':firebase_core:compileDebugJavaWithJavac' because:
[        ]   Build cache is disabled
[        ] Skipping task ':firebase_core:compileDebugJavaWithJavac' as it is up-to-date.
[        ] No compile result for :firebase_core:compileDebugJavaWithJavac
[        ] No compile result for :firebase_core:compileDebugJavaWithJavac
[        ] Resolve mutations for :firebase_core:bundleLibCompileToJarDebug (Thread[#207,Execution worker Thread 2,5,main]) started.
[        ] :firebase_core:bundleLibCompileToJarDebug (Thread[#207,Execution worker Thread 2,5,main]) started.
[        ] > Task :firebase_core:bundleLibCompileToJarDebug UP-TO-DATE
[        ] Caching disabled for task ':firebase_core:bundleLibCompileToJarDebug' because:
[        ]   Build cache is disabled
[        ]   Simple merging task
[        ] Skipping task ':firebase_core:bundleLibCompileToJarDebug' as it is up-to-date.
[        ] work action resolve classes.jar (project :firebase_core) (Thread[#207,Execution worker Thread 2,5,main]) started.
[        ] Resolve mutations for :cloud_firestore:compileDebugJavaWithJavac (Thread[#209,Execution worker Thread 4,5,main]) started.
[        ] :cloud_firestore:compileDebugJavaWithJavac (Thread[#209,Execution worker Thread 4,5,main]) started.
[  +83 ms] > Task :cloud_firestore:compileDebugJavaWithJavac UP-TO-DATE
[        ] Custom actions are attached to task ':cloud_firestore:compileDebugJavaWithJavac'.
[        ] Caching disabled for task ':cloud_firestore:compileDebugJavaWithJavac' because:
[        ]   Build cache is disabled
[        ] Skipping task ':cloud_firestore:compileDebugJavaWithJavac' as it is up-to-date.
[        ] No compile result for :cloud_firestore:compileDebugJavaWithJavac
[        ] No compile result for :cloud_firestore:compileDebugJavaWithJavac
[        ] Resolve mutations for :cloud_firestore:bundleLibCompileToJarDebug (Thread[#209,Execution worker Thread 4,5,main]) started.
[        ] :cloud_firestore:bundleLibCompileToJarDebug (Thread[#209,Execution worker Thread 4,5,main]) started.
[        ] > Task :cloud_firestore:bundleLibCompileToJarDebug UP-TO-DATE
[        ] Caching disabled for task ':cloud_firestore:bundleLibCompileToJarDebug' because:
[        ]   Build cache is disabled
[        ]   Simple merging task
[        ] Skipping task ':cloud_firestore:bundleLibCompileToJarDebug' as it is up-to-date.
[        ] work action resolve classes.jar (project :cloud_firestore) (Thread[#209,Execution worker Thread 4,5,main]) started.
[        ] Resolve mutations for :file_picker:checkKotlinGradlePluginConfigurationErrors (Thread[#209,Execution worker Thread 4,5,main]) started.
[        ] :file_picker:checkKotlinGradlePluginConfigurationErrors (Thread[#209,Execution worker Thread 4,5,main]) started.
[        ] > Task :file_picker:checkKotlinGradlePluginConfigurationErrors SKIPPED
[        ] Skipping task ':file_picker:checkKotlinGradlePluginConfigurationErrors' as task onlyIf 'errorDiagnostics are present' is false.
[        ] Resolve mutations for :flutter_plugin_android_lifecycle:javaPreCompileDebug (Thread[#209,Execution worker Thread 4,5,main]) started.
[        ] :flutter_plugin_android_lifecycle:javaPreCompileDebug (Thread[#209,Execution worker Thread 4,5,main]) started.
[        ] > Task :flutter_plugin_android_lifecycle:javaPreCompileDebug UP-TO-DATE
[        ] Caching disabled for task ':flutter_plugin_android_lifecycle:javaPreCompileDebug' because:
[        ]   Build cache is disabled
[        ] Skipping task ':flutter_plugin_android_lifecycle:javaPreCompileDebug' as it is up-to-date.
[        ] Resolve mutations for :flutter_plugin_android_lifecycle:compileDebugJavaWithJavac (Thread[#209,Execution worker Thread 4,5,main]) started.
[        ] :flutter_plugin_android_lifecycle:compileDebugJavaWithJavac (Thread[#209,Execution worker Thread 4,5,main]) started.
[  +98 ms] > Task :flutter_plugin_android_lifecycle:compileDebugJavaWithJavac UP-TO-DATE
[        ] Custom actions are attached to task ':flutter_plugin_android_lifecycle:compileDebugJavaWithJavac'.
[        ] Caching disabled for task ':flutter_plugin_android_lifecycle:compileDebugJavaWithJavac' because:
[        ]   Build cache is disabled
[        ] Skipping task ':flutter_plugin_android_lifecycle:compileDebugJavaWithJavac' as it is up-to-date.
[        ] No compile result for :flutter_plugin_android_lifecycle:compileDebugJavaWithJavac
[        ] No compile result for :flutter_plugin_android_lifecycle:compileDebugJavaWithJavac
[        ] Resolve mutations for :flutter_plugin_android_lifecycle:bundleLibCompileToJarDebug (Thread[#209,Execution worker Thread 4,5,main]) started.
[        ] :flutter_plugin_android_lifecycle:bundleLibCompileToJarDebug (Thread[#209,Execution worker Thread 4,5,main]) started.
[        ] > Task :flutter_plugin_android_lifecycle:bundleLibCompileToJarDebug UP-TO-DATE
[        ] Caching disabled for task ':flutter_plugin_android_lifecycle:bundleLibCompileToJarDebug' because:
[        ]   Build cache is disabled
[        ]   Simple merging task
[        ] Skipping task ':flutter_plugin_android_lifecycle:bundleLibCompileToJarDebug' as it is up-to-date.
[        ] work action resolve classes.jar (project :flutter_plugin_android_lifecycle) (Thread[#209,Execution worker Thread 4,5,main]) started.
[        ] Resolve mutations for :file_picker:compileDebugKotlin (Thread[#209,Execution worker Thread 4,5,main]) started.
[        ] :file_picker:compileDebugKotlin (Thread[#209,Execution worker Thread 4,5,main]) started.
[  +89 ms] > Task :file_picker:compileDebugKotlin UP-TO-DATE
[        ] Adding -Xuse-inline-scopes-numbers Kotlin compiler flag for task :file_picker:compileDebugAndroidTestKotlin
[        ] Caching disabled for task ':file_picker:compileDebugKotlin' because:
[        ]   Build cache is disabled
[        ] Skipping task ':file_picker:compileDebugKotlin' as it is up-to-date.
[        ] Resolve mutations for :file_picker:javaPreCompileDebug (Thread[#209,Execution worker Thread 4,5,main]) started.
[        ] :file_picker:javaPreCompileDebug (Thread[#209,Execution worker Thread 4,5,main]) started.
[        ] > Task :file_picker:javaPreCompileDebug UP-TO-DATE
[        ] Caching disabled for task ':file_picker:javaPreCompileDebug' because:
[        ]   Build cache is disabled
[        ] Skipping task ':file_picker:javaPreCompileDebug' as it is up-to-date.
[        ] Resolve mutations for :file_picker:compileDebugJavaWithJavac (Thread[#209,Execution worker Thread 4,5,main]) started.
[        ] :file_picker:compileDebugJavaWithJavac (Thread[#209,Execution worker Thread 4,5,main]) started.
[        ] > Task :file_picker:compileDebugJavaWithJavac NO-SOURCE
[        ] Skipping task ':file_picker:compileDebugJavaWithJavac' as it has no source files and no previous output files.
[        ] Resolve mutations for :file_picker:bundleLibCompileToJarDebug (Thread[#209,Execution worker Thread 4,5,main]) started.
[        ] :file_picker:bundleLibCompileToJarDebug (Thread[#209,Execution worker Thread 4,5,main]) started.
[        ] > Task :file_picker:bundleLibCompileToJarDebug UP-TO-DATE
[        ] Caching disabled for task ':file_picker:bundleLibCompileToJarDebug' because:
[        ]   Build cache is disabled
[        ]   Simple merging task
[        ] Skipping task ':file_picker:bundleLibCompileToJarDebug' as it is up-to-date.
[        ] work action resolve classes.jar (project :file_picker) (Thread[#209,Execution worker Thread 4,5,main]) started.
[        ] Resolve mutations for :firebase_auth:generateDebugBuildConfig (Thread[#211,Execution worker Thread 6,5,main]) started.
[        ] :firebase_auth:generateDebugBuildConfig (Thread[#211,Execution worker Thread 6,5,main]) started.
[        ] > Task :firebase_auth:generateDebugBuildConfig UP-TO-DATE
[        ] Caching disabled for task ':firebase_auth:generateDebugBuildConfig' because:
[        ]   Build cache is disabled
[        ] Skipping task ':firebase_auth:generateDebugBuildConfig' as it is up-to-date.
[        ] Resolve mutations for :firebase_auth:javaPreCompileDebug (Thread[#211,Execution worker Thread 6,5,main]) started.
[        ] :firebase_auth:javaPreCompileDebug (Thread[#211,Execution worker Thread 6,5,main]) started.
[        ] > Task :firebase_auth:javaPreCompileDebug UP-TO-DATE
[        ] Caching disabled for task ':firebase_auth:javaPreCompileDebug' because:
[        ]   Build cache is disabled
[        ] Skipping task ':firebase_auth:javaPreCompileDebug' as it is up-to-date.
[        ] Resolve mutations for :firebase_auth:compileDebugJavaWithJavac (Thread[#211,Execution worker Thread 6,5,main]) started.
[        ] :firebase_auth:compileDebugJavaWithJavac (Thread[#211,Execution worker Thread 6,5,main]) started.
[  +96 ms] > Task :firebase_auth:compileDebugJavaWithJavac UP-TO-DATE
[        ] Custom actions are attached to task ':firebase_auth:compileDebugJavaWithJavac'.
[        ] Caching disabled for task ':firebase_auth:compileDebugJavaWithJavac' because:
[        ]   Build cache is disabled
[        ] Skipping task ':firebase_auth:compileDebugJavaWithJavac' as it is up-to-date.
[        ] No compile result for :firebase_auth:compileDebugJavaWithJavac
[        ] No compile result for :firebase_auth:compileDebugJavaWithJavac
[        ] Resolve mutations for :firebase_auth:bundleLibCompileToJarDebug (Thread[#211,Execution worker Thread 6,5,main]) started.
[        ] :firebase_auth:bundleLibCompileToJarDebug (Thread[#211,Execution worker Thread 6,5,main]) started.
[        ] > Task :firebase_auth:bundleLibCompileToJarDebug UP-TO-DATE
[        ] Caching disabled for task ':firebase_auth:bundleLibCompileToJarDebug' because:
[        ]   Build cache is disabled
[        ]   Simple merging task
[        ] Skipping task ':firebase_auth:bundleLibCompileToJarDebug' as it is up-to-date.
[        ] work action resolve classes.jar (project :firebase_auth) (Thread[#211,Execution worker Thread 6,5,main]) started.
[        ] Resolve mutations for :firebase_storage:checkKotlinGradlePluginConfigurationErrors (Thread[#211,Execution worker Thread 6,5,main]) started.
[        ] :firebase_storage:checkKotlinGradlePluginConfigurationErrors (Thread[#211,Execution worker Thread 6,5,main]) started.
[        ] > Task :firebase_storage:checkKotlinGradlePluginConfigurationErrors SKIPPED
[        ] Skipping task ':firebase_storage:checkKotlinGradlePluginConfigurationErrors' as task onlyIf 'errorDiagnostics are present' is false.
[        ] Resolve mutations for :firebase_storage:generateDebugBuildConfig (Thread[#211,Execution worker Thread 6,5,main]) started.
[        ] :firebase_storage:generateDebugBuildConfig (Thread[#211,Execution worker Thread 6,5,main]) started.
[        ] > Task :firebase_storage:generateDebugBuildConfig UP-TO-DATE
[        ] Caching disabled for task ':firebase_storage:generateDebugBuildConfig' because:
[        ]   Build cache is disabled
[        ] Skipping task ':firebase_storage:generateDebugBuildConfig' as it is up-to-date.
[        ] Resolve mutations for :firebase_storage:compileDebugKotlin (Thread[#211,Execution worker Thread 6,5,main]) started.
[        ] :firebase_storage:compileDebugKotlin (Thread[#211,Execution worker Thread 6,5,main]) started.
[  +85 ms] > Task :firebase_storage:compileDebugKotlin UP-TO-DATE
[        ] Adding -Xuse-inline-scopes-numbers Kotlin compiler flag for task :firebase_storage:compileDebugAndroidTestKotlin
[        ] Caching disabled for task ':firebase_storage:compileDebugKotlin' because:
[        ]   Build cache is disabled
[        ] Skipping task ':firebase_storage:compileDebugKotlin' as it is up-to-date.
[        ] Resolve mutations for :firebase_storage:javaPreCompileDebug (Thread[#211,Execution worker Thread 6,5,main]) started.
[        ] :firebase_storage:javaPreCompileDebug (Thread[#211,Execution worker Thread 6,5,main]) started.
[        ] > Task :firebase_storage:javaPreCompileDebug UP-TO-DATE
[        ] Caching disabled for task ':firebase_storage:javaPreCompileDebug' because:
[        ]   Build cache is disabled
[        ] Skipping task ':firebase_storage:javaPreCompileDebug' as it is up-to-date.
[        ] Resolve mutations for :firebase_storage:compileDebugJavaWithJavac (Thread[#211,Execution worker Thread 6,5,main]) started.
[        ] :firebase_storage:compileDebugJavaWithJavac (Thread[#211,Execution worker Thread 6,5,main]) started.
[        ] > Task :firebase_storage:compileDebugJavaWithJavac UP-TO-DATE
[        ] Custom actions are attached to task ':firebase_storage:compileDebugJavaWithJavac'.
[        ] Caching disabled for task ':firebase_storage:compileDebugJavaWithJavac' because:
[        ]   Build cache is disabled
[        ] Skipping task ':firebase_storage:compileDebugJavaWithJavac' as it is up-to-date.
[        ] No compile result for :firebase_storage:compileDebugJavaWithJavac
[        ] No compile result for :firebase_storage:compileDebugJavaWithJavac
[        ] Resolve mutations for :firebase_storage:bundleLibCompileToJarDebug (Thread[#211,Execution worker Thread 6,5,main]) started.
[        ] :firebase_storage:bundleLibCompileToJarDebug (Thread[#211,Execution worker Thread 6,5,main]) started.
[        ] > Task :firebase_storage:bundleLibCompileToJarDebug UP-TO-DATE
[        ] Caching disabled for task ':firebase_storage:bundleLibCompileToJarDebug' because:
[        ]   Build cache is disabled
[        ]   Simple merging task
[        ] Skipping task ':firebase_storage:bundleLibCompileToJarDebug' as it is up-to-date.
[        ] work action resolve classes.jar (project :firebase_storage) (Thread[#211,Execution worker Thread 6,5,main]) started.
[        ] Resolve mutations for :path_provider_android:javaPreCompileDebug (Thread[#211,Execution worker Thread 6,5,main]) started.
[        ] :path_provider_android:javaPreCompileDebug (Thread[#211,Execution worker Thread 6,5,main]) started.
[        ] > Task :path_provider_android:javaPreCompileDebug UP-TO-DATE
[        ] Caching disabled for task ':path_provider_android:javaPreCompileDebug' because:
[        ]   Build cache is disabled
[        ] Skipping task ':path_provider_android:javaPreCompileDebug' as it is up-to-date.
[        ] Resolve mutations for :path_provider_android:compileDebugJavaWithJavac (Thread[#211,Execution worker Thread 6,5,main]) started.
[   +1 ms] :path_provider_android:compileDebugJavaWithJavac (Thread[#211,Execution worker Thread 6,5,main]) started.
[  +84 ms] > Task :path_provider_android:compileDebugJavaWithJavac UP-TO-DATE
[        ] Custom actions are attached to task ':path_provider_android:compileDebugJavaWithJavac'.
[        ] Caching disabled for task ':path_provider_android:compileDebugJavaWithJavac' because:
[        ]   Build cache is disabled
[        ] Skipping task ':path_provider_android:compileDebugJavaWithJavac' as it is up-to-date.
[        ] No compile result for :path_provider_android:compileDebugJavaWithJavac
[        ] No compile result for :path_provider_android:compileDebugJavaWithJavac
[        ] Resolve mutations for :path_provider_android:bundleLibCompileToJarDebug (Thread[#211,Execution worker Thread 6,5,main]) started.
[        ] :path_provider_android:bundleLibCompileToJarDebug (Thread[#211,Execution worker Thread 6,5,main]) started.
[        ] > Task :path_provider_android:bundleLibCompileToJarDebug UP-TO-DATE
[        ] Caching disabled for task ':path_provider_android:bundleLibCompileToJarDebug' because:
[        ]   Build cache is disabled
[        ]   Simple merging task
[        ] Skipping task ':path_provider_android:bundleLibCompileToJarDebug' as it is up-to-date.
[        ] work action resolve classes.jar (project :path_provider_android) (Thread[#211,Execution worker Thread 6,5,main]) started.
[        ] Resolve mutations for :sqflite_android:javaPreCompileDebug (Thread[#211,Execution worker Thread 6,5,main]) started.
[        ] :sqflite_android:javaPreCompileDebug (Thread[#211,Execution worker Thread 6,5,main]) started.
[        ] > Task :sqflite_android:javaPreCompileDebug UP-TO-DATE
[        ] Caching disabled for task ':sqflite_android:javaPreCompileDebug' because:
[        ]   Build cache is disabled
[        ] Skipping task ':sqflite_android:javaPreCompileDebug' as it is up-to-date.
[        ] Resolve mutations for :sqflite_android:compileDebugJavaWithJavac (Thread[#211,Execution worker Thread 6,5,main]) started.
[        ] :sqflite_android:compileDebugJavaWithJavac (Thread[#211,Execution worker Thread 6,5,main]) started.
[        ] > Task :sqflite_android:compileDebugJavaWithJavac UP-TO-DATE
[        ] Custom actions are attached to task ':sqflite_android:compileDebugJavaWithJavac'.
[        ] Caching disabled for task ':sqflite_android:compileDebugJavaWithJavac' because:
[        ]   Build cache is disabled
[        ] Skipping task ':sqflite_android:compileDebugJavaWithJavac' as it is up-to-date.
[        ] No compile result for :sqflite_android:compileDebugJavaWithJavac
[        ] No compile result for :sqflite_android:compileDebugJavaWithJavac
[        ] Resolve mutations for :sqflite_android:bundleLibCompileToJarDebug (Thread[#211,Execution worker Thread 6,5,main]) started.
[        ] :sqflite_android:bundleLibCompileToJarDebug (Thread[#211,Execution worker Thread 6,5,main]) started.
[        ] > Task :sqflite_android:bundleLibCompileToJarDebug UP-TO-DATE
[        ] Caching disabled for task ':sqflite_android:bundleLibCompileToJarDebug' because:
[        ]   Build cache is disabled
[        ]   Simple merging task
[        ] Skipping task ':sqflite_android:bundleLibCompileToJarDebug' as it is up-to-date.
[        ] work action resolve classes.jar (project :sqflite_android) (Thread[#211,Execution worker Thread 6,5,main]) started.
[        ] Resolve mutations for :app:compileDebugKotlin (Thread[#211,Execution worker Thread 6,5,main]) started.
[        ] :app:compileDebugKotlin (Thread[#211,Execution worker Thread 6,5,main]) started.
[+1996 ms] > Task :app:compileDebugKotlin
[        ] Caching disabled for IdentityTransform: D:\Project\smart-exit-app\build\app\intermediates\flutter\debug\libs.jar because:
[        ]   Build cache is disabled
[        ]   Caching not enabled.
[        ] Downloading https://storage.googleapis.com/download.flutter.io/io/flutter/armeabi_v7a_debug/1.0.0-cb467e31a54207dc987aca5bb0941c4d2e3fd9ed/armeabi_v7a_debug-1.0.0-cb467e31a54207dc987aca5bb0941c4d2e3fd9ed.jar to C:\Users\HH\.gradle\.tmp\gradle_download9558941978102767731bin
[        ] Downloading https://storage.googleapis.com/download.flutter.io/io/flutter/x86_64_debug/1.0.0-cb467e31a54207dc987aca5bb0941c4d2e3fd9ed/x86_64_debug-1.0.0-cb467e31a54207dc987aca5bb0941c4d2e3fd9ed.jar to C:\Users\HH\.gradle\.tmp\gradle_download3358155928415368446bin
[+560748 ms] Invalidating in-memory cache of C:\Users\HH\.gradle\caches\journal-1\file-access.bin
[ +144 ms] Invalidating in-memory cache of C:\Users\HH\.gradle\caches\8.14\fileHashes\fileHashes.bin
[   +2 ms] Invalidating in-memory cache of C:\Users\HH\.gradle\caches\8.14\fileHashes\resourceHashesCache.bin
[ +597 ms] Caching disabled for IdentityTransform: C:\Users\HH\.gradle\caches\modules-2\files-2.1\io.flutter\armeabi_v7a_debug\1.0.0-cb467e31a54207dc987aca5bb0941c4d2e3fd9ed\1af2274d4c5d920013812014782f933ac6066c97\armeabi_v7a_debug-1.0.0-cb467e31a54207dc987aca5bb0941c4d2e3fd9ed.jar because:
[   +1 ms]   Build cache is disabled
[        ]   Caching not enabled.
[+191397 ms] Invalidating in-memory cache of C:\Users\HH\.gradle\caches\journal-1\file-access.bin
[        ] Invalidating in-memory cache of C:\Users\HH\.gradle\caches\8.14\fileHashes\fileHashes.bin
[        ] Invalidating in-memory cache of C:\Users\HH\.gradle\caches\8.14\fileHashes\resourceHashesCache.bin
[ +200 ms] Caching disabled for IdentityTransform: C:\Users\HH\.gradle\caches\modules-2\files-2.1\io.flutter\x86_64_debug\1.0.0-cb467e31a54207dc987aca5bb0941c4d2e3fd9ed\dcdb9b60736980adf0722e189750e8eb0229ec38\x86_64_debug-1.0.0-cb467e31a54207dc987aca5bb0941c4d2e3fd9ed.jar because:
[        ]   Build cache is disabled
[        ]   Caching not enabled.
[  +92 ms] Adding -Xuse-inline-scopes-numbers Kotlin compiler flag for task :app:compileDebugAndroidTestKotlin
[        ] Invalidating in-memory cache of D:\Project\smart-exit-app\android\.gradle\8.14\fileHashes\fileHashes.bin
[        ] Invalidating in-memory cache of D:\Project\smart-exit-app\android\.gradle\8.14\fileHashes\resourceHashesCache.bin
[ +111 ms] Caching disabled for BuildToolsApiClasspathEntrySnapshotTransform: D:\Project\smart-exit-app\build\app\intermediates\flutter\debug\libs.jar because:
[   +1 ms]   Build cache is disabled
[+1905 ms] Caching disabled for BuildToolsApiClasspathEntrySnapshotTransform: C:\Users\HH\.gradle\caches\modules-2\files-2.1\io.flutter\x86_64_debug\1.0.0-cb467e31a54207dc987aca5bb0941c4d2e3fd9ed\dcdb9b60736980adf0722e189750e8eb0229ec38\x86_64_debug-1.0.0-cb467e31a54207dc987aca5bb0941c4d2e3fd9ed.jar because:
[        ]   Build cache is disabled
[+2392 ms] Caching disabled for BuildToolsApiClasspathEntrySnapshotTransform: C:\Users\HH\.gradle\caches\modules-2\files-2.1\io.flutter\armeabi_v7a_debug\1.0.0-cb467e31a54207dc987aca5bb0941c4d2e3fd9ed\1af2274d4c5d920013812014782f933ac6066c97\armeabi_v7a_debug-1.0.0-cb467e31a54207dc987aca5bb0941c4d2e3fd9ed.jar because:
[        ]   Build cache is disabled
[  +94 ms] Registered task dependencies: app:kotlinCompilerClasspath
[   +1 ms] Starting dependency analysis
[        ] Registered task dependencies: app:kotlinCompilerPluginClasspathDebug
[        ] Starting dependency analysis
[        ] Caching disabled for task ':app:compileDebugKotlin' because:
[        ]   Build cache is disabled
[        ] Task ':app:compileDebugKotlin' is not up-to-date because:
[        ]   Input property 'classpathSnapshotProperties.classpathSnapshot' file C:\Users\HH\.gradle\caches\8.14\transforms\325ac37dddb37100efcf814c73609060\transformed\annotations-23_0_0_jar-snapshot.bin has been removed.
[        ]   Input property 'classpathSnapshotProperties.classpathSnapshot' file C:\Users\HH\.gradle\caches\8.14\transforms\6037c3f6bdd92a0f5c709d6078823452\transformed\arm64_v8a_debug-1_0_0-cb467e31a54207dc987aca5bb0941c4d2e3fd9ed_jar-snapshot.bin has been added.
[        ]   Input property 'classpathSnapshotProperties.classpathSnapshot' file C:\Users\HH\.gradle\caches\8.14\transforms\d3b061df7d972af4c3ab453b9dd9c689\transformed\startup-runtime-1_1_1-api_jar-snapshot.bin has been removed.
[        ]   and more...
[        ] file or directory 'D:\Project\smart-exit-app\android\app\src\debug\kotlin', not found
[        ] file or directory 'D:\Project\smart-exit-app\android\app\src\debug\java', not found
[        ] file or directory 'D:\Project\smart-exit-app\android\app\src\debug\kotlin', not found
[        ] file or directory 'D:\Project\smart-exit-app\android\app\src\debug\kotlin', not found
[        ] file or directory 'D:\Project\smart-exit-app\android\app\src\debug\java', not found
[        ] file or directory 'D:\Project\smart-exit-app\android\app\src\debug\java', not found
[   +1 ms] file or directory 'D:\Project\smart-exit-app\android\app\src\debug\kotlin', not found
[   +2 ms] file or directory 'D:\Project\smart-exit-app\android\app\src\debug\java', not found
[        ] file or directory 'D:\Project\smart-exit-app\android\app\src\debug\kotlin', not found
[   +1 ms] file or directory 'D:\Project\smart-exit-app\android\app\src\debug\kotlin', not found
[        ] file or directory 'D:\Project\smart-exit-app\android\app\src\debug\java', not found
[        ] file or directory 'D:\Project\smart-exit-app\android\app\src\debug\java', not found
[        ] file or directory 'D:\Project\smart-exit-app\android\app\src\debug\kotlin', not found
[        ] file or directory 'D:\Project\smart-exit-app\android\app\src\debug\java', not found
[        ] file or directory 'D:\Project\smart-exit-app\android\app\src\debug\kotlin', not found
[        ] file or directory 'D:\Project\smart-exit-app\android\app\src\debug\kotlin', not found
[        ] file or directory 'D:\Project\smart-exit-app\android\app\src\debug\java', not found
[        ] file or directory 'D:\Project\smart-exit-app\android\app\src\debug\java', not found
[        ] file or directory 'D:\Project\smart-exit-app\android\app\src\debug\kotlin', not found
[        ] file or directory 'D:\Project\smart-exit-app\android\app\src\debug\java', not found
[        ] file or directory 'D:\Project\smart-exit-app\android\app\src\debug\kotlin', not found
[   +2 ms] file or directory 'D:\Project\smart-exit-app\android\app\src\debug\kotlin', not found
[        ] file or directory 'D:\Project\smart-exit-app\android\app\src\debug\java', not found
[        ] file or directory 'D:\Project\smart-exit-app\android\app\src\debug\java', not found
[        ] Kotlin source files: D:\Project\smart-exit-app\android\app\src\main\kotlin\com\example\smart_exit_app\MainActivity.kt
[        ] Java source files: D:\Project\smart-exit-app\android\app\src\main\java\io\flutter\plugins\GeneratedPluginRegistrant.java
[        ] Script source files: 
[        ] Script file extensions: 
[        ] Using Kotlin/JVM incremental compilation
[        ] [KOTLIN] Kotlin compilation 'jdkHome' argument: null
[  +84 ms] Resolve mutations for :app:javaPreCompileDebug (Thread[#208,Execution worker Thread 3,5,main]) started.
[        ] :app:javaPreCompileDebug (Thread[#208,Execution worker Thread 3,5,main]) started.
[   +7 ms] > Task :app:javaPreCompileDebug UP-TO-DATE
[        ] Invalidating in-memory cache of D:\Project\smart-exit-app\android\.gradle\buildOutputCleanup\outputFiles.bin
[        ] Invalidating in-memory cache of D:\Project\smart-exit-app\android\.gradle\8.14\executionHistory\executionHistory.bin
[        ] Caching disabled for task ':app:javaPreCompileDebug' because:
[        ]   Build cache is disabled
[        ] Skipping task ':app:javaPreCompileDebug' as it is up-to-date.
[        ] Resolve mutations for :app:compressDebugAssets (Thread[#208,Execution worker Thread 3,5,main]) started.
[        ] :app:compressDebugAssets (Thread[#208,Execution worker Thread 3,5,main]) started.
[   +1 ms] > Task :app:compressDebugAssets UP-TO-DATE
[        ] Caching disabled for task ':app:compressDebugAssets' because:
[   +2 ms]   Build cache is disabled
[        ] Skipping task ':app:compressDebugAssets' as it is up-to-date.
[        ] Resolve mutations for :cloud_firestore:bundleLibRuntimeToJarDebug (Thread[#208,Execution worker Thread 3,5,main]) started.
[        ] :cloud_firestore:bundleLibRuntimeToJarDebug (Thread[#208,Execution worker Thread 3,5,main]) started.
[   +4 ms] > Task :cloud_firestore:bundleLibRuntimeToJarDebug UP-TO-DATE
[        ] Caching disabled for task ':cloud_firestore:bundleLibRuntimeToJarDebug' because:
[        ]   Build cache is disabled
[        ]   Simple merging task
[        ] Skipping task ':cloud_firestore:bundleLibRuntimeToJarDebug' as it is up-to-date.
[   +1 ms] work action resolve classes.jar (project :cloud_firestore) (Thread[#208,Execution worker Thread 3,5,main]) started.
[        ] IdentityTransform (Thread[#208,Execution worker Thread 3,5,main]) started.
[        ] Resolve mutations for :file_picker:bundleLibRuntimeToJarDebug (Thread[#206,Execution worker,5,main]) started.
[        ] :file_picker:bundleLibRuntimeToJarDebug (Thread[#206,Execution worker,5,main]) started.
[        ] DexingNoClasspathTransform (Thread[#208,Execution worker Thread 3,5,main]) started.
[        ] > Task :file_picker:bundleLibRuntimeToJarDebug UP-TO-DATE
[        ] Caching disabled for task ':file_picker:bundleLibRuntimeToJarDebug' because:
[        ]   Build cache is disabled
[        ]   Simple merging task
[        ] Skipping task ':file_picker:bundleLibRuntimeToJarDebug' as it is up-to-date.
[        ] work action resolve classes.jar (project :file_picker) (Thread[#206,Execution worker,5,main]) started.
[        ] IdentityTransform (Thread[#206,Execution worker,5,main]) started.
[        ] Resolve mutations for :firebase_auth:bundleLibRuntimeToJarDebug (Thread[#212,Execution worker Thread 7,5,main]) started.
[        ] DexingNoClasspathTransform (Thread[#212,Execution worker Thread 7,5,main]) started.
[        ] :firebase_auth:bundleLibRuntimeToJarDebug (Thread[#206,Execution worker,5,main]) started.
[        ] > Transform classes.jar (project :cloud_firestore) with DexingNoClasspathTransform
[        ] Caching disabled for DexingNoClasspathTransform: D:\Project\smart-exit-app\build\cloud_firestore\intermediates\runtime_library_classes_jar\debug\bundleLibRuntimeToJarDebug\classes.jar because:
[        ]   Build cache is disabled
[        ] Skipping DexingNoClasspathTransform: D:\Project\smart-exit-app\build\cloud_firestore\intermediates\runtime_library_classes_jar\debug\bundleLibRuntimeToJarDebug\classes.jar as it is up-to-date.
[        ] DexingOutputSplitTransform (Thread[#208,Execution worker Thread 3,5,main]) started.
[        ] > Task :firebase_auth:bundleLibRuntimeToJarDebug UP-TO-DATE
[        ] Caching disabled for task ':firebase_auth:bundleLibRuntimeToJarDebug' because:
[   +1 ms]   Build cache is disabled
[        ]   Simple merging task
[   +1 ms] Skipping task ':firebase_auth:bundleLibRuntimeToJarDebug' as it is up-to-date.
[   +1 ms] work action resolve classes.jar (project :firebase_auth) (Thread[#206,Execution worker,5,main]) started.
[        ] IdentityTransform (Thread[#206,Execution worker,5,main]) started.
[        ] > Transform classes.jar (project :file_picker) with DexingNoClasspathTransform
[   +1 ms] Caching disabled for DexingNoClasspathTransform: D:\Project\smart-exit-app\build\file_picker\intermediates\runtime_library_classes_jar\debug\bundleLibRuntimeToJarDebug\classes.jar because:
[   +1 ms]   Build cache is disabled
[        ] Skipping DexingNoClasspathTransform: D:\Project\smart-exit-app\build\file_picker\intermediates\runtime_library_classes_jar\debug\bundleLibRuntimeToJarDebug\classes.jar as it is up-to-date.
[        ] DexingOutputSplitTransform (Thread[#212,Execution worker Thread 7,5,main]) started.
[        ] DexingNoClasspathTransform (Thread[#206,Execution worker,5,main]) started.
[        ] Resolve mutations for :firebase_storage:bundleLibRuntimeToJarDebug (Thread[#209,Execution worker Thread 4,5,main]) started.
[   +1 ms] :firebase_storage:bundleLibRuntimeToJarDebug (Thread[#209,Execution worker Thread 4,5,main]) started.
[        ] > Transform classes.jar (project :firebase_auth) with DexingNoClasspathTransform
[        ] Caching disabled for DexingNoClasspathTransform: D:\Project\smart-exit-app\build\firebase_auth\intermediates\runtime_library_classes_jar\debug\bundleLibRuntimeToJarDebug\classes.jar because:
[   +2 ms]   Build cache is disabled
[   +1 ms] Skipping DexingNoClasspathTransform: D:\Project\smart-exit-app\build\firebase_auth\intermediates\runtime_library_classes_jar\debug\bundleLibRuntimeToJarDebug\classes.jar as it is up-to-date.
[        ] DexingOutputSplitTransform (Thread[#206,Execution worker,5,main]) started.
[        ] > Task :firebase_storage:bundleLibRuntimeToJarDebug UP-TO-DATE
[        ] Caching disabled for task ':firebase_storage:bundleLibRuntimeToJarDebug' because:
[        ]   Build cache is disabled
[        ]   Simple merging task
[        ] Skipping task ':firebase_storage:bundleLibRuntimeToJarDebug' as it is up-to-date.
[        ] work action resolve classes.jar (project :firebase_storage) (Thread[#209,Execution worker Thread 4,5,main]) started.
[        ] IdentityTransform (Thread[#209,Execution worker Thread 4,5,main]) started.
[        ] Resolve mutations for :firebase_core:bundleLibRuntimeToJarDebug (Thread[#208,Execution worker Thread 3,5,main]) started.
[        ] DexingNoClasspathTransform (Thread[#209,Execution worker Thread 4,5,main]) started.
[   +1 ms] :firebase_core:bundleLibRuntimeToJarDebug (Thread[#208,Execution worker Thread 3,5,main]) started.
[        ] > Task :firebase_core:bundleLibRuntimeToJarDebug UP-TO-DATE
[        ] Caching disabled for task ':firebase_core:bundleLibRuntimeToJarDebug' because:
[        ]   Build cache is disabled
[   +1 ms]   Simple merging task
[        ] Skipping task ':firebase_core:bundleLibRuntimeToJarDebug' as it is up-to-date.
[        ] work action resolve classes.jar (project :firebase_core) (Thread[#208,Execution worker Thread 3,5,main]) started.
[        ] IdentityTransform (Thread[#206,Execution worker,5,main]) started.
[        ] Resolve mutations for :flutter_plugin_android_lifecycle:bundleLibRuntimeToJarDebug (Thread[#208,Execution worker Thread 3,5,main]) started.
[        ] DexingNoClasspathTransform (Thread[#206,Execution worker,5,main]) started.
[   +2 ms] > Transform classes.jar (project :firebase_storage) with DexingNoClasspathTransform
[   +2 ms] Caching disabled for DexingNoClasspathTransform: D:\Project\smart-exit-app\build\firebase_storage\intermediates\runtime_library_classes_jar\debug\bundleLibRuntimeToJarDebug\classes.jar because:
[        ]   Build cache is disabled
[   +1 ms] Skipping DexingNoClasspathTransform: D:\Project\smart-exit-app\build\firebase_storage\intermediates\runtime_library_classes_jar\debug\bundleLibRuntimeToJarDebug\classes.jar as it is up-to-date.
[   +1 ms] DexingOutputSplitTransform (Thread[#209,Execution worker Thread 4,5,main]) started.
[        ] :flutter_plugin_android_lifecycle:bundleLibRuntimeToJarDebug (Thread[#208,Execution worker Thread 3,5,main]) started.
[        ] > Task :flutter_plugin_android_lifecycle:bundleLibRuntimeToJarDebug UP-TO-DATE
[        ] Caching disabled for task ':flutter_plugin_android_lifecycle:bundleLibRuntimeToJarDebug' because:
[        ]   Build cache is disabled
[        ]   Simple merging task
[        ] Skipping task ':flutter_plugin_android_lifecycle:bundleLibRuntimeToJarDebug' as it is up-to-date.
[        ] work action resolve classes.jar (project :flutter_plugin_android_lifecycle) (Thread[#208,Execution worker Thread 3,5,main]) started.
[        ] IdentityTransform (Thread[#208,Execution worker Thread 3,5,main]) started.
[        ] Resolve mutations for :path_provider_android:bundleLibRuntimeToJarDebug (Thread[#212,Execution worker Thread 7,5,main]) started.
[        ] > Transform classes.jar (project :firebase_core) with DexingNoClasspathTransform
[        ] Caching disabled for DexingNoClasspathTransform: D:\Project\smart-exit-app\build\firebase_core\intermediates\runtime_library_classes_jar\debug\bundleLibRuntimeToJarDebug\classes.jar because:
[        ]   Build cache is disabled
[        ] Skipping DexingNoClasspathTransform: D:\Project\smart-exit-app\build\firebase_core\intermediates\runtime_library_classes_jar\debug\bundleLibRuntimeToJarDebug\classes.jar as it is up-to-date.
[        ] DexingOutputSplitTransform (Thread[#206,Execution worker,5,main]) started.
[        ] DexingNoClasspathTransform (Thread[#208,Execution worker Thread 3,5,main]) started.
[        ] :path_provider_android:bundleLibRuntimeToJarDebug (Thread[#212,Execution worker Thread 7,5,main]) started.
[        ] > Task :path_provider_android:bundleLibRuntimeToJarDebug UP-TO-DATE
[   +1 ms] Caching disabled for task ':path_provider_android:bundleLibRuntimeToJarDebug' because:
[        ]   Build cache is disabled
[        ]   Simple merging task
[        ] Skipping task ':path_provider_android:bundleLibRuntimeToJarDebug' as it is up-to-date.
[        ] work action resolve classes.jar (project :path_provider_android) (Thread[#212,Execution worker Thread 7,5,main]) started.
[        ] Resolve mutations for :sqflite_android:bundleLibRuntimeToJarDebug (Thread[#206,Execution worker,5,main]) started.
[   +1 ms] IdentityTransform (Thread[#212,Execution worker Thread 7,5,main]) started.
[        ] DexingNoClasspathTransform (Thread[#206,Execution worker,5,main]) started.
[        ] :sqflite_android:bundleLibRuntimeToJarDebug (Thread[#212,Execution worker Thread 7,5,main]) started.
[        ] > Transform classes.jar (project :flutter_plugin_android_lifecycle) with DexingNoClasspathTransform
[        ] Caching disabled for DexingNoClasspathTransform: D:\Project\smart-exit-app\build\flutter_plugin_android_lifecycle\intermediates\runtime_library_classes_jar\debug\bundleLibRuntimeToJarDebug\classes.jar because:
[   +1 ms]   Build cache is disabled
[        ] Skipping DexingNoClasspathTransform: D:\Project\smart-exit-app\build\flutter_plugin_android_lifecycle\intermediates\runtime_library_classes_jar\debug\bundleLibRuntimeToJarDebug\classes.jar as it is up-to-date.
[        ] DexingOutputSplitTransform (Thread[#208,Execution worker Thread 3,5,main]) started.
[        ] > Task :sqflite_android:bundleLibRuntimeToJarDebug UP-TO-DATE
[        ] Caching disabled for task ':sqflite_android:bundleLibRuntimeToJarDebug' because:
[        ]   Build cache is disabled
[        ]   Simple merging task
[   +2 ms] Skipping task ':sqflite_android:bundleLibRuntimeToJarDebug' as it is up-to-date.
[        ] work action resolve classes.jar (project :sqflite_android) (Thread[#212,Execution worker Thread 7,5,main]) started.
[        ] > Transform classes.jar (project :path_provider_android) with DexingNoClasspathTransform
[        ] Caching disabled for DexingNoClasspathTransform: D:\Project\smart-exit-app\build\path_provider_android\intermediates\runtime_library_classes_jar\debug\bundleLibRuntimeToJarDebug\classes.jar because:
[        ]   Build cache is disabled
[        ] Skipping DexingNoClasspathTransform: D:\Project\smart-exit-app\build\path_provider_android\intermediates\runtime_library_classes_jar\debug\bundleLibRuntimeToJarDebug\classes.jar as it is up-to-date.
[        ] IdentityTransform (Thread[#212,Execution worker Thread 7,5,main]) started.
[        ] Resolve mutations for :app:desugarDebugFileDependencies (Thread[#207,Execution worker Thread 2,5,main]) started.
[        ] DexingOutputSplitTransform (Thread[#206,Execution worker,5,main]) started.
[        ] DexingNoClasspathTransform (Thread[#212,Execution worker Thread 7,5,main]) started.
[        ] :app:desugarDebugFileDependencies (Thread[#207,Execution worker Thread 2,5,main]) started.
[        ] > Transform classes.jar (project :sqflite_android) with DexingNoClasspathTransform
[        ] Caching disabled for DexingNoClasspathTransform: D:\Project\smart-exit-app\build\sqflite_android\intermediates\runtime_library_classes_jar\debug\bundleLibRuntimeToJarDebug\classes.jar because:
[        ]   Build cache is disabled
[        ] Skipping DexingNoClasspathTransform: D:\Project\smart-exit-app\build\sqflite_android\intermediates\runtime_library_classes_jar\debug\bundleLibRuntimeToJarDebug\classes.jar as it is up-to-date.
[        ] DexingOutputSplitTransform (Thread[#212,Execution worker Thread 7,5,main]) started.
[        ] > Task :app:desugarDebugFileDependencies UP-TO-DATE
[        ] Caching disabled for task ':app:desugarDebugFileDependencies' because:
[        ]   Build cache is disabled
[        ] Skipping task ':app:desugarDebugFileDependencies' as it is up-to-date.
[   +1 ms] Resolve mutations for :cloud_firestore:processDebugJavaRes (Thread[#207,Execution worker Thread 2,5,main]) started.
[   +3 ms] :cloud_firestore:processDebugJavaRes (Thread[#207,Execution worker Thread 2,5,main]) started.
[   +1 ms] > Task :cloud_firestore:processDebugJavaRes NO-SOURCE
[   +1 ms] file or directory 'C:\Users\HH\AppData\Local\Pub\Cache\hosted\pub.dev\cloud_firestore-6.1.2\android\src\main\resources', not found
[   +1 ms] file or directory 'C:\Users\HH\AppData\Local\Pub\Cache\hosted\pub.dev\cloud_firestore-6.1.2\android\src\debug\resources', not found
[        ] Skipping task ':cloud_firestore:processDebugJavaRes' as it has no source files and no previous output files.
[        ] work action resolve out (project :cloud_firestore) (Thread[#207,Execution worker Thread 2,5,main]) started.
[        ] Resolve mutations for :file_picker:processDebugJavaRes (Thread[#207,Execution worker Thread 2,5,main]) started.
[        ] :file_picker:processDebugJavaRes (Thread[#207,Execution worker Thread 2,5,main]) started.
[        ] > Task :file_picker:processDebugJavaRes UP-TO-DATE
[        ] file or directory 'C:\Users\HH\AppData\Local\Pub\Cache\hosted\pub.dev\file_picker-10.3.10\android\src\main\resources', not found
[        ] file or directory 'C:\Users\HH\AppData\Local\Pub\Cache\hosted\pub.dev\file_picker-10.3.10\android\src\debug\resources', not found
[        ] file or directory 'C:\Users\HH\AppData\Local\Pub\Cache\hosted\pub.dev\file_picker-10.3.10\android\src\main\resources', not found
[        ] file or directory 'C:\Users\HH\AppData\Local\Pub\Cache\hosted\pub.dev\file_picker-10.3.10\android\src\debug\resources', not found
[        ] Caching disabled for task ':file_picker:processDebugJavaRes' because:
[        ]   Build cache is disabled
[        ]   Caching has been disabled for the task
[        ] Skipping task ':file_picker:processDebugJavaRes' as it is up-to-date.
[        ] work action resolve out (project :file_picker) (Thread[#207,Execution worker Thread 2,5,main]) started.
[        ] Resolve mutations for :firebase_auth:processDebugJavaRes (Thread[#207,Execution worker Thread 2,5,main]) started.
[        ] :firebase_auth:processDebugJavaRes (Thread[#207,Execution worker Thread 2,5,main]) started.
[        ] > Task :firebase_auth:processDebugJavaRes NO-SOURCE
[        ] file or directory 'C:\Users\HH\AppData\Local\Pub\Cache\hosted\pub.dev\firebase_auth-6.1.4\android\src\main\resources', not found
[        ] file or directory 'C:\Users\HH\AppData\Local\Pub\Cache\hosted\pub.dev\firebase_auth-6.1.4\android\src\debug\resources', not found
[        ] Skipping task ':firebase_auth:processDebugJavaRes' as it has no source files and no previous output files.
[        ] work action resolve out (project :firebase_auth) (Thread[#207,Execution worker Thread 2,5,main]) started.
[        ] Resolve mutations for :firebase_core:processDebugJavaRes (Thread[#207,Execution worker Thread 2,5,main]) started.
[        ] :firebase_core:processDebugJavaRes (Thread[#207,Execution worker Thread 2,5,main]) started.
[        ] > Task :firebase_core:processDebugJavaRes NO-SOURCE
[        ] file or directory 'C:\Users\HH\AppData\Local\Pub\Cache\hosted\pub.dev\firebase_core-4.4.0\android\src\main\resources', not found
[        ] file or directory 'C:\Users\HH\AppData\Local\Pub\Cache\hosted\pub.dev\firebase_core-4.4.0\android\src\debug\resources', not found
[        ] Skipping task ':firebase_core:processDebugJavaRes' as it has no source files and no previous output files.
[   +1 ms] work action resolve out (project :firebase_core) (Thread[#207,Execution worker Thread 2,5,main]) started.
[        ] Resolve mutations for :firebase_storage:processDebugJavaRes (Thread[#207,Execution worker Thread 2,5,main]) started.
[        ] :firebase_storage:processDebugJavaRes (Thread[#207,Execution worker Thread 2,5,main]) started.
[        ] > Task :firebase_storage:processDebugJavaRes UP-TO-DATE
[        ] file or directory 'C:\Users\HH\AppData\Local\Pub\Cache\hosted\pub.dev\firebase_storage-13.0.6\android\src\main\resources', not found
[        ] file or directory 'C:\Users\HH\AppData\Local\Pub\Cache\hosted\pub.dev\firebase_storage-13.0.6\android\src\debug\resources', not found
[        ] file or directory 'C:\Users\HH\AppData\Local\Pub\Cache\hosted\pub.dev\firebase_storage-13.0.6\android\src\main\resources', not found
[        ] file or directory 'C:\Users\HH\AppData\Local\Pub\Cache\hosted\pub.dev\firebase_storage-13.0.6\android\src\debug\resources', not found
[        ] Caching disabled for task ':firebase_storage:processDebugJavaRes' because:
[        ]   Build cache is disabled
[        ]   Caching has been disabled for the task
[        ] Skipping task ':firebase_storage:processDebugJavaRes' as it is up-to-date.
[        ] work action resolve out (project :firebase_storage) (Thread[#207,Execution worker Thread 2,5,main]) started.
[        ] Resolve mutations for :flutter_plugin_android_lifecycle:processDebugJavaRes (Thread[#207,Execution worker Thread 2,5,main]) started.
[  +78 ms] :flutter_plugin_android_lifecycle:processDebugJavaRes (Thread[#207,Execution worker Thread 2,5,main]) started.
[   +4 ms] > Task :flutter_plugin_android_lifecycle:processDebugJavaRes NO-SOURCE
[        ] file or directory 'C:\Users\HH\AppData\Local\Pub\Cache\hosted\pub.dev\flutter_plugin_android_lifecycle-2.0.33\android\src\main\resources', not found
[        ] file or directory 'C:\Users\HH\AppData\Local\Pub\Cache\hosted\pub.dev\flutter_plugin_android_lifecycle-2.0.33\android\src\debug\resources', not found
[        ] Skipping task ':flutter_plugin_android_lifecycle:processDebugJavaRes' as it has no source files and no previous output files.
[        ] work action resolve out (project :flutter_plugin_android_lifecycle) (Thread[#207,Execution worker Thread 2,5,main]) started.
[        ] Resolve mutations for :path_provider_android:processDebugJavaRes (Thread[#207,Execution worker Thread 2,5,main]) started.
[        ] :path_provider_android:processDebugJavaRes (Thread[#207,Execution worker Thread 2,5,main]) started.
[        ] > Task :path_provider_android:processDebugJavaRes NO-SOURCE
[        ] file or directory 'C:\Users\HH\AppData\Local\Pub\Cache\hosted\pub.dev\path_provider_android-2.2.22\android\src\main\resources', not found
[        ] file or directory 'C:\Users\HH\AppData\Local\Pub\Cache\hosted\pub.dev\path_provider_android-2.2.22\android\src\debug\resources', not found
[        ] Skipping task ':path_provider_android:processDebugJavaRes' as it has no source files and no previous output files.
[        ] work action resolve out (project :path_provider_android) (Thread[#207,Execution worker Thread 2,5,main]) started.
[        ] Resolve mutations for :sqflite_android:processDebugJavaRes (Thread[#207,Execution worker Thread 2,5,main]) started.
[        ] :sqflite_android:processDebugJavaRes (Thread[#207,Execution worker Thread 2,5,main]) started.
[        ] > Task :sqflite_android:processDebugJavaRes NO-SOURCE
[        ] file or directory 'C:\Users\HH\AppData\Local\Pub\Cache\hosted\pub.dev\sqflite_android-2.4.2+2\android\src\main\resources', not found
[        ] file or directory 'C:\Users\HH\AppData\Local\Pub\Cache\hosted\pub.dev\sqflite_android-2.4.2+2\android\src\debug\resources', not found
[        ] Skipping task ':sqflite_android:processDebugJavaRes' as it has no source files and no previous output files.
[        ] work action resolve out (project :sqflite_android) (Thread[#207,Execution worker Thread 2,5,main]) started.
[        ] Resolve mutations for :app:checkDebugDuplicateClasses (Thread[#207,Execution worker Thread 2,5,main]) started.
[        ] :app:checkDebugDuplicateClasses (Thread[#207,Execution worker Thread 2,5,main]) started.
[        ] Resolve mutations for :cloud_firestore:bundleLibRuntimeToDirDebug (Thread[#206,Execution worker,5,main]) started.
[        ] :cloud_firestore:bundleLibRuntimeToDirDebug (Thread[#206,Execution worker,5,main]) started.
[        ] > Task :cloud_firestore:bundleLibRuntimeToDirDebug UP-TO-DATE
[        ] Caching disabled for task ':cloud_firestore:bundleLibRuntimeToDirDebug' because:
[        ]   Build cache is disabled
[        ]   Simple merging task
[        ] Skipping task ':cloud_firestore:bundleLibRuntimeToDirDebug' as it is up-to-date.
[        ] work action resolve bundleLibRuntimeToDirDebug (project :cloud_firestore) (Thread[#206,Execution worker,5,main]) started.
[        ] ClassesDirToClassesTransform (Thread[#206,Execution worker,5,main]) started.
[        ] Resolve mutations for :file_picker:bundleLibRuntimeToDirDebug (Thread[#210,Execution worker Thread 5,5,main]) started.
[        ] :file_picker:bundleLibRuntimeToDirDebug (Thread[#210,Execution worker Thread 5,5,main]) started.
[        ] DexingNoClasspathTransform (Thread[#206,Execution worker,5,main]) started.
[   +1 ms] > Task :file_picker:bundleLibRuntimeToDirDebug UP-TO-DATE
[        ] Caching disabled for task ':file_picker:bundleLibRuntimeToDirDebug' because:
[   +1 ms]   Build cache is disabled
[        ]   Simple merging task
[        ] Skipping task ':file_picker:bundleLibRuntimeToDirDebug' as it is up-to-date.
[        ] work action resolve bundleLibRuntimeToDirDebug (project :file_picker) (Thread[#210,Execution worker Thread 5,5,main]) started.
[        ] ClassesDirToClassesTransform (Thread[#210,Execution worker Thread 5,5,main]) started.
[        ] Resolve mutations for :firebase_auth:bundleLibRuntimeToDirDebug (Thread[#212,Execution worker Thread 7,5,main]) started.
[        ] :firebase_auth:bundleLibRuntimeToDirDebug (Thread[#212,Execution worker Thread 7,5,main]) started.
[        ] DexingNoClasspathTransform (Thread[#210,Execution worker Thread 5,5,main]) started.
[        ] > Transform bundleLibRuntimeToDirDebug (project :file_picker) with DexingNoClasspathTransform
[        ] Caching disabled for DexingNoClasspathTransform: D:\Project\smart-exit-app\build\file_picker\intermediates\runtime_library_classes_dir\debug\bundleLibRuntimeToDirDebug because:
[        ]   Build cache is disabled
[        ] Skipping DexingNoClasspathTransform: D:\Project\smart-exit-app\build\file_picker\intermediates\runtime_library_classes_dir\debug\bundleLibRuntimeToDirDebug as it is up-to-date.
[        ] DexingOutputSplitTransform (Thread[#210,Execution worker Thread 5,5,main]) started.
[        ] > Transform bundleLibRuntimeToDirDebug (project :cloud_firestore) with DexingNoClasspathTransform
[        ] Caching disabled for DexingNoClasspathTransform: D:\Project\smart-exit-app\build\cloud_firestore\intermediates\runtime_library_classes_dir\debug\bundleLibRuntimeToDirDebug because:
[        ]   Build cache is disabled
[        ] Skipping DexingNoClasspathTransform: D:\Project\smart-exit-app\build\cloud_firestore\intermediates\runtime_library_classes_dir\debug\bundleLibRuntimeToDirDebug as it is up-to-date.
[        ] DexingOutputSplitTransform (Thread[#206,Execution worker,5,main]) started.
[        ] > Task :firebase_auth:bundleLibRuntimeToDirDebug UP-TO-DATE
[        ] Caching disabled for task ':firebase_auth:bundleLibRuntimeToDirDebug' because:
[        ]   Build cache is disabled
[        ]   Simple merging task
[        ] Skipping task ':firebase_auth:bundleLibRuntimeToDirDebug' as it is up-to-date.
[        ] work action resolve bundleLibRuntimeToDirDebug (project :firebase_auth) (Thread[#212,Execution worker Thread 7,5,main]) started.
[        ] ClassesDirToClassesTransform (Thread[#212,Execution worker Thread 7,5,main]) started.
[        ] Resolve mutations for :firebase_storage:bundleLibRuntimeToDirDebug (Thread[#206,Execution worker,5,main]) started.
[        ] :firebase_storage:bundleLibRuntimeToDirDebug (Thread[#206,Execution worker,5,main]) started.
[        ] DexingNoClasspathTransform (Thread[#212,Execution worker Thread 7,5,main]) started.
[        ] > Task :firebase_storage:bundleLibRuntimeToDirDebug UP-TO-DATE
[        ] Caching disabled for task ':firebase_storage:bundleLibRuntimeToDirDebug' because:
[        ]   Build cache is disabled
[        ]   Simple merging task
[        ] Skipping task ':firebase_storage:bundleLibRuntimeToDirDebug' as it is up-to-date.
[   +1 ms] work action resolve bundleLibRuntimeToDirDebug (project :firebase_storage) (Thread[#206,Execution worker,5,main]) started.
[        ] ClassesDirToClassesTransform (Thread[#206,Execution worker,5,main]) started.
[        ] Resolve mutations for :firebase_core:bundleLibRuntimeToDirDebug (Thread[#210,Execution worker Thread 5,5,main]) started.
[        ] :firebase_core:bundleLibRuntimeToDirDebug (Thread[#210,Execution worker Thread 5,5,main]) started.
[        ] DexingNoClasspathTransform (Thread[#206,Execution worker,5,main]) started.
[        ] > Task :firebase_core:bundleLibRuntimeToDirDebug UP-TO-DATE
[        ] Caching disabled for task ':firebase_core:bundleLibRuntimeToDirDebug' because:
[        ]   Build cache is disabled
[        ]   Simple merging task
[        ] Skipping task ':firebase_core:bundleLibRuntimeToDirDebug' as it is up-to-date.
[        ] work action resolve bundleLibRuntimeToDirDebug (project :firebase_core) (Thread[#205,included builds,5,main]) started.
[   +2 ms] ClassesDirToClassesTransform (Thread[#205,included builds,5,main]) started.
[        ] Resolve mutations for :flutter_plugin_android_lifecycle:bundleLibRuntimeToDirDebug (Thread[#210,Execution worker Thread 5,5,main]) started.
[        ] > Transform bundleLibRuntimeToDirDebug (project :firebase_storage) with DexingNoClasspathTransform
[        ] Caching disabled for DexingNoClasspathTransform: D:\Project\smart-exit-app\build\firebase_storage\intermediates\runtime_library_classes_dir\debug\bundleLibRuntimeToDirDebug because:
[        ]   Build cache is disabled
[        ] Skipping DexingNoClasspathTransform: D:\Project\smart-exit-app\build\firebase_storage\intermediates\runtime_library_classes_dir\debug\bundleLibRuntimeToDirDebug as it is up-to-date.
[        ] :flutter_plugin_android_lifecycle:bundleLibRuntimeToDirDebug (Thread[#210,Execution worker Thread 5,5,main]) started.
[        ] DexingOutputSplitTransform (Thread[#205,included builds,5,main]) started.
[        ] DexingNoClasspathTransform (Thread[#206,Execution worker,5,main]) started.
[        ] > Transform bundleLibRuntimeToDirDebug (project :firebase_auth) with DexingNoClasspathTransform
[        ] Caching disabled for DexingNoClasspathTransform: D:\Project\smart-exit-app\build\firebase_auth\intermediates\runtime_library_classes_dir\debug\bundleLibRuntimeToDirDebug because:
[        ]   Build cache is disabled
[        ] Skipping DexingNoClasspathTransform: D:\Project\smart-exit-app\build\firebase_auth\intermediates\runtime_library_classes_dir\debug\bundleLibRuntimeToDirDebug as it is up-to-date.
[        ] DexingOutputSplitTransform (Thread[#212,Execution worker Thread 7,5,main]) started.
[        ] > Task :flutter_plugin_android_lifecycle:bundleLibRuntimeToDirDebug UP-TO-DATE
[        ] Caching disabled for task ':flutter_plugin_android_lifecycle:bundleLibRuntimeToDirDebug' because:
[        ]   Build cache is disabled
[        ]   Simple merging task
[        ] Skipping task ':flutter_plugin_android_lifecycle:bundleLibRuntimeToDirDebug' as it is up-to-date.
[        ] work action resolve bundleLibRuntimeToDirDebug (project :flutter_plugin_android_lifecycle) (Thread[#210,Execution worker Thread 5,5,main]) started.
[        ] ClassesDirToClassesTransform (Thread[#210,Execution worker Thread 5,5,main]) started.
[        ] Resolve mutations for :path_provider_android:bundleLibRuntimeToDirDebug (Thread[#208,Execution worker Thread 3,5,main]) started.
[        ] DexingNoClasspathTransform (Thread[#210,Execution worker Thread 5,5,main]) started.
[        ] :path_provider_android:bundleLibRuntimeToDirDebug (Thread[#208,Execution worker Thread 3,5,main]) started.
[        ] > Transform bundleLibRuntimeToDirDebug (project :firebase_core) with DexingNoClasspathTransform
[        ] Caching disabled for DexingNoClasspathTransform: D:\Project\smart-exit-app\build\firebase_core\intermediates\runtime_library_classes_dir\debug\bundleLibRuntimeToDirDebug because:
[        ]   Build cache is disabled
[        ] Skipping DexingNoClasspathTransform: D:\Project\smart-exit-app\build\firebase_core\intermediates\runtime_library_classes_dir\debug\bundleLibRuntimeToDirDebug as it is up-to-date.
[        ] DexingOutputSplitTransform (Thread[#206,Execution worker,5,main]) started.
[  +55 ms] > Task :path_provider_android:bundleLibRuntimeToDirDebug UP-TO-DATE
[        ] Caching disabled for task ':path_provider_android:bundleLibRuntimeToDirDebug' because:
[        ]   Build cache is disabled
[        ]   Simple merging task
[        ] Skipping task ':path_provider_android:bundleLibRuntimeToDirDebug' as it is up-to-date.
[        ] work action resolve bundleLibRuntimeToDirDebug (project :path_provider_android) (Thread[#208,Execution worker Thread 3,5,main]) started.
[        ] > Transform bundleLibRuntimeToDirDebug (project :flutter_plugin_android_lifecycle) with DexingNoClasspathTransform
[        ] Caching disabled for DexingNoClasspathTransform: D:\Project\smart-exit-app\build\flutter_plugin_android_lifecycle\intermediates\runtime_library_classes_dir\debug\bundleLibRuntimeToDirDebug because:
[        ]   Build cache is disabled
[        ] Skipping DexingNoClasspathTransform: D:\Project\smart-exit-app\build\flutter_plugin_android_lifecycle\intermediates\runtime_library_classes_dir\debug\bundleLibRuntimeToDirDebug as it is up-to-date.
[        ] DexingOutputSplitTransform (Thread[#210,Execution worker Thread 5,5,main]) started.
[        ] Resolve mutations for :sqflite_android:bundleLibRuntimeToDirDebug (Thread[#206,Execution worker,5,main]) started.
[        ] ClassesDirToClassesTransform (Thread[#208,Execution worker Thread 3,5,main]) started.
[        ] :sqflite_android:bundleLibRuntimeToDirDebug (Thread[#206,Execution worker,5,main]) started.
[        ] DexingNoClasspathTransform (Thread[#208,Execution worker Thread 3,5,main]) started.
[        ] > Transform bundleLibRuntimeToDirDebug (project :path_provider_android) with DexingNoClasspathTransform
[        ] Caching disabled for DexingNoClasspathTransform: D:\Project\smart-exit-app\build\path_provider_android\intermediates\runtime_library_classes_dir\debug\bundleLibRuntimeToDirDebug because:
[        ]   Build cache is disabled
[        ] Skipping DexingNoClasspathTransform: D:\Project\smart-exit-app\build\path_provider_android\intermediates\runtime_library_classes_dir\debug\bundleLibRuntimeToDirDebug as it is up-to-date.
[        ] DexingOutputSplitTransform (Thread[#208,Execution worker Thread 3,5,main]) started.
[        ] > Task :sqflite_android:bundleLibRuntimeToDirDebug UP-TO-DATE
[        ] Caching disabled for task ':sqflite_android:bundleLibRuntimeToDirDebug' because:
[        ]   Build cache is disabled
[        ]   Simple merging task
[        ] Skipping task ':sqflite_android:bundleLibRuntimeToDirDebug' as it is up-to-date.
[        ] work action resolve bundleLibRuntimeToDirDebug (project :sqflite_android) (Thread[#206,Execution worker,5,main]) started.
[        ] ClassesDirToClassesTransform (Thread[#206,Execution worker,5,main]) started.
[        ] Resolve mutations for :app:configureCMakeDebug[arm64-v8a] (Thread[#208,Execution worker Thread 3,5,main]) started.
[        ] DexingNoClasspathTransform (Thread[#206,Execution worker,5,main]) started.
[        ] :app:configureCMakeDebug[arm64-v8a] (Thread[#208,Execution worker Thread 3,5,main]) started.
[        ] > Transform bundleLibRuntimeToDirDebug (project :sqflite_android) with DexingNoClasspathTransform
[        ] Caching disabled for DexingNoClasspathTransform: D:\Project\smart-exit-app\build\sqflite_android\intermediates\runtime_library_classes_dir\debug\bundleLibRuntimeToDirDebug because:
[        ]   Build cache is disabled
[        ] Skipping DexingNoClasspathTransform: D:\Project\smart-exit-app\build\sqflite_android\intermediates\runtime_library_classes_dir\debug\bundleLibRuntimeToDirDebug as it is up-to-date.
[        ] DexingOutputSplitTransform (Thread[#206,Execution worker,5,main]) started.
[        ] > Task :app:checkDebugDuplicateClasses
[        ] Caching disabled for EnumerateClassesTransform: D:\Project\smart-exit-app\build\app\intermediates\flutter\debug\libs.jar because:
[        ]   Build cache is disabled
[        ] Caching disabled for EnumerateClassesTransform: C:\Users\HH\.gradle\caches\modules-2\files-2.1\io.flutter\armeabi_v7a_debug\1.0.0-cb467e31a54207dc987aca5bb0941c4d2e3fd9ed\1af2274d4c5d920013812014782f933ac6066c97\armeabi_v7a_debug-1.0.0-cb467e31a54207dc987aca5bb0941c4d2e3fd9ed.jar because:
[        ]   Build cache is disabled
[        ] Caching disabled for EnumerateClassesTransform: C:\Users\HH\.gradle\caches\modules-2\files-2.1\io.flutter\x86_64_debug\1.0.0-cb467e31a54207dc987aca5bb0941c4d2e3fd9ed\dcdb9b60736980adf0722e189750e8eb0229ec38\x86_64_debug-1.0.0-cb467e31a54207dc987aca5bb0941c4d2e3fd9ed.jar because:
[        ]   Build cache is disabled
[        ] Caching disabled for task ':app:checkDebugDuplicateClasses' because:
[        ]   Build cache is disabled
[        ]   Caching has been disabled for the task
[        ] Task ':app:checkDebugDuplicateClasses' is not up-to-date because:
[        ]   Input property 'enumeratedClasses' file C:\Users\HH\.gradle\caches\8.14\transforms\9a7403d0469d8f99fb76dff79b426d7a\transformed\armeabi_v7a_debug-1.0.0-cb467e31a54207dc987aca5bb0941c4d2e3fd9ed has been added.
[        ]   Input property 'enumeratedClasses' file C:\Users\HH\.gradle\caches\8.14\transforms\408566addbdf3374a8314786e194dcb4\transformed\x86_64_debug-1.0.0-cb467e31a54207dc987aca5bb0941c4d2e3fd9ed has been added.
[  +81 ms] > Task :app:configureCMakeDebug[arm64-v8a]
[        ] Caching disabled for task ':app:configureCMakeDebug[arm64-v8a]' because:
[        ]   Build cache is disabled
[        ]   Caching has been disabled for the task
[        ] Task ':app:configureCMakeDebug[arm64-v8a]' is not up-to-date because:
[        ]   Task.upToDateWhen is false.
[        ] C/C++: Parsing legacy package: C:\Android\Sdk\cmdline-tools\latest
[        ] C/C++: SDK Manager found the following installed packages: build-tools;33.0.2 build-tools;35.0.0 cmake;3.22.1 ndk;28.2.13676358 platform-tools platforms;android-33 platforms;android-34 platforms;android-36
[        ] C/C++: D:\flutter\flutter_windows_3.38.0-stable\flutter\packages\flutter_tools\gradle\src\main\scripts\CMakeLists.txt debug|arm64-v8a : Start JSON generation. Platform version: 24 min SDK version: arm64-v8a
[        ] C/C++: D:\flutter\flutter_windows_3.38.0-stable\flutter\packages\flutter_tools\gradle\src\main\scripts\CMakeLists.txt debug|arm64-v8a : JSON 'D:\Project\smart-exit-app\build\.cxx\debug\4a3f1y1h\arm64-v8a\android_gradle_build.json' was up-to-date
[        ] C/C++: D:\flutter\flutter_windows_3.38.0-stable\flutter\packages\flutter_tools\gradle\src\main\scripts\CMakeLists.txt debug|arm64-v8a : JSON generation completed without problems
[        ] C/C++: D:\flutter\flutter_windows_3.38.0-stable\flutter\packages\flutter_tools\gradle\src\main\scripts\CMakeLists.txt debug|arm64-v8a : Writing build model to D:\Project\smart-exit-app\build\app\intermediates\cxx\debug\4a3f1y1h\logs\arm64-v8a\build_model.json
[        ] Resolve mutations for :app:mergeExtDexDebug (Thread[#208,Execution worker Thread 3,5,main]) started.
[        ] :app:mergeExtDexDebug (Thread[#208,Execution worker Thread 3,5,main]) started.
[ +195 ms] > Task :app:mergeExtDexDebug UP-TO-DATE
[        ] Caching disabled for DexingNoClasspathTransform: C:\Users\HH\.gradle\caches\modules-2\files-2.1\io.flutter\armeabi_v7a_debug\1.0.0-cb467e31a54207dc987aca5bb0941c4d2e3fd9ed\1af2274d4c5d920013812014782f933ac6066c97\armeabi_v7a_debug-1.0.0-cb467e31a54207dc987aca5bb0941c4d2e3fd9ed.jar because:
[        ]   Build cache is disabled
[        ] Caching disabled for DexingNoClasspathTransform: C:\Users\HH\.gradle\caches\modules-2\files-2.1\io.flutter\x86_64_debug\1.0.0-cb467e31a54207dc987aca5bb0941c4d2e3fd9ed\dcdb9b60736980adf0722e189750e8eb0229ec38\x86_64_debug-1.0.0-cb467e31a54207dc987aca5bb0941c4d2e3fd9ed.jar because:
[        ]   Build cache is disabled
[        ] Running dexing transform non-incrementally for 'C:\Users\HH\.gradle\caches\modules-2\files-2.1\io.flutter\armeabi_v7a_debug\1.0.0-cb467e31a54207dc987aca5bb0941c4d2e3fd9ed\1af2274d4c5d920013812014782f933ac6066c97\armeabi_v7a_debug-1.0.0-cb467e31a54207dc987aca5bb0941c4d2e3fd9ed.jar'
[        ] Running dexing transform non-incrementally for 'C:\Users\HH\.gradle\caches\modules-2\files-2.1\io.flutter\x86_64_debug\1.0.0-cb467e31a54207dc987aca5bb0941c4d2e3fd9ed\dcdb9b60736980adf0722e189750e8eb0229ec38\x86_64_debug-1.0.0-cb467e31a54207dc987aca5bb0941c4d2e3fd9ed.jar'
[        ] Caching disabled for DexingOutputSplitTransform: C:\Users\HH\.gradle\caches\8.14\transforms\3e6867558167d47010e1cb2f514c5c08\transformed\armeabi_v7a_debug-1.0.0-cb467e31a54207dc987aca5bb0941c4d2e3fd9ed because:
[        ]   Build cache is disabled
[        ]   Caching not enabled.
[        ] Caching disabled for DexingOutputSplitTransform: C:\Users\HH\.gradle\caches\8.14\transforms\608f9d8f894d1fa145933d5bf44c5614\transformed\x86_64_debug-1.0.0-cb467e31a54207dc987aca5bb0941c4d2e3fd9ed because:
[        ]   Build cache is disabled
[        ]   Caching not enabled.
[        ] Caching disabled for task ':app:mergeExtDexDebug' because:
[        ]   Build cache is disabled
[        ] Skipping task ':app:mergeExtDexDebug' as it is up-to-date.
[        ] Resolve mutations for :app:mergeLibDexDebug (Thread[#208,Execution worker Thread 3,5,main]) started.
[        ] :app:mergeLibDexDebug (Thread[#208,Execution worker Thread 3,5,main]) started.
[  +11 ms] > Task :app:mergeLibDexDebug UP-TO-DATE
[        ] Caching disabled for task ':app:mergeLibDexDebug' because:
[        ]   Build cache is disabled
[        ] Skipping task ':app:mergeLibDexDebug' as it is up-to-date.
[        ] Resolve mutations for :app:buildCMakeDebug[arm64-v8a] (Thread[#208,Execution worker Thread 3,5,main]) started.
[        ] :app:buildCMakeDebug[arm64-v8a] (Thread[#208,Execution worker Thread 3,5,main]) started.
[   +2 ms] > Task :app:buildCMakeDebug[arm64-v8a]
[        ] Caching disabled for task ':app:buildCMakeDebug[arm64-v8a]' because:
[        ]   Build cache is disabled
[        ]   Caching has been disabled for the task
[        ] Task ':app:buildCMakeDebug[arm64-v8a]' is not up-to-date because:
[        ]   Task.upToDateWhen is false.
[        ] C/C++: starting build
[        ] C/C++: reading expected JSONs
[        ] C/C++: done reading expected JSONs
[        ] C/C++: executing build commands for targets that produce .so files or executables
[        ] C/C++: evaluate miniconfig
[        ] C/C++: no libraries
[        ] Resolve mutations for :app:configureCMakeDebug[armeabi-v7a] (Thread[#208,Execution worker Thread 3,5,main]) started.
[        ] :app:configureCMakeDebug[armeabi-v7a] (Thread[#208,Execution worker Thread 3,5,main]) started.
[  +75 ms] > Task :app:configureCMakeDebug[armeabi-v7a]
[   +1 ms] Caching disabled for task ':app:configureCMakeDebug[armeabi-v7a]' because:
[        ]   Build cache is disabled
[        ]   Caching has been disabled for the task
[        ] Task ':app:configureCMakeDebug[armeabi-v7a]' is not up-to-date because:
[        ]   Task.upToDateWhen is false.
[        ] C/C++: D:\flutter\flutter_windows_3.38.0-stable\flutter\packages\flutter_tools\gradle\src\main\scripts\CMakeLists.txt debug|armeabi-v7a : Start JSON generation. Platform version: 24 min SDK version: armeabi-v7a
[   +1 ms] C/C++: D:\flutter\flutter_windows_3.38.0-stable\flutter\packages\flutter_tools\gradle\src\main\scripts\CMakeLists.txt debug|armeabi-v7a : JSON 'D:\Project\smart-exit-app\build\.cxx\debug\4a3f1y1h\armeabi-v7a\android_gradle_build.json' was up-to-date
[   +1 ms] C/C++: D:\flutter\flutter_windows_3.38.0-stable\flutter\packages\flutter_tools\gradle\src\main\scripts\CMakeLists.txt debug|armeabi-v7a : JSON generation completed without problems
[        ] C/C++: D:\flutter\flutter_windows_3.38.0-stable\flutter\packages\flutter_tools\gradle\src\main\scripts\CMakeLists.txt debug|armeabi-v7a : Writing build model to D:\Project\smart-exit-app\build\app\intermediates\cxx\debug\4a3f1y1h\logs\armeabi-v7a\build_model.json
[        ] Resolve mutations for :app:buildCMakeDebug[armeabi-v7a] (Thread[#208,Execution worker Thread 3,5,main]) started.
[        ] :app:buildCMakeDebug[armeabi-v7a] (Thread[#208,Execution worker Thread 3,5,main]) started.
[        ] > Task :app:buildCMakeDebug[armeabi-v7a]
[        ] Caching disabled for task ':app:buildCMakeDebug[armeabi-v7a]' because:
[        ]   Build cache is disabled
[        ]   Caching has been disabled for the task
[        ] Task ':app:buildCMakeDebug[armeabi-v7a]' is not up-to-date because:
[        ]   Task.upToDateWhen is false.
[        ] C/C++: starting build
[        ] C/C++: reading expected JSONs
[        ] C/C++: done reading expected JSONs
[        ] C/C++: executing build commands for targets that produce .so files or executables
[        ] C/C++: evaluate miniconfig
[        ] C/C++: no libraries
[        ] Resolve mutations for :app:configureCMakeDebug[x86_64] (Thread[#208,Execution worker Thread 3,5,main]) started.
[        ] :app:configureCMakeDebug[x86_64] (Thread[#208,Execution worker Thread 3,5,main]) started.
[        ] > Task :app:configureCMakeDebug[x86_64]
[        ] Caching disabled for task ':app:configureCMakeDebug[x86_64]' because:
[        ]   Build cache is disabled
[        ]   Caching has been disabled for the task
[        ] Task ':app:configureCMakeDebug[x86_64]' is not up-to-date because:
[        ]   Task.upToDateWhen is false.
[        ] C/C++: D:\flutter\flutter_windows_3.38.0-stable\flutter\packages\flutter_tools\gradle\src\main\scripts\CMakeLists.txt debug|x86_64 : Start JSON generation. Platform version: 24 min SDK version: x86_64
[        ] C/C++: D:\flutter\flutter_windows_3.38.0-stable\flutter\packages\flutter_tools\gradle\src\main\scripts\CMakeLists.txt debug|x86_64 : JSON 'D:\Project\smart-exit-app\build\.cxx\debug\4a3f1y1h\x86_64\android_gradle_build.json' was up-to-date
[        ] C/C++: D:\flutter\flutter_windows_3.38.0-stable\flutter\packages\flutter_tools\gradle\src\main\scripts\CMakeLists.txt debug|x86_64 : JSON generation completed without problems
[        ] C/C++: D:\flutter\flutter_windows_3.38.0-stable\flutter\packages\flutter_tools\gradle\src\main\scripts\CMakeLists.txt debug|x86_64 : Writing build model to D:\Project\smart-exit-app\build\app\intermediates\cxx\debug\4a3f1y1h\logs\x86_64\build_model.json
[        ] Resolve mutations for :app:buildCMakeDebug[x86_64] (Thread[#208,Execution worker Thread 3,5,main]) started.
[        ] :app:buildCMakeDebug[x86_64] (Thread[#208,Execution worker Thread 3,5,main]) started.
[        ] > Task :app:buildCMakeDebug[x86_64]
[        ] Caching disabled for task ':app:buildCMakeDebug[x86_64]' because:
[        ]   Build cache is disabled
[        ]   Caching has been disabled for the task
[        ] Task ':app:buildCMakeDebug[x86_64]' is not up-to-date because:
[        ]   Task.upToDateWhen is false.
[        ] C/C++: starting build
[        ] C/C++: reading expected JSONs
[        ] C/C++: done reading expected JSONs
[        ] C/C++: executing build commands for targets that produce .so files or executables
[        ] C/C++: evaluate miniconfig
[        ] C/C++: no libraries
[        ] Resolve mutations for :app:mergeDebugJniLibFolders (Thread[#208,Execution worker Thread 3,5,main]) started.
[        ] :app:mergeDebugJniLibFolders (Thread[#208,Execution worker Thread 3,5,main]) started.
[        ] > Task :app:mergeDebugJniLibFolders UP-TO-DATE
[        ] Caching disabled for task ':app:mergeDebugJniLibFolders' because:
[        ]   Build cache is disabled
[        ]   Simple merging task
[        ] Skipping task ':app:mergeDebugJniLibFolders' as it is up-to-date.
[        ] Resolve mutations for :cloud_firestore:mergeDebugJniLibFolders (Thread[#208,Execution worker Thread 3,5,main]) started.
[        ] :cloud_firestore:mergeDebugJniLibFolders (Thread[#208,Execution worker Thread 3,5,main]) started.
[        ] > Task :cloud_firestore:mergeDebugJniLibFolders UP-TO-DATE
[        ] Caching disabled for task ':cloud_firestore:mergeDebugJniLibFolders' because:
[        ]   Build cache is disabled
[        ]   Simple merging task
[        ] Skipping task ':cloud_firestore:mergeDebugJniLibFolders' as it is up-to-date.
[        ] Resolve mutations for :cloud_firestore:mergeDebugNativeLibs (Thread[#208,Execution worker Thread 3,5,main]) started.
[        ] :cloud_firestore:mergeDebugNativeLibs (Thread[#208,Execution worker Thread 3,5,main]) started.
[        ] > Task :cloud_firestore:mergeDebugNativeLibs NO-SOURCE
[        ] Skipping task ':cloud_firestore:mergeDebugNativeLibs' as it has no source files and no previous output files.
[        ] Resolve mutations for :cloud_firestore:copyDebugJniLibsProjectOnly (Thread[#208,Execution worker Thread 3,5,main]) started.
[        ] :cloud_firestore:copyDebugJniLibsProjectOnly (Thread[#208,Execution worker Thread 3,5,main]) started.
[        ] > Task :cloud_firestore:copyDebugJniLibsProjectOnly UP-TO-DATE
[        ] Caching disabled for task ':cloud_firestore:copyDebugJniLibsProjectOnly' because:
[        ]   Build cache is disabled
[        ]   Caching has been disabled for the task
[        ] Skipping task ':cloud_firestore:copyDebugJniLibsProjectOnly' as it is up-to-date.
[        ] work action resolve jni (project :cloud_firestore) (Thread[#208,Execution worker Thread 3,5,main]) started.
[        ] Resolve mutations for :file_picker:mergeDebugJniLibFolders (Thread[#210,Execution worker Thread 5,5,main]) started.
[        ] :file_picker:mergeDebugJniLibFolders (Thread[#210,Execution worker Thread 5,5,main]) started.
[        ] > Task :file_picker:mergeDebugJniLibFolders UP-TO-DATE
[        ] Caching disabled for task ':file_picker:mergeDebugJniLibFolders' because:
[        ]   Build cache is disabled
[        ]   Simple merging task
[        ] Skipping task ':file_picker:mergeDebugJniLibFolders' as it is up-to-date.
[        ] Resolve mutations for :file_picker:mergeDebugNativeLibs (Thread[#210,Execution worker Thread 5,5,main]) started.
[        ] :file_picker:mergeDebugNativeLibs (Thread[#210,Execution worker Thread 5,5,main]) started.
[        ] > Task :file_picker:mergeDebugNativeLibs NO-SOURCE
[        ] Skipping task ':file_picker:mergeDebugNativeLibs' as it has no source files and no previous output files.
[        ] Resolve mutations for :file_picker:copyDebugJniLibsProjectOnly (Thread[#210,Execution worker Thread 5,5,main]) started.
[        ] :file_picker:copyDebugJniLibsProjectOnly (Thread[#210,Execution worker Thread 5,5,main]) started.
[        ] > Task :file_picker:copyDebugJniLibsProjectOnly UP-TO-DATE
[        ] Caching disabled for task ':file_picker:copyDebugJniLibsProjectOnly' because:
[        ]   Build cache is disabled
[        ]   Caching has been disabled for the task
[        ] Skipping task ':file_picker:copyDebugJniLibsProjectOnly' as it is up-to-date.
[        ] work action resolve jni (project :file_picker) (Thread[#210,Execution worker Thread 5,5,main]) started.
[        ] Resolve mutations for :firebase_auth:mergeDebugJniLibFolders (Thread[#210,Execution worker Thread 5,5,main]) started.
[        ] :firebase_auth:mergeDebugJniLibFolders (Thread[#210,Execution worker Thread 5,5,main]) started.
[        ] > Task :firebase_auth:mergeDebugJniLibFolders UP-TO-DATE
[        ] Caching disabled for task ':firebase_auth:mergeDebugJniLibFolders' because:
[        ]   Build cache is disabled
[        ]   Simple merging task
[        ] Skipping task ':firebase_auth:mergeDebugJniLibFolders' as it is up-to-date.
[        ] Resolve mutations for :firebase_auth:mergeDebugNativeLibs (Thread[#210,Execution worker Thread 5,5,main]) started.
[        ] :firebase_auth:mergeDebugNativeLibs (Thread[#210,Execution worker Thread 5,5,main]) started.
[        ] > Task :firebase_auth:mergeDebugNativeLibs NO-SOURCE
[        ] Skipping task ':firebase_auth:mergeDebugNativeLibs' as it has no source files and no previous output files.
[        ] Resolve mutations for :firebase_auth:copyDebugJniLibsProjectOnly (Thread[#210,Execution worker Thread 5,5,main]) started.
[        ] :firebase_auth:copyDebugJniLibsProjectOnly (Thread[#210,Execution worker Thread 5,5,main]) started.
[        ] > Task :firebase_auth:copyDebugJniLibsProjectOnly UP-TO-DATE
[        ] Caching disabled for task ':firebase_auth:copyDebugJniLibsProjectOnly' because:
[        ]   Build cache is disabled
[        ]   Caching has been disabled for the task
[        ] Skipping task ':firebase_auth:copyDebugJniLibsProjectOnly' as it is up-to-date.
[        ] work action resolve jni (project :firebase_auth) (Thread[#210,Execution worker Thread 5,5,main]) started.
[        ] Resolve mutations for :firebase_core:mergeDebugJniLibFolders (Thread[#210,Execution worker Thread 5,5,main]) started.
[        ] :firebase_core:mergeDebugJniLibFolders (Thread[#210,Execution worker Thread 5,5,main]) started.
[        ] > Task :firebase_core:mergeDebugJniLibFolders UP-TO-DATE
[        ] Caching disabled for task ':firebase_core:mergeDebugJniLibFolders' because:
[        ]   Build cache is disabled
[        ]   Simple merging task
[        ] Skipping task ':firebase_core:mergeDebugJniLibFolders' as it is up-to-date.
[        ] Resolve mutations for :firebase_core:mergeDebugNativeLibs (Thread[#210,Execution worker Thread 5,5,main]) started.
[        ] :firebase_core:mergeDebugNativeLibs (Thread[#210,Execution worker Thread 5,5,main]) started.
[        ] > Task :firebase_core:mergeDebugNativeLibs NO-SOURCE
[        ] Skipping task ':firebase_core:mergeDebugNativeLibs' as it has no source files and no previous output files.
[        ] Resolve mutations for :firebase_core:copyDebugJniLibsProjectOnly (Thread[#210,Execution worker Thread 5,5,main]) started.
[        ] :firebase_core:copyDebugJniLibsProjectOnly (Thread[#210,Execution worker Thread 5,5,main]) started.
[        ] > Task :firebase_core:copyDebugJniLibsProjectOnly UP-TO-DATE
[        ] Caching disabled for task ':firebase_core:copyDebugJniLibsProjectOnly' because:
[        ]   Build cache is disabled
[        ]   Caching has been disabled for the task
[        ] Skipping task ':firebase_core:copyDebugJniLibsProjectOnly' as it is up-to-date.
[        ] work action resolve jni (project :firebase_core) (Thread[#210,Execution worker Thread 5,5,main]) started.
[        ] Resolve mutations for :firebase_storage:mergeDebugJniLibFolders (Thread[#210,Execution worker Thread 5,5,main]) started.
[        ] :firebase_storage:mergeDebugJniLibFolders (Thread[#210,Execution worker Thread 5,5,main]) started.
[        ] > Task :firebase_storage:mergeDebugJniLibFolders UP-TO-DATE
[        ] Caching disabled for task ':firebase_storage:mergeDebugJniLibFolders' because:
[        ]   Build cache is disabled
[        ]   Simple merging task
[   +1 ms] Skipping task ':firebase_storage:mergeDebugJniLibFolders' as it is up-to-date.
[        ] Resolve mutations for :firebase_storage:mergeDebugNativeLibs (Thread[#210,Execution worker Thread 5,5,main]) started.
[        ] :firebase_storage:mergeDebugNativeLibs (Thread[#207,Execution worker Thread 2,5,main]) started.
[        ] > Task :firebase_storage:mergeDebugNativeLibs NO-SOURCE
[        ] Skipping task ':firebase_storage:mergeDebugNativeLibs' as it has no source files and no previous output files.
[        ] Resolve mutations for :firebase_storage:copyDebugJniLibsProjectOnly (Thread[#207,Execution worker Thread 2,5,main]) started.
[        ] :firebase_storage:copyDebugJniLibsProjectOnly (Thread[#207,Execution worker Thread 2,5,main]) started.
[        ] > Task :firebase_storage:copyDebugJniLibsProjectOnly UP-TO-DATE
[        ] Caching disabled for task ':firebase_storage:copyDebugJniLibsProjectOnly' because:
[        ]   Build cache is disabled
[        ]   Caching has been disabled for the task
[        ] Skipping task ':firebase_storage:copyDebugJniLibsProjectOnly' as it is up-to-date.
[        ] work action resolve jni (project :firebase_storage) (Thread[#207,Execution worker Thread 2,5,main]) started.
[        ] Resolve mutations for :flutter_plugin_android_lifecycle:mergeDebugJniLibFolders (Thread[#207,Execution worker Thread 2,5,main]) started.
[        ] :flutter_plugin_android_lifecycle:mergeDebugJniLibFolders (Thread[#207,Execution worker Thread 2,5,main]) started.
[        ] > Task :flutter_plugin_android_lifecycle:mergeDebugJniLibFolders UP-TO-DATE
[        ] Caching disabled for task ':flutter_plugin_android_lifecycle:mergeDebugJniLibFolders' because:
[        ]   Build cache is disabled
[   +1 ms]   Simple merging task
[        ] Skipping task ':flutter_plugin_android_lifecycle:mergeDebugJniLibFolders' as it is up-to-date.
[        ] Resolve mutations for :flutter_plugin_android_lifecycle:mergeDebugNativeLibs (Thread[#207,Execution worker Thread 2,5,main]) started.
[        ] :flutter_plugin_android_lifecycle:mergeDebugNativeLibs (Thread[#207,Execution worker Thread 2,5,main]) started.
[        ] > Task :flutter_plugin_android_lifecycle:mergeDebugNativeLibs NO-SOURCE
[        ] Skipping task ':flutter_plugin_android_lifecycle:mergeDebugNativeLibs' as it has no source files and no previous output files.
[        ] Resolve mutations for :flutter_plugin_android_lifecycle:copyDebugJniLibsProjectOnly (Thread[#207,Execution worker Thread 2,5,main]) started.
[        ] :flutter_plugin_android_lifecycle:copyDebugJniLibsProjectOnly (Thread[#207,Execution worker Thread 2,5,main]) started.
[        ] > Task :flutter_plugin_android_lifecycle:copyDebugJniLibsProjectOnly UP-TO-DATE
[        ] Caching disabled for task ':flutter_plugin_android_lifecycle:copyDebugJniLibsProjectOnly' because:
[        ]   Build cache is disabled
[        ]   Caching has been disabled for the task
[        ] Skipping task ':flutter_plugin_android_lifecycle:copyDebugJniLibsProjectOnly' as it is up-to-date.
[        ] work action resolve jni (project :flutter_plugin_android_lifecycle) (Thread[#207,Execution worker Thread 2,5,main]) started.
[        ] Resolve mutations for :path_provider_android:mergeDebugJniLibFolders (Thread[#207,Execution worker Thread 2,5,main]) started.
[        ] :path_provider_android:mergeDebugJniLibFolders (Thread[#207,Execution worker Thread 2,5,main]) started.
[  +67 ms] > Task :path_provider_android:mergeDebugJniLibFolders UP-TO-DATE
[        ] Caching disabled for task ':path_provider_android:mergeDebugJniLibFolders' because:
[        ]   Build cache is disabled
[        ]   Simple merging task
[        ] Skipping task ':path_provider_android:mergeDebugJniLibFolders' as it is up-to-date.
[        ] Resolve mutations for :path_provider_android:mergeDebugNativeLibs (Thread[#207,Execution worker Thread 2,5,main]) started.
[        ] :path_provider_android:mergeDebugNativeLibs (Thread[#207,Execution worker Thread 2,5,main]) started.
[        ] > Task :path_provider_android:mergeDebugNativeLibs NO-SOURCE
[        ] Skipping task ':path_provider_android:mergeDebugNativeLibs' as it has no source files and no previous output files.
[        ] Resolve mutations for :path_provider_android:copyDebugJniLibsProjectOnly (Thread[#210,Execution worker Thread 5,5,main]) started.
[        ] :path_provider_android:copyDebugJniLibsProjectOnly (Thread[#210,Execution worker Thread 5,5,main]) started.
[        ] > Task :path_provider_android:copyDebugJniLibsProjectOnly UP-TO-DATE
[        ] Caching disabled for task ':path_provider_android:copyDebugJniLibsProjectOnly' because:
[        ]   Build cache is disabled
[        ]   Caching has been disabled for the task
[        ] Skipping task ':path_provider_android:copyDebugJniLibsProjectOnly' as it is up-to-date.
[        ] work action resolve jni (project :path_provider_android) (Thread[#210,Execution worker Thread 5,5,main]) started.
[        ] Resolve mutations for :sqflite_android:mergeDebugJniLibFolders (Thread[#210,Execution worker Thread 5,5,main]) started.
[        ] :sqflite_android:mergeDebugJniLibFolders (Thread[#210,Execution worker Thread 5,5,main]) started.
[        ] > Task :sqflite_android:mergeDebugJniLibFolders UP-TO-DATE
[        ] Caching disabled for task ':sqflite_android:mergeDebugJniLibFolders' because:
[        ]   Build cache is disabled
[        ]   Simple merging task
[        ] Skipping task ':sqflite_android:mergeDebugJniLibFolders' as it is up-to-date.
[        ] Resolve mutations for :sqflite_android:mergeDebugNativeLibs (Thread[#210,Execution worker Thread 5,5,main]) started.
[        ] :sqflite_android:mergeDebugNativeLibs (Thread[#210,Execution worker Thread 5,5,main]) started.
[        ] > Task :sqflite_android:mergeDebugNativeLibs NO-SOURCE
[        ] Skipping task ':sqflite_android:mergeDebugNativeLibs' as it has no source files and no previous output files.
[        ] Resolve mutations for :sqflite_android:copyDebugJniLibsProjectOnly (Thread[#210,Execution worker Thread 5,5,main]) started.
[        ] :sqflite_android:copyDebugJniLibsProjectOnly (Thread[#210,Execution worker Thread 5,5,main]) started.
[        ] > Task :sqflite_android:copyDebugJniLibsProjectOnly UP-TO-DATE
[        ] Caching disabled for task ':sqflite_android:copyDebugJniLibsProjectOnly' because:
[        ]   Build cache is disabled
[        ]   Caching has been disabled for the task
[        ] Skipping task ':sqflite_android:copyDebugJniLibsProjectOnly' as it is up-to-date.
[        ] work action resolve jni (project :sqflite_android) (Thread[#205,included builds,5,main]) started.
[        ] Resolve mutations for :app:mergeDebugNativeLibs (Thread[#205,included builds,5,main]) started.
[        ] :app:mergeDebugNativeLibs (Thread[#205,included builds,5,main]) started.
[+1087 ms] > Task :app:compileDebugKotlin
[   +6 ms] Options for KOTLIN DAEMON: IncrementalCompilationOptions(super=CompilationOptions(compilerMode=INCREMENTAL_COMPILER, targetPlatform=JVM, reportCategories=[0, 3], reportSeverity=2, requestedCompilationResults=[0], kotlinScriptExtensions=[]), sourceChanges=org.jetbrains.kotlin.buildtools.api.SourcesChanges$Known@1dd016c, classpathChanges=ToBeComputedByIncrementalCompiler, workingDir=D:\Project\smart-exit-app\build\app\kotlin\compileDebugKotlin\cacheable, multiModuleICSettings=MultiModuleICSettings(buildHistoryFile=D:\Project\smart-exit-app\build\app\kotlin\compileDebugKotlin\local-state\build-history.bin, useModuleDetection=true), icFeatures=IncrementalCompilationFeatures(usePreciseJavaTracking=true, withAbiSnapshot=false, preciseCompilationResultsBackup=true, keepIncrementalCompilationCachesInMemory=true, enableUnsafeIncrementalCompilationForMultiplatform=false, enableMonotonousIncrementalCompileSetExpansion=true), outputFiles=[D:\Project\smart-exit-app\build\app\tmp\kotlin-classes\debug, D:\Project\smart-exit-app\build\app\kotlin\compileDebugKotlin\cacheable, D:\Project\smart-exit-app\build\app\kotlin\compileDebugKotlin\local-state])
[+1998 ms] Resolve mutations for :app:validateSigningDebug (Thread[#210,Execution worker Thread 5,5,main]) started.
[        ] :app:validateSigningDebug (Thread[#210,Execution worker Thread 5,5,main]) started.
[        ] > Task :app:validateSigningDebug UP-TO-DATE
[   +1 ms] Caching disabled for task ':app:validateSigningDebug' because:
[        ]   Build cache is disabled
[        ]   Caching has been disabled for the task
[        ] Skipping task ':app:validateSigningDebug' as it is up-to-date.
[        ] Resolve mutations for :app:writeDebugAppMetadata (Thread[#210,Execution worker Thread 5,5,main]) started.
[        ] :app:writeDebugAppMetadata (Thread[#210,Execution worker Thread 5,5,main]) started.
[        ] > Task :app:writeDebugAppMetadata UP-TO-DATE
[        ] Caching disabled for task ':app:writeDebugAppMetadata' because:
[        ]   Build cache is disabled
[        ]   Caching has been disabled for the task
[        ] Skipping task ':app:writeDebugAppMetadata' as it is up-to-date.
[        ] Resolve mutations for :app:writeDebugSigningConfigVersions (Thread[#210,Execution worker Thread 5,5,main]) started.
[        ] :app:writeDebugSigningConfigVersions (Thread[#210,Execution worker Thread 5,5,main]) started.
[        ] > Task :app:writeDebugSigningConfigVersions UP-TO-DATE
[        ] Caching disabled for task ':app:writeDebugSigningConfigVersions' because:
[        ]   Build cache is disabled
[        ]   Caching has been disabled for the task
[        ] Skipping task ':app:writeDebugSigningConfigVersions' as it is up-to-date.
[        ] Resolve mutations for :cloud_firestore:stripDebugDebugSymbols (Thread[#210,Execution worker Thread 5,5,main]) started.
[        ] :cloud_firestore:stripDebugDebugSymbols (Thread[#210,Execution worker Thread 5,5,main]) started.
[        ] > Task :cloud_firestore:stripDebugDebugSymbols NO-SOURCE
[        ] Skipping task ':cloud_firestore:stripDebugDebugSymbols' as it has no source files and no previous output files.
[        ] Resolve mutations for :cloud_firestore:copyDebugJniLibsProjectAndLocalJars (Thread[#210,Execution worker Thread 5,5,main]) started.
[        ] :cloud_firestore:copyDebugJniLibsProjectAndLocalJars (Thread[#210,Execution worker Thread 5,5,main]) started.
[        ] > Task :app:mergeDebugNativeLibs
[        ] Caching disabled for ExtractJniTransform: D:\Project\smart-exit-app\build\app\intermediates\flutter\debug\libs.jar because:
[        ]   Build cache is disabled
[        ] Caching disabled for ExtractJniTransform: C:\Users\HH\.gradle\caches\modules-2\files-2.1\io.flutter\armeabi_v7a_debug\1.0.0-cb467e31a54207dc987aca5bb0941c4d2e3fd9ed\1af2274d4c5d920013812014782f933ac6066c97\armeabi_v7a_debug-1.0.0-cb467e31a54207dc987aca5bb0941c4d2e3fd9ed.jar because:
[        ]   Build cache is disabled
[   +1 ms] Caching disabled for ExtractJniTransform: C:\Users\HH\.gradle\caches\modules-2\files-2.1\io.flutter\x86_64_debug\1.0.0-cb467e31a54207dc987aca5bb0941c4d2e3fd9ed\dcdb9b60736980adf0722e189750e8eb0229ec38\x86_64_debug-1.0.0-cb467e31a54207dc987aca5bb0941c4d2e3fd9ed.jar because:
[        ]   Build cache is disabled
[        ] Caching disabled for task ':app:mergeDebugNativeLibs' because:
[        ]   Build cache is disabled
[        ]   Caching has been disabled for the task
[        ] Task ':app:mergeDebugNativeLibs' is not up-to-date because:
[        ]   Input property 'externalLibNativeLibs' file C:\Users\HH\.gradle\caches\8.14\transforms\c897226d8d8a9e4eb742cf63345b316b\transformed\armeabi_v7a_debug-1.0.0-cb467e31a54207dc987aca5bb0941c4d2e3fd9ed\armeabi-v7a\libflutter.so has been added.
[        ]   Input property 'externalLibNativeLibs' file C:\Users\HH\.gradle\caches\8.14\transforms\cbb39f10194c893bf5c1840b7f02cc3b\transformed\x86_64_debug-1.0.0-cb467e31a54207dc987aca5bb0941c4d2e3fd9ed\x86_64\libflutter.so has been added.
[  +82 ms] > Task :cloud_firestore:copyDebugJniLibsProjectAndLocalJars UP-TO-DATE
[        ] Caching disabled for task ':cloud_firestore:copyDebugJniLibsProjectAndLocalJars' because:
[        ]   Build cache is disabled
[        ]   Caching has been disabled for the task
[        ] Skipping task ':cloud_firestore:copyDebugJniLibsProjectAndLocalJars' as it is up-to-date.
[        ] Resolve mutations for :cloud_firestore:extractDebugAnnotations (Thread[#210,Execution worker Thread 5,5,main]) started.
[        ] :cloud_firestore:extractDebugAnnotations (Thread[#210,Execution worker Thread 5,5,main]) started.
[   +2 ms] > Task :cloud_firestore:extractDebugAnnotations UP-TO-DATE
[        ] Caching disabled for task ':cloud_firestore:extractDebugAnnotations' because:
[        ]   Build cache is disabled
[        ] Skipping task ':cloud_firestore:extractDebugAnnotations' as it is up-to-date.
[        ] Resolve mutations for :cloud_firestore:extractDeepLinksForAarDebug (Thread[#210,Execution worker Thread 5,5,main]) started.
[        ] :cloud_firestore:extractDeepLinksForAarDebug (Thread[#210,Execution worker Thread 5,5,main]) started.
[        ] > Task :cloud_firestore:extractDeepLinksForAarDebug UP-TO-DATE
[        ] Caching disabled for task ':cloud_firestore:extractDeepLinksForAarDebug' because:
[        ]   Build cache is disabled
[        ] Skipping task ':cloud_firestore:extractDeepLinksForAarDebug' as it is up-to-date.
[        ] Resolve mutations for :cloud_firestore:mergeDebugGeneratedProguardFiles (Thread[#210,Execution worker Thread 5,5,main]) started.
[        ] :cloud_firestore:mergeDebugGeneratedProguardFiles (Thread[#210,Execution worker Thread 5,5,main]) started.
[   +3 ms] > Task :cloud_firestore:mergeDebugGeneratedProguardFiles UP-TO-DATE
[        ] Caching disabled for task ':cloud_firestore:mergeDebugGeneratedProguardFiles' because:
[        ]   Build cache is disabled
[        ]   Simple merging task
[   +1 ms] Skipping task ':cloud_firestore:mergeDebugGeneratedProguardFiles' as it is up-to-date.
[        ] Resolve mutations for :cloud_firestore:mergeDebugConsumerProguardFiles (Thread[#210,Execution worker Thread 5,5,main]) started.
[        ] :cloud_firestore:mergeDebugConsumerProguardFiles (Thread[#210,Execution worker Thread 5,5,main]) started.
[        ] > Task :cloud_firestore:mergeDebugConsumerProguardFiles UP-TO-DATE
[        ] Caching disabled for task ':cloud_firestore:mergeDebugConsumerProguardFiles' because:
[        ]   Build cache is disabled
[        ]   Simple merging task
[   +1 ms] Skipping task ':cloud_firestore:mergeDebugConsumerProguardFiles' as it is up-to-date.
[        ] Resolve mutations for :cloud_firestore:prepareDebugArtProfile (Thread[#210,Execution worker Thread 5,5,main]) started.
[        ] :cloud_firestore:prepareDebugArtProfile (Thread[#210,Execution worker Thread 5,5,main]) started.
[   +1 ms] > Task :cloud_firestore:prepareDebugArtProfile UP-TO-DATE
[        ] Caching disabled for task ':cloud_firestore:prepareDebugArtProfile' because:
[        ]   Build cache is disabled
[        ]   Caching has been disabled for the task
[        ] Skipping task ':cloud_firestore:prepareDebugArtProfile' as it is up-to-date.
[        ] Resolve mutations for :cloud_firestore:prepareLintJarForPublish (Thread[#210,Execution worker Thread 5,5,main]) started.
[        ] :cloud_firestore:prepareLintJarForPublish (Thread[#210,Execution worker Thread 5,5,main]) started.
[        ] > Task :cloud_firestore:prepareLintJarForPublish UP-TO-DATE
[        ] Caching disabled for task ':cloud_firestore:prepareLintJarForPublish' because:
[        ]   Build cache is disabled
[        ]   Caching has been disabled for the task
[        ] Skipping task ':cloud_firestore:prepareLintJarForPublish' as it is up-to-date.
[        ] Resolve mutations for :cloud_firestore:mergeDebugJavaResource (Thread[#210,Execution worker Thread 5,5,main]) started.
[        ] :cloud_firestore:mergeDebugJavaResource (Thread[#210,Execution worker Thread 5,5,main]) started.
[        ] > Task :cloud_firestore:mergeDebugJavaResource UP-TO-DATE
[   +1 ms] Caching disabled for task ':cloud_firestore:mergeDebugJavaResource' because:
[   +2 ms]   Build cache is disabled
[        ]   Caching has been disabled for the task
[        ] Skipping task ':cloud_firestore:mergeDebugJavaResource' as it is up-to-date.
[        ] Resolve mutations for :cloud_firestore:syncDebugLibJars (Thread[#210,Execution worker Thread 5,5,main]) started.
[   +1 ms] :cloud_firestore:syncDebugLibJars (Thread[#210,Execution worker Thread 5,5,main]) started.
[  +68 ms] > Task :cloud_firestore:syncDebugLibJars UP-TO-DATE
[        ] Caching disabled for task ':cloud_firestore:syncDebugLibJars' because:
[        ]   Build cache is disabled
[        ] Skipping task ':cloud_firestore:syncDebugLibJars' as it is up-to-date.
[        ] Resolve mutations for :cloud_firestore:bundleDebugAar (Thread[#210,Execution worker Thread 5,5,main]) started.
[        ] :cloud_firestore:bundleDebugAar (Thread[#210,Execution worker Thread 5,5,main]) started.
[        ] > Task :cloud_firestore:bundleDebugAar UP-TO-DATE
[        ] Caching disabled for task ':cloud_firestore:bundleDebugAar' because:
[        ]   Build cache is disabled
[        ]   Caching has been disabled for the task
[        ] Skipping task ':cloud_firestore:bundleDebugAar' as it is up-to-date.
[        ] Resolve mutations for :cloud_firestore:assembleDebug (Thread[#210,Execution worker Thread 5,5,main]) started.
[        ] :cloud_firestore:assembleDebug (Thread[#210,Execution worker Thread 5,5,main]) started.
[   +2 ms] > Task :cloud_firestore:assembleDebug UP-TO-DATE
[        ] Skipping task ':cloud_firestore:assembleDebug' as it has no actions.
[        ] Resolve mutations for :file_picker:stripDebugDebugSymbols (Thread[#210,Execution worker Thread 5,5,main]) started.
[        ] :file_picker:stripDebugDebugSymbols (Thread[#210,Execution worker Thread 5,5,main]) started.
[        ] > Task :file_picker:stripDebugDebugSymbols NO-SOURCE
[   +1 ms] Skipping task ':file_picker:stripDebugDebugSymbols' as it has no source files and no previous output files.
[        ] Resolve mutations for :file_picker:copyDebugJniLibsProjectAndLocalJars (Thread[#210,Execution worker Thread 5,5,main]) started.
[        ] :file_picker:copyDebugJniLibsProjectAndLocalJars (Thread[#210,Execution worker Thread 5,5,main]) started.
[        ] > Task :file_picker:copyDebugJniLibsProjectAndLocalJars UP-TO-DATE
[        ] Caching disabled for task ':file_picker:copyDebugJniLibsProjectAndLocalJars' because:
[        ]   Build cache is disabled
[        ]   Caching has been disabled for the task
[        ] Skipping task ':file_picker:copyDebugJniLibsProjectAndLocalJars' as it is up-to-date.
[        ] Resolve mutations for :file_picker:extractDebugAnnotations (Thread[#210,Execution worker Thread 5,5,main]) started.
[        ] :file_picker:extractDebugAnnotations (Thread[#210,Execution worker Thread 5,5,main]) started.
[        ] > Task :file_picker:extractDebugAnnotations UP-TO-DATE
[        ] Caching disabled for task ':file_picker:extractDebugAnnotations' because:
[        ]   Build cache is disabled
[        ] Skipping task ':file_picker:extractDebugAnnotations' as it is up-to-date.
[        ] Resolve mutations for :file_picker:extractDeepLinksForAarDebug (Thread[#210,Execution worker Thread 5,5,main]) started.
[        ] :file_picker:extractDeepLinksForAarDebug (Thread[#210,Execution worker Thread 5,5,main]) started.
[        ] > Task :file_picker:extractDeepLinksForAarDebug UP-TO-DATE
[        ] Caching disabled for task ':file_picker:extractDeepLinksForAarDebug' because:
[        ]   Build cache is disabled
[        ] Skipping task ':file_picker:extractDeepLinksForAarDebug' as it is up-to-date.
[        ] Resolve mutations for :file_picker:mergeDebugGeneratedProguardFiles (Thread[#210,Execution worker Thread 5,5,main]) started.
[        ] :file_picker:mergeDebugGeneratedProguardFiles (Thread[#210,Execution worker Thread 5,5,main]) started.
[        ] > Task :file_picker:mergeDebugGeneratedProguardFiles UP-TO-DATE
[        ] Caching disabled for task ':file_picker:mergeDebugGeneratedProguardFiles' because:
[        ]   Build cache is disabled
[        ]   Simple merging task
[        ] Skipping task ':file_picker:mergeDebugGeneratedProguardFiles' as it is up-to-date.
[        ] Resolve mutations for :file_picker:mergeDebugConsumerProguardFiles (Thread[#210,Execution worker Thread 5,5,main]) started.
[  +51 ms] :file_picker:mergeDebugConsumerProguardFiles (Thread[#210,Execution worker Thread 5,5,main]) started.
[        ] > Task :file_picker:mergeDebugConsumerProguardFiles UP-TO-DATE
[        ] Caching disabled for task ':file_picker:mergeDebugConsumerProguardFiles' because:
[        ]   Build cache is disabled
[        ]   Simple merging task
[        ] Skipping task ':file_picker:mergeDebugConsumerProguardFiles' as it is up-to-date.
[        ] Resolve mutations for :file_picker:prepareDebugArtProfile (Thread[#210,Execution worker Thread 5,5,main]) started.
[        ] :file_picker:prepareDebugArtProfile (Thread[#210,Execution worker Thread 5,5,main]) started.
[        ] > Task :file_picker:prepareDebugArtProfile UP-TO-DATE
[        ] Caching disabled for task ':file_picker:prepareDebugArtProfile' because:
[        ]   Build cache is disabled
[        ]   Caching has been disabled for the task
[        ] Skipping task ':file_picker:prepareDebugArtProfile' as it is up-to-date.
[        ] Resolve mutations for :file_picker:prepareLintJarForPublish (Thread[#210,Execution worker Thread 5,5,main]) started.
[        ] :file_picker:prepareLintJarForPublish (Thread[#210,Execution worker Thread 5,5,main]) started.
[        ] > Task :file_picker:prepareLintJarForPublish UP-TO-DATE
[        ] Caching disabled for task ':file_picker:prepareLintJarForPublish' because:
[        ]   Build cache is disabled
[        ]   Caching has been disabled for the task
[        ] Skipping task ':file_picker:prepareLintJarForPublish' as it is up-to-date.
[        ] Resolve mutations for :file_picker:mergeDebugJavaResource (Thread[#210,Execution worker Thread 5,5,main]) started.
[        ] :file_picker:mergeDebugJavaResource (Thread[#210,Execution worker Thread 5,5,main]) started.
[        ] > Task :file_picker:mergeDebugJavaResource UP-TO-DATE
[        ] Caching disabled for task ':file_picker:mergeDebugJavaResource' because:
[        ]   Build cache is disabled
[        ]   Caching has been disabled for the task
[        ] Skipping task ':file_picker:mergeDebugJavaResource' as it is up-to-date.
[        ] Resolve mutations for :file_picker:syncDebugLibJars (Thread[#210,Execution worker Thread 5,5,main]) started.
[        ] :file_picker:syncDebugLibJars (Thread[#210,Execution worker Thread 5,5,main]) started.
[        ] > Task :file_picker:syncDebugLibJars UP-TO-DATE
[        ] Caching disabled for task ':file_picker:syncDebugLibJars' because:
[        ]   Build cache is disabled
[        ] Skipping task ':file_picker:syncDebugLibJars' as it is up-to-date.
[        ] Resolve mutations for :file_picker:bundleDebugAar (Thread[#210,Execution worker Thread 5,5,main]) started.
[        ] :file_picker:bundleDebugAar (Thread[#210,Execution worker Thread 5,5,main]) started.
[        ] > Task :file_picker:bundleDebugAar UP-TO-DATE
[        ] Caching disabled for task ':file_picker:bundleDebugAar' because:
[        ]   Build cache is disabled
[        ]   Caching has been disabled for the task
[        ] Skipping task ':file_picker:bundleDebugAar' as it is up-to-date.
[        ] Resolve mutations for :file_picker:assembleDebug (Thread[#210,Execution worker Thread 5,5,main]) started.
[        ] :file_picker:assembleDebug (Thread[#210,Execution worker Thread 5,5,main]) started.
[        ] > Task :file_picker:assembleDebug UP-TO-DATE
[        ] Skipping task ':file_picker:assembleDebug' as it has no actions.
[   +1 ms] Resolve mutations for :firebase_auth:stripDebugDebugSymbols (Thread[#210,Execution worker Thread 5,5,main]) started.
[        ] :firebase_auth:stripDebugDebugSymbols (Thread[#210,Execution worker Thread 5,5,main]) started.
[        ] > Task :firebase_auth:stripDebugDebugSymbols NO-SOURCE
[        ] Skipping task ':firebase_auth:stripDebugDebugSymbols' as it has no source files and no previous output files.
[        ] Resolve mutations for :firebase_auth:copyDebugJniLibsProjectAndLocalJars (Thread[#210,Execution worker Thread 5,5,main]) started.
[        ] :firebase_auth:copyDebugJniLibsProjectAndLocalJars (Thread[#210,Execution worker Thread 5,5,main]) started.
[        ] > Task :firebase_auth:copyDebugJniLibsProjectAndLocalJars UP-TO-DATE
[        ] Caching disabled for task ':firebase_auth:copyDebugJniLibsProjectAndLocalJars' because:
[        ]   Build cache is disabled
[        ]   Caching has been disabled for the task
[        ] Skipping task ':firebase_auth:copyDebugJniLibsProjectAndLocalJars' as it is up-to-date.
[        ] Resolve mutations for :firebase_auth:extractDebugAnnotations (Thread[#210,Execution worker Thread 5,5,main]) started.
[        ] :firebase_auth:extractDebugAnnotations (Thread[#210,Execution worker Thread 5,5,main]) started.
[        ] > Task :firebase_auth:extractDebugAnnotations UP-TO-DATE
[        ] Caching disabled for task ':firebase_auth:extractDebugAnnotations' because:
[        ]   Build cache is disabled
[        ] Skipping task ':firebase_auth:extractDebugAnnotations' as it is up-to-date.
[        ] Resolve mutations for :firebase_auth:extractDeepLinksForAarDebug (Thread[#210,Execution worker Thread 5,5,main]) started.
[        ] :firebase_auth:extractDeepLinksForAarDebug (Thread[#210,Execution worker Thread 5,5,main]) started.
[        ] > Task :firebase_auth:extractDeepLinksForAarDebug UP-TO-DATE
[        ] Caching disabled for task ':firebase_auth:extractDeepLinksForAarDebug' because:
[        ]   Build cache is disabled
[        ] Skipping task ':firebase_auth:extractDeepLinksForAarDebug' as it is up-to-date.
[        ] Resolve mutations for :firebase_auth:mergeDebugGeneratedProguardFiles (Thread[#210,Execution worker Thread 5,5,main]) started.
[   +1 ms] :firebase_auth:mergeDebugGeneratedProguardFiles (Thread[#210,Execution worker Thread 5,5,main]) started.
[        ] > Task :firebase_auth:mergeDebugGeneratedProguardFiles UP-TO-DATE
[   +2 ms] Caching disabled for task ':firebase_auth:mergeDebugGeneratedProguardFiles' because:
[        ]   Build cache is disabled
[        ]   Simple merging task
[        ] Skipping task ':firebase_auth:mergeDebugGeneratedProguardFiles' as it is up-to-date.
[        ] Resolve mutations for :firebase_auth:mergeDebugConsumerProguardFiles (Thread[#210,Execution worker Thread 5,5,main]) started.
[        ] :firebase_auth:mergeDebugConsumerProguardFiles (Thread[#210,Execution worker Thread 5,5,main]) started.
[        ] > Task :firebase_auth:mergeDebugConsumerProguardFiles UP-TO-DATE
[        ] Caching disabled for task ':firebase_auth:mergeDebugConsumerProguardFiles' because:
[        ]   Build cache is disabled
[        ]   Simple merging task
[        ] Skipping task ':firebase_auth:mergeDebugConsumerProguardFiles' as it is up-to-date.
[        ] Resolve mutations for :firebase_auth:prepareDebugArtProfile (Thread[#212,Execution worker Thread 7,5,main]) started.
[        ] :firebase_auth:prepareDebugArtProfile (Thread[#212,Execution worker Thread 7,5,main]) started.
[  +26 ms] > Task :firebase_auth:prepareDebugArtProfile UP-TO-DATE
[        ] Caching disabled for task ':firebase_auth:prepareDebugArtProfile' because:
[        ]   Build cache is disabled
[        ]   Caching has been disabled for the task
[        ] Skipping task ':firebase_auth:prepareDebugArtProfile' as it is up-to-date.
[        ] Resolve mutations for :firebase_auth:prepareLintJarForPublish (Thread[#212,Execution worker Thread 7,5,main]) started.
[        ] :firebase_auth:prepareLintJarForPublish (Thread[#212,Execution worker Thread 7,5,main]) started.
[        ] > Task :firebase_auth:prepareLintJarForPublish UP-TO-DATE
[   +1 ms] Caching disabled for task ':firebase_auth:prepareLintJarForPublish' because:
[        ]   Build cache is disabled
[        ]   Caching has been disabled for the task
[        ] Skipping task ':firebase_auth:prepareLintJarForPublish' as it is up-to-date.
[        ] Resolve mutations for :firebase_auth:mergeDebugJavaResource (Thread[#212,Execution worker Thread 7,5,main]) started.
[        ] :firebase_auth:mergeDebugJavaResource (Thread[#212,Execution worker Thread 7,5,main]) started.
[        ] > Task :firebase_auth:mergeDebugJavaResource UP-TO-DATE
[        ] Caching disabled for task ':firebase_auth:mergeDebugJavaResource' because:
[        ]   Build cache is disabled
[        ]   Caching has been disabled for the task
[        ] Skipping task ':firebase_auth:mergeDebugJavaResource' as it is up-to-date.
[        ] Resolve mutations for :firebase_auth:syncDebugLibJars (Thread[#212,Execution worker Thread 7,5,main]) started.
[        ] :firebase_auth:syncDebugLibJars (Thread[#212,Execution worker Thread 7,5,main]) started.
[        ] > Task :firebase_auth:syncDebugLibJars UP-TO-DATE
[        ] Caching disabled for task ':firebase_auth:syncDebugLibJars' because:
[        ]   Build cache is disabled
[        ] Skipping task ':firebase_auth:syncDebugLibJars' as it is up-to-date.
[        ] Resolve mutations for :firebase_auth:bundleDebugAar (Thread[#212,Execution worker Thread 7,5,main]) started.
[        ] :firebase_auth:bundleDebugAar (Thread[#212,Execution worker Thread 7,5,main]) started.
[   +1 ms] > Task :firebase_auth:bundleDebugAar UP-TO-DATE
[        ] Caching disabled for task ':firebase_auth:bundleDebugAar' because:
[        ]   Build cache is disabled
[   +1 ms]   Caching has been disabled for the task
[        ] Skipping task ':firebase_auth:bundleDebugAar' as it is up-to-date.
[        ] Resolve mutations for :firebase_auth:assembleDebug (Thread[#212,Execution worker Thread 7,5,main]) started.
[        ] :firebase_auth:assembleDebug (Thread[#212,Execution worker Thread 7,5,main]) started.
[        ] > Task :firebase_auth:assembleDebug UP-TO-DATE
[        ] Skipping task ':firebase_auth:assembleDebug' as it has no actions.
[        ] Resolve mutations for :firebase_core:stripDebugDebugSymbols (Thread[#212,Execution worker Thread 7,5,main]) started.
[        ] :firebase_core:stripDebugDebugSymbols (Thread[#212,Execution worker Thread 7,5,main]) started.
[        ] > Task :firebase_core:stripDebugDebugSymbols NO-SOURCE
[        ] Skipping task ':firebase_core:stripDebugDebugSymbols' as it has no source files and no previous output files.
[        ] Resolve mutations for :firebase_core:copyDebugJniLibsProjectAndLocalJars (Thread[#212,Execution worker Thread 7,5,main]) started.
[   +1 ms] :firebase_core:copyDebugJniLibsProjectAndLocalJars (Thread[#212,Execution worker Thread 7,5,main]) started.
[        ] > Task :firebase_core:copyDebugJniLibsProjectAndLocalJars UP-TO-DATE
[        ] Caching disabled for task ':firebase_core:copyDebugJniLibsProjectAndLocalJars' because:
[        ]   Build cache is disabled
[        ]   Caching has been disabled for the task
[        ] Skipping task ':firebase_core:copyDebugJniLibsProjectAndLocalJars' as it is up-to-date.
[        ] Resolve mutations for :firebase_core:extractDebugAnnotations (Thread[#212,Execution worker Thread 7,5,main]) started.
[        ] :firebase_core:extractDebugAnnotations (Thread[#212,Execution worker Thread 7,5,main]) started.
[        ] > Task :firebase_core:extractDebugAnnotations UP-TO-DATE
[        ] Caching disabled for task ':firebase_core:extractDebugAnnotations' because:
[        ]   Build cache is disabled
[        ] Skipping task ':firebase_core:extractDebugAnnotations' as it is up-to-date.
[        ] Resolve mutations for :firebase_core:extractDeepLinksForAarDebug (Thread[#212,Execution worker Thread 7,5,main]) started.
[   +1 ms] :firebase_core:extractDeepLinksForAarDebug (Thread[#212,Execution worker Thread 7,5,main]) started.
[        ] > Task :firebase_core:extractDeepLinksForAarDebug UP-TO-DATE
[        ] Caching disabled for task ':firebase_core:extractDeepLinksForAarDebug' because:
[        ]   Build cache is disabled
[        ] Skipping task ':firebase_core:extractDeepLinksForAarDebug' as it is up-to-date.
[        ] Resolve mutations for :firebase_core:mergeDebugGeneratedProguardFiles (Thread[#212,Execution worker Thread 7,5,main]) started.
[        ] :firebase_core:mergeDebugGeneratedProguardFiles (Thread[#212,Execution worker Thread 7,5,main]) started.
[        ] > Task :firebase_core:mergeDebugGeneratedProguardFiles UP-TO-DATE
[        ] Caching disabled for task ':firebase_core:mergeDebugGeneratedProguardFiles' because:
[        ]   Build cache is disabled
[        ]   Simple merging task
[        ] Skipping task ':firebase_core:mergeDebugGeneratedProguardFiles' as it is up-to-date.
[        ] Resolve mutations for :firebase_core:mergeDebugConsumerProguardFiles (Thread[#212,Execution worker Thread 7,5,main]) started.
[        ] :firebase_core:mergeDebugConsumerProguardFiles (Thread[#212,Execution worker Thread 7,5,main]) started.
[        ] > Task :firebase_core:mergeDebugConsumerProguardFiles UP-TO-DATE
[        ] Caching disabled for task ':firebase_core:mergeDebugConsumerProguardFiles' because:
[        ]   Build cache is disabled
[        ]   Simple merging task
[        ] Skipping task ':firebase_core:mergeDebugConsumerProguardFiles' as it is up-to-date.
[        ] Resolve mutations for :firebase_core:prepareDebugArtProfile (Thread[#212,Execution worker Thread 7,5,main]) started.
[        ] :firebase_core:prepareDebugArtProfile (Thread[#212,Execution worker Thread 7,5,main]) started.
[        ] > Task :firebase_core:prepareDebugArtProfile UP-TO-DATE
[   +1 ms] Caching disabled for task ':firebase_core:prepareDebugArtProfile' because:
[        ]   Build cache is disabled
[        ]   Caching has been disabled for the task
[        ] Skipping task ':firebase_core:prepareDebugArtProfile' as it is up-to-date.
[   +4 ms] Resolve mutations for :firebase_core:prepareLintJarForPublish (Thread[#212,Execution worker Thread 7,5,main]) started.
[        ] :firebase_core:prepareLintJarForPublish (Thread[#206,Execution worker,5,main]) started.
[        ] > Task :firebase_core:prepareLintJarForPublish UP-TO-DATE
[        ] Caching disabled for task ':firebase_core:prepareLintJarForPublish' because:
[        ]   Build cache is disabled
[        ]   Caching has been disabled for the task
[  +11 ms] Skipping task ':firebase_core:prepareLintJarForPublish' as it is up-to-date.
[        ] Resolve mutations for :firebase_core:mergeDebugJavaResource (Thread[#206,Execution worker,5,main]) started.
[        ] :firebase_core:mergeDebugJavaResource (Thread[#206,Execution worker,5,main]) started.
[        ] > Task :firebase_core:mergeDebugJavaResource UP-TO-DATE
[        ] Caching disabled for task ':firebase_core:mergeDebugJavaResource' because:
[        ]   Build cache is disabled
[        ]   Caching has been disabled for the task
[        ] Skipping task ':firebase_core:mergeDebugJavaResource' as it is up-to-date.
[   +3 ms] Resolve mutations for :firebase_core:syncDebugLibJars (Thread[#206,Execution worker,5,main]) started.
[        ] :firebase_core:syncDebugLibJars (Thread[#206,Execution worker,5,main]) started.
[        ] > Task :firebase_core:syncDebugLibJars UP-TO-DATE
[        ] Caching disabled for task ':firebase_core:syncDebugLibJars' because:
[        ]   Build cache is disabled
[        ] Skipping task ':firebase_core:syncDebugLibJars' as it is up-to-date.
[        ] Resolve mutations for :firebase_core:bundleDebugAar (Thread[#206,Execution worker,5,main]) started.
[        ] :firebase_core:bundleDebugAar (Thread[#206,Execution worker,5,main]) started.
[        ] > Task :firebase_core:bundleDebugAar UP-TO-DATE
[   +2 ms] Caching disabled for task ':firebase_core:bundleDebugAar' because:
[        ]   Build cache is disabled
[        ]   Caching has been disabled for the task
[        ] Skipping task ':firebase_core:bundleDebugAar' as it is up-to-date.
[        ] Resolve mutations for :firebase_core:assembleDebug (Thread[#206,Execution worker,5,main]) started.
[        ] :firebase_core:assembleDebug (Thread[#206,Execution worker,5,main]) started.
[        ] > Task :firebase_core:assembleDebug UP-TO-DATE
[        ] Skipping task ':firebase_core:assembleDebug' as it has no actions.
[        ] Resolve mutations for :firebase_storage:stripDebugDebugSymbols (Thread[#206,Execution worker,5,main]) started.
[        ] :firebase_storage:stripDebugDebugSymbols (Thread[#206,Execution worker,5,main]) started.
[        ] > Task :firebase_storage:stripDebugDebugSymbols NO-SOURCE
[        ] Skipping task ':firebase_storage:stripDebugDebugSymbols' as it has no source files and no previous output files.
[        ] Resolve mutations for :firebase_storage:copyDebugJniLibsProjectAndLocalJars (Thread[#206,Execution worker,5,main]) started.
[        ] :firebase_storage:copyDebugJniLibsProjectAndLocalJars (Thread[#206,Execution worker,5,main]) started.
[        ] > Task :firebase_storage:copyDebugJniLibsProjectAndLocalJars UP-TO-DATE
[        ] Caching disabled for task ':firebase_storage:copyDebugJniLibsProjectAndLocalJars' because:
[   +6 ms]   Build cache is disabled
[        ]   Caching has been disabled for the task
[        ] Skipping task ':firebase_storage:copyDebugJniLibsProjectAndLocalJars' as it is up-to-date.
[        ] Resolve mutations for :firebase_storage:extractDebugAnnotations (Thread[#206,Execution worker,5,main]) started.
[        ] :firebase_storage:extractDebugAnnotations (Thread[#206,Execution worker,5,main]) started.
[        ] > Task :firebase_storage:extractDebugAnnotations UP-TO-DATE
[        ] Caching disabled for task ':firebase_storage:extractDebugAnnotations' because:
[   +3 ms]   Build cache is disabled
[        ] Skipping task ':firebase_storage:extractDebugAnnotations' as it is up-to-date.
[  +28 ms] Resolve mutations for :firebase_storage:extractDeepLinksForAarDebug (Thread[#206,Execution worker,5,main]) started.
[        ] :firebase_storage:extractDeepLinksForAarDebug (Thread[#206,Execution worker,5,main]) started.
[        ] > Task :firebase_storage:extractDeepLinksForAarDebug UP-TO-DATE
[        ] Caching disabled for task ':firebase_storage:extractDeepLinksForAarDebug' because:
[        ]   Build cache is disabled
[        ] Skipping task ':firebase_storage:extractDeepLinksForAarDebug' as it is up-to-date.
[        ] Resolve mutations for :firebase_storage:mergeDebugGeneratedProguardFiles (Thread[#206,Execution worker,5,main]) started.
[        ] :firebase_storage:mergeDebugGeneratedProguardFiles (Thread[#206,Execution worker,5,main]) started.
[   +3 ms] > Task :firebase_storage:mergeDebugGeneratedProguardFiles UP-TO-DATE
[        ] Caching disabled for task ':firebase_storage:mergeDebugGeneratedProguardFiles' because:
[        ]   Build cache is disabled
[        ]   Simple merging task
[        ] Skipping task ':firebase_storage:mergeDebugGeneratedProguardFiles' as it is up-to-date.
[        ] Resolve mutations for :firebase_storage:mergeDebugConsumerProguardFiles (Thread[#206,Execution worker,5,main]) started.
[   +2 ms] :firebase_storage:mergeDebugConsumerProguardFiles (Thread[#206,Execution worker,5,main]) started.
[        ] > Task :firebase_storage:mergeDebugConsumerProguardFiles UP-TO-DATE
[   +1 ms] Caching disabled for task ':firebase_storage:mergeDebugConsumerProguardFiles' because:
[        ]   Build cache is disabled
[        ]   Simple merging task
[        ] Skipping task ':firebase_storage:mergeDebugConsumerProguardFiles' as it is up-to-date.
[        ] Resolve mutations for :firebase_storage:prepareDebugArtProfile (Thread[#206,Execution worker,5,main]) started.
[        ] :firebase_storage:prepareDebugArtProfile (Thread[#206,Execution worker,5,main]) started.
[   +2 ms] > Task :firebase_storage:prepareDebugArtProfile UP-TO-DATE
[        ] Caching disabled for task ':firebase_storage:prepareDebugArtProfile' because:
[        ]   Build cache is disabled
[        ]   Caching has been disabled for the task
[        ] Skipping task ':firebase_storage:prepareDebugArtProfile' as it is up-to-date.
[        ] Resolve mutations for :firebase_storage:prepareLintJarForPublish (Thread[#206,Execution worker,5,main]) started.
[        ] :firebase_storage:prepareLintJarForPublish (Thread[#206,Execution worker,5,main]) started.
[        ] > Task :firebase_storage:prepareLintJarForPublish UP-TO-DATE
[        ] Caching disabled for task ':firebase_storage:prepareLintJarForPublish' because:
[        ]   Build cache is disabled
[        ]   Caching has been disabled for the task
[        ] Skipping task ':firebase_storage:prepareLintJarForPublish' as it is up-to-date.
[        ] Resolve mutations for :firebase_storage:mergeDebugJavaResource (Thread[#206,Execution worker,5,main]) started.
[        ] :firebase_storage:mergeDebugJavaResource (Thread[#206,Execution worker,5,main]) started.
[        ] > Task :firebase_storage:mergeDebugJavaResource UP-TO-DATE
[        ] Caching disabled for task ':firebase_storage:mergeDebugJavaResource' because:
[        ]   Build cache is disabled
[        ]   Caching has been disabled for the task
[        ] Skipping task ':firebase_storage:mergeDebugJavaResource' as it is up-to-date.
[        ] Resolve mutations for :firebase_storage:syncDebugLibJars (Thread[#206,Execution worker,5,main]) started.
[        ] :firebase_storage:syncDebugLibJars (Thread[#206,Execution worker,5,main]) started.
[        ] > Task :firebase_storage:syncDebugLibJars UP-TO-DATE
[        ] Caching disabled for task ':firebase_storage:syncDebugLibJars' because:
[        ]   Build cache is disabled
[        ] Skipping task ':firebase_storage:syncDebugLibJars' as it is up-to-date.
[        ] Resolve mutations for :firebase_storage:bundleDebugAar (Thread[#206,Execution worker,5,main]) started.
[   +4 ms] :firebase_storage:bundleDebugAar (Thread[#206,Execution worker,5,main]) started.
[        ] > Task :firebase_storage:bundleDebugAar UP-TO-DATE
[        ] Caching disabled for task ':firebase_storage:bundleDebugAar' because:
[        ]   Build cache is disabled
[        ]   Caching has been disabled for the task
[        ] Skipping task ':firebase_storage:bundleDebugAar' as it is up-to-date.
[        ] Resolve mutations for :firebase_storage:assembleDebug (Thread[#206,Execution worker,5,main]) started.
[        ] :firebase_storage:assembleDebug (Thread[#206,Execution worker,5,main]) started.
[        ] > Task :firebase_storage:assembleDebug UP-TO-DATE
[        ] Skipping task ':firebase_storage:assembleDebug' as it has no actions.
[        ] Resolve mutations for :flutter_plugin_android_lifecycle:stripDebugDebugSymbols (Thread[#206,Execution worker,5,main]) started.
[        ] :flutter_plugin_android_lifecycle:stripDebugDebugSymbols (Thread[#206,Execution worker,5,main]) started.
[        ] > Task :flutter_plugin_android_lifecycle:stripDebugDebugSymbols NO-SOURCE
[   +3 ms] Skipping task ':flutter_plugin_android_lifecycle:stripDebugDebugSymbols' as it has no source files and no previous output files.
[   +3 ms] Resolve mutations for :flutter_plugin_android_lifecycle:copyDebugJniLibsProjectAndLocalJars (Thread[#206,Execution worker,5,main]) started.
[        ] :flutter_plugin_android_lifecycle:copyDebugJniLibsProjectAndLocalJars (Thread[#206,Execution worker,5,main]) started.
[        ] > Task :flutter_plugin_android_lifecycle:copyDebugJniLibsProjectAndLocalJars UP-TO-DATE
[        ] Caching disabled for task ':flutter_plugin_android_lifecycle:copyDebugJniLibsProjectAndLocalJars' because:
[        ]   Build cache is disabled
[   +3 ms]   Caching has been disabled for the task
[   +6 ms] Skipping task ':flutter_plugin_android_lifecycle:copyDebugJniLibsProjectAndLocalJars' as it is up-to-date.
[        ] Resolve mutations for :flutter_plugin_android_lifecycle:extractDebugAnnotations (Thread[#206,Execution worker,5,main]) started.
[   +3 ms] :flutter_plugin_android_lifecycle:extractDebugAnnotations (Thread[#206,Execution worker,5,main]) started.
[        ] > Task :flutter_plugin_android_lifecycle:extractDebugAnnotations UP-TO-DATE
[        ] Caching disabled for task ':flutter_plugin_android_lifecycle:extractDebugAnnotations' because:
[        ]   Build cache is disabled
[        ] Skipping task ':flutter_plugin_android_lifecycle:extractDebugAnnotations' as it is up-to-date.
[        ] Resolve mutations for :flutter_plugin_android_lifecycle:extractDeepLinksForAarDebug (Thread[#206,Execution worker,5,main]) started.
[        ] :flutter_plugin_android_lifecycle:extractDeepLinksForAarDebug (Thread[#206,Execution worker,5,main]) started.
[        ] > Task :flutter_plugin_android_lifecycle:extractDeepLinksForAarDebug UP-TO-DATE
[        ] Caching disabled for task ':flutter_plugin_android_lifecycle:extractDeepLinksForAarDebug' because:
[        ]   Build cache is disabled
[   +1 ms] Skipping task ':flutter_plugin_android_lifecycle:extractDeepLinksForAarDebug' as it is up-to-date.
[        ] Resolve mutations for :flutter_plugin_android_lifecycle:mergeDebugGeneratedProguardFiles (Thread[#206,Execution worker,5,main]) started.
[        ] :flutter_plugin_android_lifecycle:mergeDebugGeneratedProguardFiles (Thread[#206,Execution worker,5,main]) started.
[  +14 ms] > Task :flutter_plugin_android_lifecycle:mergeDebugGeneratedProguardFiles UP-TO-DATE
[   +3 ms] Caching disabled for task ':flutter_plugin_android_lifecycle:mergeDebugGeneratedProguardFiles' because:
[  +29 ms]   Build cache is disabled
[        ]   Simple merging task
[        ] Skipping task ':flutter_plugin_android_lifecycle:mergeDebugGeneratedProguardFiles' as it is up-to-date.
[        ] Resolve mutations for :flutter_plugin_android_lifecycle:mergeDebugConsumerProguardFiles (Thread[#206,Execution worker,5,main]) started.
[        ] :flutter_plugin_android_lifecycle:mergeDebugConsumerProguardFiles (Thread[#206,Execution worker,5,main]) started.
[   +6 ms] > Task :flutter_plugin_android_lifecycle:mergeDebugConsumerProguardFiles UP-TO-DATE
[        ] Caching disabled for task ':flutter_plugin_android_lifecycle:mergeDebugConsumerProguardFiles' because:
[        ]   Build cache is disabled
[        ]   Simple merging task
[        ] Skipping task ':flutter_plugin_android_lifecycle:mergeDebugConsumerProguardFiles' as it is up-to-date.
[        ] Resolve mutations for :flutter_plugin_android_lifecycle:prepareDebugArtProfile (Thread[#206,Execution worker,5,main]) started.
[        ] :flutter_plugin_android_lifecycle:prepareDebugArtProfile (Thread[#206,Execution worker,5,main]) started.
[        ] > Task :flutter_plugin_android_lifecycle:prepareDebugArtProfile UP-TO-DATE
[        ] Caching disabled for task ':flutter_plugin_android_lifecycle:prepareDebugArtProfile' because:
[   +2 ms]   Build cache is disabled
[        ]   Caching has been disabled for the task
[        ] Skipping task ':flutter_plugin_android_lifecycle:prepareDebugArtProfile' as it is up-to-date.
[        ] Resolve mutations for :flutter_plugin_android_lifecycle:prepareLintJarForPublish (Thread[#206,Execution worker,5,main]) started.
[        ] :flutter_plugin_android_lifecycle:prepareLintJarForPublish (Thread[#206,Execution worker,5,main]) started.
[        ] > Task :flutter_plugin_android_lifecycle:prepareLintJarForPublish UP-TO-DATE
[   +1 ms] Caching disabled for task ':flutter_plugin_android_lifecycle:prepareLintJarForPublish' because:
[        ]   Build cache is disabled
[        ]   Caching has been disabled for the task
[        ] Skipping task ':flutter_plugin_android_lifecycle:prepareLintJarForPublish' as it is up-to-date.
[        ] Resolve mutations for :flutter_plugin_android_lifecycle:mergeDebugJavaResource (Thread[#206,Execution worker,5,main]) started.
[        ] :flutter_plugin_android_lifecycle:mergeDebugJavaResource (Thread[#206,Execution worker,5,main]) started.
[        ] > Task :flutter_plugin_android_lifecycle:mergeDebugJavaResource UP-TO-DATE
[        ] Caching disabled for task ':flutter_plugin_android_lifecycle:mergeDebugJavaResource' because:
[        ]   Build cache is disabled
[        ]   Caching has been disabled for the task
[        ] Skipping task ':flutter_plugin_android_lifecycle:mergeDebugJavaResource' as it is up-to-date.
[        ] Resolve mutations for :flutter_plugin_android_lifecycle:syncDebugLibJars (Thread[#206,Execution worker,5,main]) started.
[        ] :flutter_plugin_android_lifecycle:syncDebugLibJars (Thread[#206,Execution worker,5,main]) started.
[        ] > Task :flutter_plugin_android_lifecycle:syncDebugLibJars UP-TO-DATE
[        ] Caching disabled for task ':flutter_plugin_android_lifecycle:syncDebugLibJars' because:
[        ]   Build cache is disabled
[        ] Skipping task ':flutter_plugin_android_lifecycle:syncDebugLibJars' as it is up-to-date.
[        ] Resolve mutations for :flutter_plugin_android_lifecycle:bundleDebugAar (Thread[#206,Execution worker,5,main]) started.
[        ] :flutter_plugin_android_lifecycle:bundleDebugAar (Thread[#206,Execution worker,5,main]) started.
[        ] > Task :flutter_plugin_android_lifecycle:bundleDebugAar UP-TO-DATE
[        ] Caching disabled for task ':flutter_plugin_android_lifecycle:bundleDebugAar' because:
[        ]   Build cache is disabled
[        ]   Caching has been disabled for the task
[        ] Skipping task ':flutter_plugin_android_lifecycle:bundleDebugAar' as it is up-to-date.
[        ] Resolve mutations for :flutter_plugin_android_lifecycle:assembleDebug (Thread[#206,Execution worker,5,main]) started.
[        ] :flutter_plugin_android_lifecycle:assembleDebug (Thread[#206,Execution worker,5,main]) started.
[        ] > Task :flutter_plugin_android_lifecycle:assembleDebug UP-TO-DATE
[        ] Skipping task ':flutter_plugin_android_lifecycle:assembleDebug' as it has no actions.
[        ] Resolve mutations for :path_provider_android:stripDebugDebugSymbols (Thread[#206,Execution worker,5,main]) started.
[  +20 ms] :path_provider_android:stripDebugDebugSymbols (Thread[#206,Execution worker,5,main]) started.
[  +54 ms] > Task :path_provider_android:stripDebugDebugSymbols NO-SOURCE
[        ] Skipping task ':path_provider_android:stripDebugDebugSymbols' as it has no source files and no previous output files.
[   +2 ms] Resolve mutations for :path_provider_android:copyDebugJniLibsProjectAndLocalJars (Thread[#206,Execution worker,5,main]) started.
[        ] :path_provider_android:copyDebugJniLibsProjectAndLocalJars (Thread[#206,Execution worker,5,main]) started.
[   +4 ms] > Task :path_provider_android:copyDebugJniLibsProjectAndLocalJars UP-TO-DATE
[        ] Caching disabled for task ':path_provider_android:copyDebugJniLibsProjectAndLocalJars' because:
[   +4 ms]   Build cache is disabled
[        ]   Caching has been disabled for the task
[        ] Skipping task ':path_provider_android:copyDebugJniLibsProjectAndLocalJars' as it is up-to-date.
[        ] Resolve mutations for :path_provider_android:extractDebugAnnotations (Thread[#206,Execution worker,5,main]) started.
[        ] :path_provider_android:extractDebugAnnotations (Thread[#206,Execution worker,5,main]) started.
[   +1 ms] > Task :path_provider_android:extractDebugAnnotations UP-TO-DATE
[        ] Caching disabled for task ':path_provider_android:extractDebugAnnotations' because:
[        ]   Build cache is disabled
[        ] Skipping task ':path_provider_android:extractDebugAnnotations' as it is up-to-date.
[   +3 ms] Resolve mutations for :path_provider_android:extractDeepLinksForAarDebug (Thread[#206,Execution worker,5,main]) started.
[        ] :path_provider_android:extractDeepLinksForAarDebug (Thread[#206,Execution worker,5,main]) started.
[        ] > Task :path_provider_android:extractDeepLinksForAarDebug UP-TO-DATE
[        ] Caching disabled for task ':path_provider_android:extractDeepLinksForAarDebug' because:
[   +2 ms]   Build cache is disabled
[        ] Skipping task ':path_provider_android:extractDeepLinksForAarDebug' as it is up-to-date.
[        ] Resolve mutations for :path_provider_android:mergeDebugGeneratedProguardFiles (Thread[#212,Execution worker Thread 7,5,main]) started.
[        ] :path_provider_android:mergeDebugGeneratedProguardFiles (Thread[#212,Execution worker Thread 7,5,main]) started.
[        ] > Task :path_provider_android:mergeDebugGeneratedProguardFiles UP-TO-DATE
[        ] Caching disabled for task ':path_provider_android:mergeDebugGeneratedProguardFiles' because:
[        ]   Build cache is disabled
[        ]   Simple merging task
[        ] Skipping task ':path_provider_android:mergeDebugGeneratedProguardFiles' as it is up-to-date.
[   +3 ms] Resolve mutations for :path_provider_android:mergeDebugConsumerProguardFiles (Thread[#212,Execution worker Thread 7,5,main]) started.
[   +2 ms] :path_provider_android:mergeDebugConsumerProguardFiles (Thread[#212,Execution worker Thread 7,5,main]) started.
[        ] > Task :path_provider_android:mergeDebugConsumerProguardFiles UP-TO-DATE
[   +8 ms] Caching disabled for task ':path_provider_android:mergeDebugConsumerProguardFiles' because:
[        ]   Build cache is disabled
[        ]   Simple merging task
[        ] Skipping task ':path_provider_android:mergeDebugConsumerProguardFiles' as it is up-to-date.
[        ] Resolve mutations for :path_provider_android:prepareDebugArtProfile (Thread[#212,Execution worker Thread 7,5,main]) started.
[        ] :path_provider_android:prepareDebugArtProfile (Thread[#212,Execution worker Thread 7,5,main]) started.
[        ] > Task :path_provider_android:prepareDebugArtProfile UP-TO-DATE
[        ] Caching disabled for task ':path_provider_android:prepareDebugArtProfile' because:
[        ]   Build cache is disabled
[        ]   Caching has been disabled for the task
[        ] Skipping task ':path_provider_android:prepareDebugArtProfile' as it is up-to-date.
[        ] Resolve mutations for :path_provider_android:prepareLintJarForPublish (Thread[#212,Execution worker Thread 7,5,main]) started.
[        ] :path_provider_android:prepareLintJarForPublish (Thread[#212,Execution worker Thread 7,5,main]) started.
[        ] > Task :path_provider_android:prepareLintJarForPublish UP-TO-DATE
[        ] Caching disabled for task ':path_provider_android:prepareLintJarForPublish' because:
[        ]   Build cache is disabled
[        ]   Caching has been disabled for the task
[        ] Skipping task ':path_provider_android:prepareLintJarForPublish' as it is up-to-date.
[   +2 ms] Resolve mutations for :path_provider_android:mergeDebugJavaResource (Thread[#212,Execution worker Thread 7,5,main]) started.
[        ] :path_provider_android:mergeDebugJavaResource (Thread[#212,Execution worker Thread 7,5,main]) started.
[        ] > Task :path_provider_android:mergeDebugJavaResource UP-TO-DATE
[        ] Caching disabled for task ':path_provider_android:mergeDebugJavaResource' because:
[        ]   Build cache is disabled
[   +1 ms]   Caching has been disabled for the task
[        ] Skipping task ':path_provider_android:mergeDebugJavaResource' as it is up-to-date.
[        ] Resolve mutations for :path_provider_android:syncDebugLibJars (Thread[#212,Execution worker Thread 7,5,main]) started.
[   +2 ms] :path_provider_android:syncDebugLibJars (Thread[#212,Execution worker Thread 7,5,main]) started.
[        ] > Task :path_provider_android:syncDebugLibJars UP-TO-DATE
[        ] Caching disabled for task ':path_provider_android:syncDebugLibJars' because:
[        ]   Build cache is disabled
[        ] Skipping task ':path_provider_android:syncDebugLibJars' as it is up-to-date.
[        ] Resolve mutations for :path_provider_android:bundleDebugAar (Thread[#212,Execution worker Thread 7,5,main]) started.
[        ] :path_provider_android:bundleDebugAar (Thread[#212,Execution worker Thread 7,5,main]) started.
[        ] > Task :path_provider_android:bundleDebugAar UP-TO-DATE
[        ] Caching disabled for task ':path_provider_android:bundleDebugAar' because:
[        ]   Build cache is disabled
[   +1 ms]   Caching has been disabled for the task
[        ] Skipping task ':path_provider_android:bundleDebugAar' as it is up-to-date.
[        ] Resolve mutations for :path_provider_android:assembleDebug (Thread[#212,Execution worker Thread 7,5,main]) started.
[        ] :path_provider_android:assembleDebug (Thread[#212,Execution worker Thread 7,5,main]) started.
[        ] > Task :path_provider_android:assembleDebug UP-TO-DATE
[        ] Skipping task ':path_provider_android:assembleDebug' as it has no actions.
[   +2 ms] Resolve mutations for :sqflite_android:stripDebugDebugSymbols (Thread[#212,Execution worker Thread 7,5,main]) started.
[   +1 ms] :sqflite_android:stripDebugDebugSymbols (Thread[#212,Execution worker Thread 7,5,main]) started.
[        ] > Task :sqflite_android:stripDebugDebugSymbols NO-SOURCE
[        ] Skipping task ':sqflite_android:stripDebugDebugSymbols' as it has no source files and no previous output files.
[   +2 ms] Resolve mutations for :sqflite_android:copyDebugJniLibsProjectAndLocalJars (Thread[#212,Execution worker Thread 7,5,main]) started.
[        ] :sqflite_android:copyDebugJniLibsProjectAndLocalJars (Thread[#212,Execution worker Thread 7,5,main]) started.
[        ] > Task :sqflite_android:copyDebugJniLibsProjectAndLocalJars UP-TO-DATE
[        ] Caching disabled for task ':sqflite_android:copyDebugJniLibsProjectAndLocalJars' because:
[        ]   Build cache is disabled
[        ]   Caching has been disabled for the task
[        ] Skipping task ':sqflite_android:copyDebugJniLibsProjectAndLocalJars' as it is up-to-date.
[        ] Resolve mutations for :sqflite_android:extractDebugAnnotations (Thread[#212,Execution worker Thread 7,5,main]) started.
[        ] :sqflite_android:extractDebugAnnotations (Thread[#212,Execution worker Thread 7,5,main]) started.
[        ] > Task :sqflite_android:extractDebugAnnotations UP-TO-DATE
[        ] Caching disabled for task ':sqflite_android:extractDebugAnnotations' because:
[        ]   Build cache is disabled
[        ] Skipping task ':sqflite_android:extractDebugAnnotations' as it is up-to-date.
[        ] Resolve mutations for :sqflite_android:extractDeepLinksForAarDebug (Thread[#212,Execution worker Thread 7,5,main]) started.
[        ] :sqflite_android:extractDeepLinksForAarDebug (Thread[#212,Execution worker Thread 7,5,main]) started.
[        ] > Task :sqflite_android:extractDeepLinksForAarDebug UP-TO-DATE
[        ] Caching disabled for task ':sqflite_android:extractDeepLinksForAarDebug' because:
[        ]   Build cache is disabled
[        ] Skipping task ':sqflite_android:extractDeepLinksForAarDebug' as it is up-to-date.
[        ] Resolve mutations for :sqflite_android:mergeDebugGeneratedProguardFiles (Thread[#212,Execution worker Thread 7,5,main]) started.
[        ] :sqflite_android:mergeDebugGeneratedProguardFiles (Thread[#212,Execution worker Thread 7,5,main]) started.
[        ] > Task :sqflite_android:mergeDebugGeneratedProguardFiles UP-TO-DATE
[        ] Caching disabled for task ':sqflite_android:mergeDebugGeneratedProguardFiles' because:
[        ]   Build cache is disabled
[        ]   Simple merging task
[        ] Skipping task ':sqflite_android:mergeDebugGeneratedProguardFiles' as it is up-to-date.
[   +2 ms] Resolve mutations for :sqflite_android:mergeDebugConsumerProguardFiles (Thread[#212,Execution worker Thread 7,5,main]) started.
[        ] :sqflite_android:mergeDebugConsumerProguardFiles (Thread[#212,Execution worker Thread 7,5,main]) started.
[        ] > Task :sqflite_android:mergeDebugConsumerProguardFiles UP-TO-DATE
[        ] Caching disabled for task ':sqflite_android:mergeDebugConsumerProguardFiles' because:
[        ]   Build cache is disabled
[        ]   Simple merging task
[        ] Skipping task ':sqflite_android:mergeDebugConsumerProguardFiles' as it is up-to-date.
[        ] Resolve mutations for :sqflite_android:prepareDebugArtProfile (Thread[#212,Execution worker Thread 7,5,main]) started.
[        ] :sqflite_android:prepareDebugArtProfile (Thread[#212,Execution worker Thread 7,5,main]) started.
[        ] > Task :sqflite_android:prepareDebugArtProfile UP-TO-DATE
[        ] Caching disabled for task ':sqflite_android:prepareDebugArtProfile' because:
[        ]   Build cache is disabled
[        ]   Caching has been disabled for the task
[        ] Skipping task ':sqflite_android:prepareDebugArtProfile' as it is up-to-date.
[        ] Resolve mutations for :sqflite_android:prepareLintJarForPublish (Thread[#212,Execution worker Thread 7,5,main]) started.
[        ] :sqflite_android:prepareLintJarForPublish (Thread[#212,Execution worker Thread 7,5,main]) started.
[        ] > Task :sqflite_android:prepareLintJarForPublish UP-TO-DATE
[        ] Caching disabled for task ':sqflite_android:prepareLintJarForPublish' because:
[        ]   Build cache is disabled
[        ]   Caching has been disabled for the task
[        ] Skipping task ':sqflite_android:prepareLintJarForPublish' as it is up-to-date.
[        ] Resolve mutations for :sqflite_android:mergeDebugJavaResource (Thread[#212,Execution worker Thread 7,5,main]) started.
[        ] :sqflite_android:mergeDebugJavaResource (Thread[#212,Execution worker Thread 7,5,main]) started.
[        ] > Task :sqflite_android:mergeDebugJavaResource UP-TO-DATE
[   +2 ms] Caching disabled for task ':sqflite_android:mergeDebugJavaResource' because:
[        ]   Build cache is disabled
[   +2 ms]   Caching has been disabled for the task
[        ] Skipping task ':sqflite_android:mergeDebugJavaResource' as it is up-to-date.
[        ] Resolve mutations for :sqflite_android:syncDebugLibJars (Thread[#212,Execution worker Thread 7,5,main]) started.
[   +4 ms] :sqflite_android:syncDebugLibJars (Thread[#212,Execution worker Thread 7,5,main]) started.
[        ] > Task :sqflite_android:syncDebugLibJars UP-TO-DATE
[        ] Caching disabled for task ':sqflite_android:syncDebugLibJars' because:
[        ]   Build cache is disabled
[        ] Skipping task ':sqflite_android:syncDebugLibJars' as it is up-to-date.
[        ] Resolve mutations for :sqflite_android:bundleDebugAar (Thread[#212,Execution worker Thread 7,5,main]) started.
[        ] :sqflite_android:bundleDebugAar (Thread[#212,Execution worker Thread 7,5,main]) started.
[        ] > Task :sqflite_android:bundleDebugAar UP-TO-DATE
[        ] Caching disabled for task ':sqflite_android:bundleDebugAar' because:
[        ]   Build cache is disabled
[        ]   Caching has been disabled for the task
[        ] Skipping task ':sqflite_android:bundleDebugAar' as it is up-to-date.
[        ] Resolve mutations for :sqflite_android:assembleDebug (Thread[#212,Execution worker Thread 7,5,main]) started.
[        ] :sqflite_android:assembleDebug (Thread[#212,Execution worker Thread 7,5,main]) started.
[   +1 ms] > Task :sqflite_android:assembleDebug UP-TO-DATE
[        ] Skipping task ':sqflite_android:assembleDebug' as it has no actions.
[ +925 ms] > Task :app:compileDebugKotlin
[        ] Finished executing kotlin compiler using DAEMON strategy
[        ] Resolve mutations for :app:compileDebugJavaWithJavac (Thread[#211,Execution worker Thread 6,5,main]) started.
[        ] :app:compileDebugJavaWithJavac (Thread[#211,Execution worker Thread 6,5,main]) started.
[ +609 ms] > Task :app:compileDebugJavaWithJavac UP-TO-DATE
[   +3 ms] Custom actions are attached to task ':app:compileDebugJavaWithJavac'.
[        ] Caching disabled for task ':app:compileDebugJavaWithJavac' because:
[        ]   Build cache is disabled
[        ] Task ':app:compileDebugJavaWithJavac' is not up-to-date because:
[   +6 ms]   Input property 'classpath' file C:\Users\HH\.gradle\caches\modules-2\files-2.1\org.jetbrains\annotations\23.0.0\8cc20c07506ec18e0834947b84a864bfc094484e\annotations-23.0.0.jar has been removed.
[        ]   Input property 'classpath' file C:\Users\HH\.gradle\caches\modules-2\files-2.1\io.flutter\arm64_v8a_debug\1.0.0-cb467e31a54207dc987aca5bb0941c4d2e3fd9ed\c48a643e8793105dc5f988e1ab9fa2456bf9f801\arm64_v8a_debug-1.0.0-cb467e31a54207dc987aca5bb0941c4d2e3fd9ed.jar has been added.
[        ]   Input property 'classpath' file C:\Users\HH\.gradle\caches\8.14\transforms\66a55c9302b8dacfca4a88d55f2bb41c\transformed\startup-runtime-1.1.1-api.jar has been removed.
[        ]   and more...
[        ] Compilation mode: in-process compilation
[        ] Created classpath snapshot for incremental compilation in 0.236 secs.
[        ] None of the classes needs to be compiled! Analysis took 0.367 secs. 
[   +3 ms] Resolve mutations for :app:dexBuilderDebug (Thread[#211,Execution worker Thread 6,5,main]) started.
[        ] :app:dexBuilderDebug (Thread[#211,Execution worker Thread 6,5,main]) started.
[        ] > Task :app:dexBuilderDebug UP-TO-DATE
[        ] Caching disabled for task ':app:dexBuilderDebug' because:
[        ]   Build cache is disabled
[        ] Skipping task ':app:dexBuilderDebug' as it is up-to-date.
[   +2 ms] Resolve mutations for :app:mergeDebugGlobalSynthetics (Thread[#211,Execution worker Thread 6,5,main]) started.
[        ] :app:mergeDebugGlobalSynthetics (Thread[#211,Execution worker Thread 6,5,main]) started.
[  +74 ms] > Task :app:mergeDebugGlobalSynthetics UP-TO-DATE
[        ] Caching disabled for DexingOutputSplitTransform: C:\Users\HH\.gradle\caches\8.14\transforms\3e6867558167d47010e1cb2f514c5c08\transformed\armeabi_v7a_debug-1.0.0-cb467e31a54207dc987aca5bb0941c4d2e3fd9ed because:
[        ]   Build cache is disabled
[        ]   Caching not enabled.
[        ] Caching disabled for DexingOutputSplitTransform: C:\Users\HH\.gradle\caches\8.14\transforms\608f9d8f894d1fa145933d5bf44c5614\transformed\x86_64_debug-1.0.0-cb467e31a54207dc987aca5bb0941c4d2e3fd9ed because:
[        ]   Build cache is disabled
[        ]   Caching not enabled.
[        ] Caching disabled for task ':app:mergeDebugGlobalSynthetics' because:
[        ]   Build cache is disabled
[        ] Skipping task ':app:mergeDebugGlobalSynthetics' as it is up-to-date.
[        ] Resolve mutations for :app:processDebugJavaRes (Thread[#211,Execution worker Thread 6,5,main]) started.
[        ] :app:processDebugJavaRes (Thread[#211,Execution worker Thread 6,5,main]) started.
[        ] > Task :app:processDebugJavaRes UP-TO-DATE
[        ] file or directory 'D:\Project\smart-exit-app\android\app\src\main\resources', not found
[        ] file or directory 'D:\Project\smart-exit-app\android\app\src\debug\resources', not found
[        ] file or directory 'D:\Project\smart-exit-app\android\app\src\main\resources', not found
[        ] file or directory 'D:\Project\smart-exit-app\android\app\src\debug\resources', not found
[   +1 ms] Caching disabled for task ':app:processDebugJavaRes' because:
[        ]   Build cache is disabled
[        ]   Caching has been disabled for the task
[   +1 ms] Skipping task ':app:processDebugJavaRes' as it is up-to-date.
[        ] Resolve mutations for :app:mergeDebugJavaResource (Thread[#211,Execution worker Thread 6,5,main]) started.
[        ] :app:mergeDebugJavaResource (Thread[#211,Execution worker Thread 6,5,main]) started.
[+3896 ms] > Task :app:mergeDebugJavaResource
[        ] Caching disabled for task ':app:mergeDebugJavaResource' because:
[        ]   Build cache is disabled
[        ]   Caching has been disabled for the task
[        ] Task ':app:mergeDebugJavaResource' is not up-to-date because:
[        ]   Input property 'externalLibJavaRes.fileCollection' file C:\Users\HH\.gradle\caches\modules-2\files-2.1\io.flutter\armeabi_v7a_debug\1.0.0-cb467e31a54207dc987aca5bb0941c4d2e3fd9ed\1af2274d4c5d920013812014782f933ac6066c97\armeabi_v7a_debug-1.0.0-cb467e31a54207dc987aca5bb0941c4d2e3fd9ed.jar has been added.
[        ]   Input property 'externalLibJavaRes.fileCollection' file C:\Users\HH\.gradle\caches\modules-2\files-2.1\io.flutter\x86_64_debug\1.0.0-cb467e31a54207dc987aca5bb0941c4d2e3fd9ed\dcdb9b60736980adf0722e189750e8eb0229ec38\x86_64_debug-1.0.0-cb467e31a54207dc987aca5bb0941c4d2e3fd9ed.jar has been added.
[ +104 ms] Resolve mutations for :app:mergeProjectDexDebug (Thread[#212,Execution worker Thread 7,5,main]) started.
[        ] :app:mergeProjectDexDebug (Thread[#212,Execution worker Thread 7,5,main]) started.
[        ] > Task :app:mergeProjectDexDebug UP-TO-DATE
[        ] Caching disabled for task ':app:mergeProjectDexDebug' because:
[        ]   Build cache is disabled
[   +1 ms] Skipping task ':app:mergeProjectDexDebug' as it is up-to-date.
[+9497 ms] Resolve mutations for :app:stripDebugDebugSymbols (Thread[#205,included builds,5,main]) started.
[        ] :app:stripDebugDebugSymbols (Thread[#205,included builds,5,main]) started.
[ +701 ms] > Task :app:stripDebugDebugSymbols
[   +1 ms] Caching disabled for task ':app:stripDebugDebugSymbols' because:
[        ]   Build cache is disabled
[        ]   Caching has been disabled for the task
[        ] Task ':app:stripDebugDebugSymbols' is not up-to-date because:
[        ]   Input property 'inputDir' file D:\Project\smart-exit-app\build\app\intermediates\merged_native_libs\debug\mergeDebugNativeLibs\out\lib\armeabi-v7a\libflutter.so has been added.
[        ]   Input property 'inputDir' file D:\Project\smart-exit-app\build\app\intermediates\merged_native_libs\debug\mergeDebugNativeLibs\out\lib\x86_64\libflutter.so has been added.
[        ] C/C++: android.ndkVersion from module build.gradle is [28.2.13676358]
[        ] C/C++: android.ndkPath from module build.gradle is not set
[   +1 ms] C/C++: ndk.dir in local.properties is not set
[        ] C/C++: Not considering ANDROID_NDK_HOME because support was removed after deprecation period.
[        ] C/C++: android.ndkVersion from module build.gradle is [28.2.13676358]
[        ] C/C++: sdkFolder is C:\Android\Sdk
[        ] C/C++: android.ndkPath from module build.gradle is not set
[        ] C/C++: ndk.dir in local.properties is not set
[        ] C/C++: Not considering ANDROID_NDK_HOME because support was removed after deprecation period.
[        ] C/C++: sdkFolder is C:\Android\Sdk
[        ] Starting process 'command 'C:\Android\Sdk\ndk\28.2.13676358\toolchains\llvm\prebuilt\windows-x86_64\bin\llvm-strip''. Working directory: D:\Project\smart-exit-app\android\app Command: C:\Android\Sdk\ndk\28.2.13676358\toolchains\llvm\prebuilt\windows-x86_64\bin\llvm-strip --strip-unneeded -o D:\Project\smart-exit-app\build\app\intermediates\stripped_native_libs\debug\stripDebugDebugSymbols\out\lib\x86_64\libflutter.so D:\Project\smart-exit-app\build\app\intermediates\merged_native_libs\debug\mergeDebugNativeLibs\out\lib\x86_64\libflutter.so
[        ] Starting process 'command 'C:\Android\Sdk\ndk\28.2.13676358\toolchains\llvm\prebuilt\windows-x86_64\bin\llvm-strip''. Working directory: D:\Project\smart-exit-app\android\app Command: C:\Android\Sdk\ndk\28.2.13676358\toolchains\llvm\prebuilt\windows-x86_64\bin\llvm-strip --strip-unneeded -o D:\Project\smart-exit-app\build\app\intermediates\stripped_native_libs\debug\stripDebugDebugSymbols\out\lib\armeabi-v7a\libflutter.so D:\Project\smart-exit-app\build\app\intermediates\merged_native_libs\debug\mergeDebugNativeLibs\out\lib\armeabi-v7a\libflutter.so
[        ] Successfully started process 'command 'C:\Android\Sdk\ndk\28.2.13676358\toolchains\llvm\prebuilt\windows-x86_64\bin\llvm-strip''
[        ] Successfully started process 'command 'C:\Android\Sdk\ndk\28.2.13676358\toolchains\llvm\prebuilt\windows-x86_64\bin\llvm-strip''
[        ] Resolve mutations for :app:packageDebug (Thread[#205,included builds,5,main]) started.
[        ] :app:packageDebug (Thread[#205,included builds,5,main]) started.
[+1788 ms] > Task :app:packageDebug
[   +1 ms] Custom actions are attached to task ':app:packageDebug'.
[        ] Caching disabled for task ':app:packageDebug' because:
[        ]   Build cache is disabled
[        ]   Caching has been disabled for the task
[        ] Task ':app:packageDebug' is not up-to-date because:
[        ]   Input property 'jniFolders' file D:\Project\smart-exit-app\build\app\intermediates\stripped_native_libs\debug\stripDebugDebugSymbols\out\lib\x86\libdatastore_shared_counter.so has been removed.
[        ]   Input property 'jniFolders' file D:\Project\smart-exit-app\build\app\intermediates\stripped_native_libs\debug\stripDebugDebugSymbols\out\lib\armeabi-v7a\libflutter.so has been added.
[        ]   Input property 'jniFolders' file D:\Project\smart-exit-app\build\app\intermediates\stripped_native_libs\debug\stripDebugDebugSymbols\out\lib\x86_64\libdatastore_shared_counter.so has been removed.
[        ]   and more...
[        ] Resolve mutations for :app:createDebugApkListingFileRedirect (Thread[#205,included builds,5,main]) started.
[        ] :app:createDebugApkListingFileRedirect (Thread[#205,included builds,5,main]) started.
[        ] > Task :app:createDebugApkListingFileRedirect UP-TO-DATE
[        ] Caching disabled for task ':app:createDebugApkListingFileRedirect' because:
[        ]   Build cache is disabled
[        ]   Caching has been disabled for the task
[        ] Skipping task ':app:createDebugApkListingFileRedirect' as it is up-to-date.
[        ] Resolve mutations for :app:assembleDebug (Thread[#205,included builds,5,main]) started.
[        ] :app:assembleDebug (Thread[#205,included builds,5,main]) started.
[ +497 ms] > Task :app:assembleDebug
[        ] Caching disabled for task ':app:assembleDebug' because:
[        ]   Build cache is disabled
[        ] Task ':app:assembleDebug' is not up-to-date because:
[        ]   Task has not declared any outputs despite executing actions.
[  +92 ms] Build ac794b12-0a02-4b3e-90b0-0da567b2d5d7 is closed
[        ] [Incubating] Problems report is available at: file:///D:/Project/smart-exit-app/build/reports/problems/problems-report.html
[        ] Deprecated Gradle features were used in this build, making it incompatible with Gradle 9.0.
[        ] You can use '--warning-mode all' to show the individual deprecation warnings and determine if they come from your own scripts or plugins.
[        ] For more on this, please refer to https://docs.gradle.org/8.14/userguide/command_line_interface.html#sec:command_line_warnings in the Gradle documentation.
[  +91 ms] BUILD SUCCESSFUL in 13m 50s
[        ] 285 actionable tasks: 19 executed, 266 up-to-date
[ +107 ms] Watched directory hierarchies: [D:\flutter\flutter_windows_3.38.0-stable\flutter\packages\flutter_tools\gradle, D:\Project\smart-exit-app\android]
[ +491 ms] Running Gradle task 'assembleDebug'... (completed in 831.6s)
[  +52 ms] Calculate SHA1: LocalDirectory: 'D:\Project\smart-exit-app\build\app\outputs\flutter-apk'/app-debug.apk
[+2680 ms] ΓêÜ Built build\app\outputs\flutter-apk\app-debug.apk
[  +14 ms] "flutter apk" took 835,891ms.
[ +133 ms] Running 1 shutdown hook
[   +2 ms] Shutdown hooks complete
[ +265 ms] exiting with code 0
